---
http_interactions:
- request:
    method: post
    uri: https://api.contentful.com/spaces
    body:
      encoding: UTF-8
      string: '{"name":"gallery_space","defaultLocale":"en-US"}'
    headers:
      User-Agent:
      - ContentfulBootstrap/3.2.0
      Authorization:
      - Bearer foobar
      Content-Type:
      - application/vnd.contentful.management.v1+json
      Connection:
      - close
      Host:
      - api.contentful.com
  response:
    status:
      code: 201
      message: Created
    headers:
      Accept-Ranges:
      - bytes
      Access-Control-Allow-Headers:
      - Accept,Accept-Language,Authorization,Cache-Control,Content-Length,Content-Range,Content-Type,DNT,Destination,Expires,If-Match,If-Modified-Since,If-None-Match,Keep-Alive,Last-Modified,Origin,Pragma,Range,User-Agent,X-Http-Method-Override,X-Mx-ReqToken,X-Requested-With,X-Contentful-Version,X-Contentful-Content-Type,X-Contentful-Organization,X-Contentful-Skip-Transformation,X-Contentful-User-Agent
      Access-Control-Allow-Methods:
      - DELETE,GET,HEAD,POST,PUT,OPTIONS
      Access-Control-Allow-Origin:
      - "*"
      Access-Control-Expose-Headers:
      - Etag
      Access-Control-Max-Age:
      - '1728000'
      Cache-Control:
      - max-age=0
      Content-Type:
      - application/vnd.contentful.management.v1+json
      Date:
      - Fri, 22 Jul 2016 12:42:56 GMT
      Etag:
      - '"2c327edf6c4752482ca04fb0e3239758"'
      Location:
      - https://api.contentful.com/spaces/dtylzsihhqsu
      Server:
      - Contentful
      Status:
      - 201 Created
      Strict-Transport-Security:
      - max-age=15768000
      X-Content-Type-Options:
      - nosniff
      X-Contentful-Request-Id:
      - ca0267d5d816b4fde38f5e6766075eb4
      Content-Length:
      - '456'
      Connection:
      - Close
      Set-Cookie:
      - incap_ses_297_673446=8JdvFGT3F02TyJTJMCgfBNAUklcAAAAAzNL/oazJO/VyMdN9H0AG2A==;
        path=/; Domain=.contentful.com
      - nlbi_673446=SckwcZ0GVADjG2oE6lKYhQAAAABBRI1GHGpchA8q8ijEgyz/; path=/; Domain=.contentful.com
      - visid_incap_673446=4OROJbJkQ6uQWw1BL0ajDs4UklcAAAAAQUIPAAAAAADjd3ufGMNphL+bl1u799fw;
        expires=Sat, 22 Jul 2017 06:56:23 GMT; path=/; Domain=.contentful.com
      X-Iinfo:
      - 7-177327337-177327377 NNNN CT(162 160 0) RT(1469191374511 93) q(0 0 3 32)
        r(19 19) U5
      X-Cdn:
      - Incapsula
    body:
      encoding: UTF-8
      string: |+
        {
          "name":"gallery_space",
          "sys":{
            "type":"Space",
            "id":"dtylzsihhqsu",
            "version":1,
            "createdBy":{
              "sys":{
                "type":"Link",
                "linkType":"User",
                "id":"4SejVrWT96dvL9IV4Nb7sQ"
              }
            },
            "createdAt":"2016-07-22T12:42:55Z",
            "updatedBy":{
              "sys":{
                "type":"Link",
                "linkType":"User",
                "id":"4SejVrWT96dvL9IV4Nb7sQ"
              }
            },
            "updatedAt":"2016-07-22T12:42:55Z"
          }
        }

    http_version: 
  recorded_at: Fri, 22 Jul 2016 12:42:57 GMT
- request:
    method: get
    uri: https://api.contentful.com/spaces/dtylzsihhqsu/environments/master
    body:
      encoding: US-ASCII
      string: ''
    headers:
      X-Contentful-User-Agent:
      - sdk contentful-management.rb/1.8.1; integration bootstrap/3.6.1; platform
        ruby/2.4.1; os macOS/16;
      Authorization:
      - Bearer foobar
      Content-Type:
      - application/vnd.contentful.management.v1+json
      Content-Length:
      - '0'
      Connection:
      - close
      Host:
      - api.contentful.com
      User-Agent:
      - http.rb/2.2.2
  response:
    status:
      code: 200
      message: OK
    headers:
      Accept-Ranges:
      - bytes
      Access-Control-Allow-Headers:
      - Accept,Accept-Language,Authorization,Cache-Control,Content-Length,Content-Range,Content-Type,DNT,Destination,Expires,If-Match,If-Modified-Since,If-None-Match,Keep-Alive,Last-Modified,Origin,Pragma,Range,User-Agent,X-Http-Method-Override,X-Mx-ReqToken,X-Requested-With,X-Contentful-Version,X-Contentful-Content-Type,X-Contentful-Organization,X-Contentful-Skip-Transformation,X-Contentful-User-Agent,X-Contentful-Enable-Experimental-Feature
      Access-Control-Allow-Methods:
      - DELETE,GET,HEAD,POST,PUT,OPTIONS
      Access-Control-Allow-Origin:
      - "*"
      Access-Control-Expose-Headers:
      - Etag
      Access-Control-Max-Age:
      - '1728000'
      Cache-Control:
      - max-age=0
      Cf-Organization-Id:
      - 4SsuxQCaMaemfIms52Jr8s
      Cf-Space-Id:
      - dtylzsihhqsu
      Content-Type:
      - application/vnd.contentful.management.v1+json
      Date:
      - Wed, 23 Aug 2017 14:39:29 GMT
      Etag:
      - W/"2c014fd49b265333df19faf15077ad23"
      Server:
      - Contentful
      Strict-Transport-Security:
      - max-age=15768000
      X-Content-Type-Options:
      - nosniff
      X-Contentful-Request-Id:
      - 917a37ae1cf5343e6b089923cc306864
      X-Frame-Options:
      - ALLOWALL
      X-Xss-Protection:
      - 1; mode=block
      Content-Length:
      - '465'
      Connection:
      - Close
      Set-Cookie:
      - incap_ses_685_673446=cxF9Q0guCUtZ5BLquZ2BCaGTnVkAAAAAo6M+6ImkjL12BRgksm5Ycw==;
        path=/; Domain=.contentful.com
      - nlbi_673446=qgazO//8lgCNPBh/6lKYhQAAAADdCJKiN6QN6XKnlFqZhDYU; path=/; Domain=.contentful.com
      - visid_incap_673446=2CwPdSAIQPWlQo9wqlIfraGTnVkAAAAAQUIPAAAAAABpkgonlswdvW4VySG7Mwvb;
        expires=Thu, 23 Aug 2018 07:39:55 GMT; path=/; Domain=.contentful.com
      X-Iinfo:
      - 6-53963549-53963569 NNNN CT(141 141 0) RT(1503499169092 147) q(0 0 3 -1) r(5
        5) U5
      X-Cdn:
      - Incapsula
    body:
      encoding: ASCII-8BIT
      string: |+
        {
          "name":"Master",
          "sys":{
            "type":"Environment",
            "id":"master",
            "version":4,
            "createdBy":{
              "sys":{
                "type":"Link",
                "linkType":"User",
                "id":"4SejVrWT96dvL9IV4Nb7sQ"
              }
            },
            "createdAt":"2017-08-18T20:55:42Z",
            "updatedBy":{
              "sys":{
                "type":"Link",
                "linkType":"User",
                "id":"4SejVrWT96dvL9IV4Nb7sQ"
              }
            },
            "updatedAt":"2017-08-18T20:55:42Z",
            "space": {
              "sys": {
                "type": "Link",
                "linkType": "Space",
                "id": "dtylzsihhqsu"
              }
            }
          }
        }

    http_version: 
  recorded_at: Wed, 23 Aug 2017 14:39:29 GMT
- request:
    method: put
    uri: https://api.contentful.com/spaces/dtylzsihhqsu/environments/master/content_types/author
    body:
      encoding: UTF-8
      string: '{"displayField":"name","name":"Author","fields":[{"id":"name","name":"Name","type":"Symbol"}]}'
    headers:
      User-Agent:
      - ContentfulBootstrap/3.2.0
      Authorization:
      - Bearer foobar
      Content-Type:
      - application/vnd.contentful.management.v1+json
      Connection:
      - close
      Host:
      - api.contentful.com
  response:
    status:
      code: 201
      message: Created
    headers:
      Access-Control-Allow-Headers:
      - Accept,Accept-Language,Authorization,Cache-Control,Content-Length,Content-Range,Content-Type,DNT,Destination,Expires,If-Match,If-Modified-Since,If-None-Match,Keep-Alive,Last-Modified,Origin,Pragma,Range,User-Agent,X-Http-Method-Override,X-Mx-ReqToken,X-Requested-With,X-Contentful-Version,X-Contentful-Content-Type,X-Contentful-Organization,X-Contentful-Skip-Transformation,X-Contentful-User-Agent
      Access-Control-Allow-Methods:
      - DELETE,GET,HEAD,POST,PUT,OPTIONS
      Access-Control-Allow-Origin:
      - "*"
      Access-Control-Expose-Headers:
      - Etag
      Access-Control-Max-Age:
      - '1728000'
      Cf-Space-Id:
      - dtylzsihhqsu
      Content-Type:
      - application/vnd.contentful.management.v1+json
      Date:
      - Fri, 22 Jul 2016 12:43:00 GMT
      Etag:
      - '"9e6df20a0e8b2b89c2600806c1926f61"'
      Server:
      - Contentful
      Strict-Transport-Security:
      - max-age=15768000
      X-Content-Type-Options:
      - nosniff
      X-Contentful-Request-Id:
      - 298d1854540a9739ac9645e68ca2a47f
      Content-Length:
      - '847'
      Connection:
      - Close
      Set-Cookie:
      - incap_ses_297_673446=/FjXSoGmbymTyJTJMCgfBNQUklcAAAAAWyrkTYRJy+AIf5P1P8KA5w==;
        path=/; Domain=.contentful.com
      - nlbi_673446=TtJfQzj2YlXwqB5W6lKYhQAAAAAWhPkpi+cH7FU3S1gBxklJ; path=/; Domain=.contentful.com
      - visid_incap_673446=4OROJbJkQ6uQWw1BL0ajDs4UklcAAAAAQUIPAAAAAADjd3ufGMNphL+bl1u799fw;
        expires=Sat, 22 Jul 2017 06:56:23 GMT; path=/; Domain=.contentful.com
      X-Iinfo:
      - 0-79362382-79362392 NNNN CT(143 434 0) RT(1469191376719 96) q(0 0 5 2) r(33
        33) U5
      X-Cdn:
      - Incapsula
    body:
      encoding: UTF-8
      string: |
        {
          "displayField": "name",
          "name": "Author",
          "fields": [
            {
              "id": "name",
              "name": "Name",
              "type": "Symbol",
              "localized": false,
              "required": false,
              "disabled": false,
              "omitted": false,
              "validations": []
            }
          ],
          "sys": {
            "id": "author",
            "type": "ContentType",
            "version": 1,
            "createdAt": "2016-07-22T12:43:00.477Z",
            "createdBy": {
              "sys": {
                "type": "Link",
                "linkType": "User",
                "id": "4SejVrWT96dvL9IV4Nb7sQ"
              }
            },
            "space": {
              "sys": {
                "type": "Link",
                "linkType": "Space",
                "id": "dtylzsihhqsu"
              }
            },
            "updatedAt": "2016-07-22T12:43:00.477Z",
            "updatedBy": {
              "sys": {
                "type": "Link",
                "linkType": "User",
                "id": "4SejVrWT96dvL9IV4Nb7sQ"
              }
            }
          }
        }
    http_version: 
  recorded_at: Fri, 22 Jul 2016 12:43:00 GMT
- request:
    method: put
    uri: https://api.contentful.com/spaces/dtylzsihhqsu/environments/master/content_types/author/published
    body:
      encoding: US-ASCII
      string: ''
    headers:
      User-Agent:
      - ContentfulBootstrap/3.2.0
      Authorization:
      - Bearer foobar
      Content-Type:
      - application/vnd.contentful.management.v1+json
      X-Contentful-Version:
      - '1'
      Content-Length:
      - '0'
      Connection:
      - close
      Host:
      - api.contentful.com
  response:
    status:
      code: 200
      message: OK
    headers:
      Access-Control-Allow-Headers:
      - Accept,Accept-Language,Authorization,Cache-Control,Content-Length,Content-Range,Content-Type,DNT,Destination,Expires,If-Match,If-Modified-Since,If-None-Match,Keep-Alive,Last-Modified,Origin,Pragma,Range,User-Agent,X-Http-Method-Override,X-Mx-ReqToken,X-Requested-With,X-Contentful-Version,X-Contentful-Content-Type,X-Contentful-Organization,X-Contentful-Skip-Transformation,X-Contentful-User-Agent
      Access-Control-Allow-Methods:
      - DELETE,GET,HEAD,POST,PUT,OPTIONS
      Access-Control-Allow-Origin:
      - "*"
      Access-Control-Expose-Headers:
      - Etag
      Access-Control-Max-Age:
      - '1728000'
      Cf-Space-Id:
      - dtylzsihhqsu
      Content-Type:
      - application/vnd.contentful.management.v1+json
      Date:
      - Fri, 22 Jul 2016 12:43:01 GMT
      Etag:
      - '"753dd25d1a5660ce14ad12d52cac865c"'
      Server:
      - Contentful
      Strict-Transport-Security:
      - max-age=15768000
      X-Content-Type-Options:
      - nosniff
      X-Contentful-Request-Id:
      - 9fab9167e714330710ae8bef61ea460b
      Content-Length:
      - '1142'
      Connection:
      - Close
      Set-Cookie:
      - incap_ses_297_673446=3CY+U1D+eXeTyJTJMCgfBNUUklcAAAAAgoPFqRExe+VpXVoXSr/PRQ==;
        path=/; Domain=.contentful.com
      - nlbi_673446=te48Bmog6yWBzdg76lKYhQAAAAAmofksmiCY26riGNfCZvQS; path=/; Domain=.contentful.com
      - visid_incap_673446=4OROJbJkQ6uQWw1BL0ajDs4UklcAAAAAQUIPAAAAAADjd3ufGMNphL+bl1u799fw;
        expires=Sat, 22 Jul 2017 06:56:17 GMT; path=/; Domain=.contentful.com
      X-Iinfo:
      - 9-212777067-212777157 NNNN CT(162 162 0) RT(1469191380281 103) q(0 0 4 0)
        r(12 12) U5
      X-Cdn:
      - Incapsula
    body:
      encoding: UTF-8
      string: |
        {
          "displayField": "name",
          "name": "Author",
          "fields": [
            {
              "id": "name",
              "name": "Name",
              "type": "Symbol",
              "localized": false,
              "required": false,
              "disabled": false,
              "omitted": false,
              "validations": []
            }
          ],
          "sys": {
            "id": "author",
            "type": "ContentType",
            "createdAt": "2016-07-22T12:43:00.477Z",
            "createdBy": {
              "sys": {
                "type": "Link",
                "linkType": "User",
                "id": "4SejVrWT96dvL9IV4Nb7sQ"
              }
            },
            "space": {
              "sys": {
                "type": "Link",
                "linkType": "Space",
                "id": "dtylzsihhqsu"
              }
            },
            "version": 2,
            "updatedAt": "2016-07-22T12:43:01.255Z",
            "updatedBy": {
              "sys": {
                "type": "Link",
                "linkType": "User",
                "id": "4SejVrWT96dvL9IV4Nb7sQ"
              }
            },
            "firstPublishedAt": "2016-07-22T12:43:01.255Z",
            "publishedCounter": 1,
            "publishedAt": "2016-07-22T12:43:01.255Z",
            "publishedBy": {
              "sys": {
                "type": "Link",
                "linkType": "User",
                "id": "4SejVrWT96dvL9IV4Nb7sQ"
              }
            },
            "publishedVersion": 1
          }
        }
    http_version: 
  recorded_at: Fri, 22 Jul 2016 12:43:02 GMT
- request:
    method: put
    uri: https://api.contentful.com/spaces/dtylzsihhqsu/environments/master/content_types/image
    body:
      encoding: UTF-8
      string: '{"displayField":"title","name":"Image","fields":[{"id":"title","name":"Title","type":"Symbol"},{"id":"photo","name":"Photo","type":"Link","linkType":"Asset"}]}'
    headers:
      User-Agent:
      - ContentfulBootstrap/3.2.0
      Authorization:
      - Bearer foobar
      Content-Type:
      - application/vnd.contentful.management.v1+json
      Connection:
      - close
      Host:
      - api.contentful.com
  response:
    status:
      code: 201
      message: Created
    headers:
      Access-Control-Allow-Headers:
      - Accept,Accept-Language,Authorization,Cache-Control,Content-Length,Content-Range,Content-Type,DNT,Destination,Expires,If-Match,If-Modified-Since,If-None-Match,Keep-Alive,Last-Modified,Origin,Pragma,Range,User-Agent,X-Http-Method-Override,X-Mx-ReqToken,X-Requested-With,X-Contentful-Version,X-Contentful-Content-Type,X-Contentful-Organization,X-Contentful-Skip-Transformation,X-Contentful-User-Agent
      Access-Control-Allow-Methods:
      - DELETE,GET,HEAD,POST,PUT,OPTIONS
      Access-Control-Allow-Origin:
      - "*"
      Access-Control-Expose-Headers:
      - Etag
      Access-Control-Max-Age:
      - '1728000'
      Cf-Space-Id:
      - dtylzsihhqsu
      Content-Type:
      - application/vnd.contentful.management.v1+json
      Date:
      - Fri, 22 Jul 2016 12:43:04 GMT
      Etag:
      - '"3a962b8d8b6432f0d582a7feb4a8a129"'
      Server:
      - Contentful
      Strict-Transport-Security:
      - max-age=15768000
      X-Content-Type-Options:
      - nosniff
      X-Contentful-Request-Id:
      - 0e846079343b30fe8ea0f513a20b3256
      Content-Length:
      - '1078'
      Connection:
      - Close
      Set-Cookie:
      - incap_ses_297_673446=nO+1dZFSDlCTyJTJMCgfBNgUklcAAAAAwP9koNCGYJf5S7LMYn5eaA==;
        path=/; Domain=.contentful.com
      - nlbi_673446=VAtddcgZs1Ft7j4S6lKYhQAAAABpPuQvly1RHV+9eWKPo358; path=/; Domain=.contentful.com
      - visid_incap_673446=4OROJbJkQ6uQWw1BL0ajDs4UklcAAAAAQUIPAAAAAADjd3ufGMNphL+bl1u799fw;
        expires=Sat, 22 Jul 2017 06:56:23 GMT; path=/; Domain=.contentful.com
      X-Iinfo:
      - 7-177329918-177329958 NNNN CT(145 145 0) RT(1469191381730 93) q(0 0 3 13)
        r(26 26) U5
      X-Cdn:
      - Incapsula
    body:
      encoding: UTF-8
      string: |
        {
          "displayField": "title",
          "name": "Image",
          "fields": [
            {
              "id": "title",
              "name": "Title",
              "type": "Symbol",
              "localized": false,
              "required": false,
              "disabled": false,
              "omitted": false,
              "validations": []
            },
            {
              "id": "photo",
              "name": "Photo",
              "type": "Link",
              "linkType": "Asset",
              "localized": false,
              "required": false,
              "disabled": false,
              "omitted": false,
              "validations": []
            }
          ],
          "sys": {
            "id": "image",
            "type": "ContentType",
            "version": 1,
            "createdAt": "2016-07-22T12:43:04.697Z",
            "createdBy": {
              "sys": {
                "type": "Link",
                "linkType": "User",
                "id": "4SejVrWT96dvL9IV4Nb7sQ"
              }
            },
            "space": {
              "sys": {
                "type": "Link",
                "linkType": "Space",
                "id": "dtylzsihhqsu"
              }
            },
            "updatedAt": "2016-07-22T12:43:04.697Z",
            "updatedBy": {
              "sys": {
                "type": "Link",
                "linkType": "User",
                "id": "4SejVrWT96dvL9IV4Nb7sQ"
              }
            }
          }
        }
    http_version: 
  recorded_at: Fri, 22 Jul 2016 12:43:04 GMT
- request:
    method: put
    uri: https://api.contentful.com/spaces/dtylzsihhqsu/environments/master/content_types/image/published
    body:
      encoding: US-ASCII
      string: ''
    headers:
      User-Agent:
      - ContentfulBootstrap/3.2.0
      Authorization:
      - Bearer foobar
      Content-Type:
      - application/vnd.contentful.management.v1+json
      X-Contentful-Version:
      - '1'
      Content-Length:
      - '0'
      Connection:
      - close
      Host:
      - api.contentful.com
  response:
    status:
      code: 200
      message: OK
    headers:
      Access-Control-Allow-Headers:
      - Accept,Accept-Language,Authorization,Cache-Control,Content-Length,Content-Range,Content-Type,DNT,Destination,Expires,If-Match,If-Modified-Since,If-None-Match,Keep-Alive,Last-Modified,Origin,Pragma,Range,User-Agent,X-Http-Method-Override,X-Mx-ReqToken,X-Requested-With,X-Contentful-Version,X-Contentful-Content-Type,X-Contentful-Organization,X-Contentful-Skip-Transformation,X-Contentful-User-Agent
      Access-Control-Allow-Methods:
      - DELETE,GET,HEAD,POST,PUT,OPTIONS
      Access-Control-Allow-Origin:
      - "*"
      Access-Control-Expose-Headers:
      - Etag
      Access-Control-Max-Age:
      - '1728000'
      Cf-Space-Id:
      - dtylzsihhqsu
      Content-Type:
      - application/vnd.contentful.management.v1+json
      Date:
      - Fri, 22 Jul 2016 12:43:05 GMT
      Etag:
      - '"62af30fa1b2416d1e4a2cff598c0a528"'
      Server:
      - Contentful
      Strict-Transport-Security:
      - max-age=15768000
      X-Content-Type-Options:
      - nosniff
      X-Contentful-Request-Id:
      - 29dceb94f623fb66c473781423c1e60f
      Content-Length:
      - '1373'
      Connection:
      - Close
      Set-Cookie:
      - incap_ses_297_673446=QUjlWIOpmiGTyJTJMCgfBNkUklcAAAAAUjbRaht/A5X8AWOE8kqbWQ==;
        path=/; Domain=.contentful.com
      - nlbi_673446=YAueNwMeB0me3jCt6lKYhQAAAABrmfyw+z7pB/vOW37643wU; path=/; Domain=.contentful.com
      - visid_incap_673446=4OROJbJkQ6uQWw1BL0ajDs4UklcAAAAAQUIPAAAAAADjd3ufGMNphL+bl1u799fw;
        expires=Sat, 22 Jul 2017 06:56:23 GMT; path=/; Domain=.contentful.com
      X-Iinfo:
      - 10-230189601-230189643 NNNN CT(143 143 0) RT(1469191384594 97) q(0 0 3 1)
        r(9 9) U5
      X-Cdn:
      - Incapsula
    body:
      encoding: UTF-8
      string: |
        {
          "displayField": "title",
          "name": "Image",
          "fields": [
            {
              "id": "title",
              "name": "Title",
              "type": "Symbol",
              "localized": false,
              "required": false,
              "disabled": false,
              "omitted": false,
              "validations": []
            },
            {
              "id": "photo",
              "name": "Photo",
              "type": "Link",
              "linkType": "Asset",
              "localized": false,
              "required": false,
              "disabled": false,
              "omitted": false,
              "validations": []
            }
          ],
          "sys": {
            "id": "image",
            "type": "ContentType",
            "createdAt": "2016-07-22T12:43:04.697Z",
            "createdBy": {
              "sys": {
                "type": "Link",
                "linkType": "User",
                "id": "4SejVrWT96dvL9IV4Nb7sQ"
              }
            },
            "space": {
              "sys": {
                "type": "Link",
                "linkType": "Space",
                "id": "dtylzsihhqsu"
              }
            },
            "version": 2,
            "updatedAt": "2016-07-22T12:43:05.525Z",
            "updatedBy": {
              "sys": {
                "type": "Link",
                "linkType": "User",
                "id": "4SejVrWT96dvL9IV4Nb7sQ"
              }
            },
            "firstPublishedAt": "2016-07-22T12:43:05.525Z",
            "publishedCounter": 1,
            "publishedAt": "2016-07-22T12:43:05.525Z",
            "publishedBy": {
              "sys": {
                "type": "Link",
                "linkType": "User",
                "id": "4SejVrWT96dvL9IV4Nb7sQ"
              }
            },
            "publishedVersion": 1
          }
        }
    http_version: 
  recorded_at: Fri, 22 Jul 2016 12:43:05 GMT
- request:
    method: put
    uri: https://api.contentful.com/spaces/dtylzsihhqsu/environments/master/content_types/gallery
    body:
      encoding: UTF-8
      string: '{"displayField":"title","name":"Gallery","fields":[{"id":"title","name":"Title","type":"Symbol"},{"id":"author","name":"Author","type":"Link","linkType":"Entry"},{"id":"images","name":"Images","type":"Array","items":{"type":"Link","linkType":"Entry"}}]}'
    headers:
      User-Agent:
      - ContentfulBootstrap/3.2.0
      Authorization:
      - Bearer foobar
      Content-Type:
      - application/vnd.contentful.management.v1+json
      Connection:
      - close
      Host:
      - api.contentful.com
  response:
    status:
      code: 201
      message: Created
    headers:
      Access-Control-Allow-Headers:
      - Accept,Accept-Language,Authorization,Cache-Control,Content-Length,Content-Range,Content-Type,DNT,Destination,Expires,If-Match,If-Modified-Since,If-None-Match,Keep-Alive,Last-Modified,Origin,Pragma,Range,User-Agent,X-Http-Method-Override,X-Mx-ReqToken,X-Requested-With,X-Contentful-Version,X-Contentful-Content-Type,X-Contentful-Organization,X-Contentful-Skip-Transformation,X-Contentful-User-Agent
      Access-Control-Allow-Methods:
      - DELETE,GET,HEAD,POST,PUT,OPTIONS
      Access-Control-Allow-Origin:
      - "*"
      Access-Control-Expose-Headers:
      - Etag
      Access-Control-Max-Age:
      - '1728000'
      Cf-Space-Id:
      - dtylzsihhqsu
      Content-Type:
      - application/vnd.contentful.management.v1+json
      Date:
      - Fri, 22 Jul 2016 12:43:06 GMT
      Etag:
      - '"bb9a8b5566478d1ac1969743efeced0d"'
      Server:
      - Contentful
      Strict-Transport-Security:
      - max-age=15768000
      X-Content-Type-Options:
      - nosniff
      X-Contentful-Request-Id:
      - 6308109dcc2741930923a2ad31195966
      Content-Length:
      - '1368'
      Connection:
      - Close
      Set-Cookie:
      - incap_ses_297_673446=xvmSJ2cnv0yTyJTJMCgfBNoUklcAAAAAYTYLPFMXoa9jvN1zwAhL7g==;
        path=/; Domain=.contentful.com
      - nlbi_673446=AgbpH+/2YAkjIoU96lKYhQAAAACWmezm0eU50Y/LLKk14APP; path=/; Domain=.contentful.com
      - visid_incap_673446=4OROJbJkQ6uQWw1BL0ajDs4UklcAAAAAQUIPAAAAAADjd3ufGMNphL+bl1u799fw;
        expires=Sat, 22 Jul 2017 06:56:23 GMT; path=/; Domain=.contentful.com
      X-Iinfo:
      - 7-177331180-177331216 NNNN CT(144 145 0) RT(1469191385615 112) q(0 0 3 5)
        r(5 5) U5
      X-Cdn:
      - Incapsula
    body:
      encoding: UTF-8
      string: |
        {
          "displayField": "title",
          "name": "Gallery",
          "fields": [
            {
              "id": "title",
              "name": "Title",
              "type": "Symbol",
              "localized": false,
              "required": false,
              "disabled": false,
              "omitted": false,
              "validations": []
            },
            {
              "id": "author",
              "name": "Author",
              "type": "Link",
              "linkType": "Entry",
              "localized": false,
              "required": false,
              "disabled": false,
              "omitted": false,
              "validations": []
            },
            {
              "id": "images",
              "name": "Images",
              "type": "Array",
              "items": {
                "type": "Link",
                "linkType": "Entry"
              },
              "localized": false,
              "required": false,
              "disabled": false,
              "omitted": false,
              "validations": []
            }
          ],
          "sys": {
            "id": "gallery",
            "type": "ContentType",
            "version": 1,
            "createdAt": "2016-07-22T12:43:06.561Z",
            "createdBy": {
              "sys": {
                "type": "Link",
                "linkType": "User",
                "id": "4SejVrWT96dvL9IV4Nb7sQ"
              }
            },
            "space": {
              "sys": {
                "type": "Link",
                "linkType": "Space",
                "id": "dtylzsihhqsu"
              }
            },
            "updatedAt": "2016-07-22T12:43:06.561Z",
            "updatedBy": {
              "sys": {
                "type": "Link",
                "linkType": "User",
                "id": "4SejVrWT96dvL9IV4Nb7sQ"
              }
            }
          }
        }
    http_version: 
  recorded_at: Fri, 22 Jul 2016 12:43:06 GMT
- request:
    method: put
    uri: https://api.contentful.com/spaces/dtylzsihhqsu/environments/master/content_types/gallery/published
    body:
      encoding: US-ASCII
      string: ''
    headers:
      User-Agent:
      - ContentfulBootstrap/3.2.0
      Authorization:
      - Bearer foobar
      Content-Type:
      - application/vnd.contentful.management.v1+json
      X-Contentful-Version:
      - '1'
      Content-Length:
      - '0'
      Connection:
      - close
      Host:
      - api.contentful.com
  response:
    status:
      code: 200
      message: OK
    headers:
      Access-Control-Allow-Headers:
      - Accept,Accept-Language,Authorization,Cache-Control,Content-Length,Content-Range,Content-Type,DNT,Destination,Expires,If-Match,If-Modified-Since,If-None-Match,Keep-Alive,Last-Modified,Origin,Pragma,Range,User-Agent,X-Http-Method-Override,X-Mx-ReqToken,X-Requested-With,X-Contentful-Version,X-Contentful-Content-Type,X-Contentful-Organization,X-Contentful-Skip-Transformation,X-Contentful-User-Agent
      Access-Control-Allow-Methods:
      - DELETE,GET,HEAD,POST,PUT,OPTIONS
      Access-Control-Allow-Origin:
      - "*"
      Access-Control-Expose-Headers:
      - Etag
      Access-Control-Max-Age:
      - '1728000'
      Cf-Space-Id:
      - dtylzsihhqsu
      Content-Type:
      - application/vnd.contentful.management.v1+json
      Date:
      - Fri, 22 Jul 2016 12:43:09 GMT
      Etag:
      - '"eb8318df797e713049a6243aabe2d32d"'
      Server:
      - Contentful
      Strict-Transport-Security:
      - max-age=15768000
      X-Content-Type-Options:
      - nosniff
      X-Contentful-Request-Id:
      - fbd658e931dcad5c49d437043fe90d87
      Content-Length:
      - '1663'
      Connection:
      - Close
      Set-Cookie:
      - incap_ses_297_673446=ExWcKRyyT2nG4JTJMCgfBN0UklcAAAAA0TnyFq60vCx79yR6d1oQ2A==;
        path=/; Domain=.contentful.com
      - nlbi_673446=vZM0NZMXnG6dEVUr6lKYhQAAAACw6Etv1a+RnFbD5jhaiTPI; path=/; Domain=.contentful.com
      - visid_incap_673446=RgshmBWZS5+DILsNsf80yN0UklcAAAAAQUIPAAAAAADIqafOVi98WJ9ynE2+c4AB;
        expires=Sat, 22 Jul 2017 06:56:23 GMT; path=/; Domain=.contentful.com
      X-Iinfo:
      - 5-168595000-168595022 NNNN CT(143 144 0) RT(1469191386440 94) q(0 0 3 -1)
        r(29 29) U5
      X-Cdn:
      - Incapsula
    body:
      encoding: UTF-8
      string: |
        {
          "displayField": "title",
          "name": "Gallery",
          "fields": [
            {
              "id": "title",
              "name": "Title",
              "type": "Symbol",
              "localized": false,
              "required": false,
              "disabled": false,
              "omitted": false,
              "validations": []
            },
            {
              "id": "author",
              "name": "Author",
              "type": "Link",
              "linkType": "Entry",
              "localized": false,
              "required": false,
              "disabled": false,
              "omitted": false,
              "validations": []
            },
            {
              "id": "images",
              "name": "Images",
              "type": "Array",
              "items": {
                "type": "Link",
                "linkType": "Entry"
              },
              "localized": false,
              "required": false,
              "disabled": false,
              "omitted": false,
              "validations": []
            }
          ],
          "sys": {
            "id": "gallery",
            "type": "ContentType",
            "createdAt": "2016-07-22T12:43:06.561Z",
            "createdBy": {
              "sys": {
                "type": "Link",
                "linkType": "User",
                "id": "4SejVrWT96dvL9IV4Nb7sQ"
              }
            },
            "space": {
              "sys": {
                "type": "Link",
                "linkType": "Space",
                "id": "dtylzsihhqsu"
              }
            },
            "version": 2,
            "updatedAt": "2016-07-22T12:43:09.418Z",
            "updatedBy": {
              "sys": {
                "type": "Link",
                "linkType": "User",
                "id": "4SejVrWT96dvL9IV4Nb7sQ"
              }
            },
            "firstPublishedAt": "2016-07-22T12:43:09.418Z",
            "publishedCounter": 1,
            "publishedAt": "2016-07-22T12:43:09.418Z",
            "publishedBy": {
              "sys": {
                "type": "Link",
                "linkType": "User",
                "id": "4SejVrWT96dvL9IV4Nb7sQ"
              }
            },
            "publishedVersion": 1
          }
        }
    http_version: 
  recorded_at: Fri, 22 Jul 2016 12:43:10 GMT
- request:
    method: put
    uri: https://api.contentful.com/spaces/dtylzsihhqsu/environments/master/assets/pie
    body:
      encoding: UTF-8
      string: '{"fields":{"title":{"en-US":"Pie in the Sky"},"description":{"en-US":null},"file":{"en-US":{"contentType":"image/jpeg","fileName":"pie.jpg","upload":"https://c2.staticflickr.com/6/5245/5335909339_d307a7cbcf_b.jpg"}}}}'
    headers:
      User-Agent:
      - ContentfulBootstrap/3.2.0
      Authorization:
      - Bearer foobar
      Content-Type:
      - application/vnd.contentful.management.v1+json
      Connection:
      - close
      Host:
      - api.contentful.com
  response:
    status:
      code: 201
      message: Created
    headers:
      Access-Control-Allow-Headers:
      - Accept,Accept-Language,Authorization,Cache-Control,Content-Length,Content-Range,Content-Type,DNT,Destination,Expires,If-Match,If-Modified-Since,If-None-Match,Keep-Alive,Last-Modified,Origin,Pragma,Range,User-Agent,X-Http-Method-Override,X-Mx-ReqToken,X-Requested-With,X-Contentful-Version,X-Contentful-Content-Type,X-Contentful-Organization,X-Contentful-Skip-Transformation,X-Contentful-User-Agent
      Access-Control-Allow-Methods:
      - DELETE,GET,HEAD,POST,PUT,OPTIONS
      Access-Control-Allow-Origin:
      - "*"
      Access-Control-Expose-Headers:
      - Etag
      Access-Control-Max-Age:
      - '1728000'
      Cf-Space-Id:
      - dtylzsihhqsu
      Content-Type:
      - application/vnd.contentful.management.v1+json
      Date:
      - Fri, 22 Jul 2016 12:43:11 GMT
      Etag:
      - '"8a50f3089a0fd0d4f23e9cfa021dbe60"'
      Server:
      - Contentful
      Strict-Transport-Security:
      - max-age=15768000
      X-Content-Type-Options:
      - nosniff
      X-Contentful-Request-Id:
      - 896466525e4afca46b08758309a4a755
      Content-Length:
      - '888'
      Connection:
      - Close
      Set-Cookie:
      - incap_ses_297_673446=2ZouChYj4RC+4pTJMCgfBN4UklcAAAAAPxKehvTEYriaK56sXFT6EQ==;
        path=/; Domain=.contentful.com
      - nlbi_673446=Cm2vc1KroGGTgifY6lKYhQAAAADcbSAC82ZJ51BiAK/CO538; path=/; Domain=.contentful.com
      - visid_incap_673446=FuOcUDJ7QOmnU6nDUs7qZ94UklcAAAAAQUIPAAAAAAB3Q+BopmfRw7NgjTxd2OkS;
        expires=Sat, 22 Jul 2017 06:56:23 GMT; path=/; Domain=.contentful.com
      X-Iinfo:
      - 5-168596044-168596072 NNNN CT(142 145 0) RT(1469191390093 103) q(0 0 3 -1)
        r(6 6) U5
      X-Cdn:
      - Incapsula
    body:
      encoding: UTF-8
      string: |
        {
          "fields": {
            "title": {
              "en-US": "Pie in the Sky"
            },
            "description": {
              "en-US": null
            },
            "file": {
              "en-US": {
                "contentType": "image/jpeg",
                "fileName": "pie.jpg",
                "upload": "https://c2.staticflickr.com/6/5245/5335909339_d307a7cbcf_b.jpg"
              }
            }
          },
          "sys": {
            "id": "pie",
            "type": "Asset",
            "version": 1,
            "createdAt": "2016-07-22T12:43:11.019Z",
            "createdBy": {
              "sys": {
                "type": "Link",
                "linkType": "User",
                "id": "4SejVrWT96dvL9IV4Nb7sQ"
              }
            },
            "space": {
              "sys": {
                "type": "Link",
                "linkType": "Space",
                "id": "dtylzsihhqsu"
              }
            },
            "updatedAt": "2016-07-22T12:43:11.019Z",
            "updatedBy": {
              "sys": {
                "type": "Link",
                "linkType": "User",
                "id": "4SejVrWT96dvL9IV4Nb7sQ"
              }
            }
          }
        }
    http_version: 
  recorded_at: Fri, 22 Jul 2016 12:43:11 GMT
- request:
    method: put
    uri: https://api.contentful.com/spaces/dtylzsihhqsu/environments/master/assets/pie/files/en-US/process
    body:
      encoding: US-ASCII
      string: ''
    headers:
      User-Agent:
      - ContentfulBootstrap/3.2.0
      Authorization:
      - Bearer foobar
      Content-Type:
      - application/vnd.contentful.management.v1+json
      X-Contentful-Version:
      - '1'
      Content-Length:
      - '0'
      Connection:
      - close
      Host:
      - api.contentful.com
  response:
    status:
      code: 204
      message: No Content
    headers:
      Access-Control-Allow-Headers:
      - Accept,Accept-Language,Authorization,Cache-Control,Content-Length,Content-Range,Content-Type,DNT,Destination,Expires,If-Match,If-Modified-Since,If-None-Match,Keep-Alive,Last-Modified,Origin,Pragma,Range,User-Agent,X-Http-Method-Override,X-Mx-ReqToken,X-Requested-With,X-Contentful-Version,X-Contentful-Content-Type,X-Contentful-Organization,X-Contentful-Skip-Transformation,X-Contentful-User-Agent
      Access-Control-Allow-Methods:
      - DELETE,GET,HEAD,POST,PUT,OPTIONS
      Access-Control-Allow-Origin:
      - "*"
      Access-Control-Expose-Headers:
      - Etag
      Access-Control-Max-Age:
      - '1728000'
      Cf-Space-Id:
      - dtylzsihhqsu
      Content-Type:
      - application/vnd.contentful.management.v1+json
      Date:
      - Fri, 22 Jul 2016 12:43:11 GMT
      Server:
      - Contentful
      Strict-Transport-Security:
      - max-age=15768000
      X-Content-Type-Options:
      - nosniff
      X-Contentful-Request-Id:
      - 345ff9bc7af8dfce86f6ef104f79b9e0
      Connection:
      - Close
      Set-Cookie:
      - incap_ses_297_673446=ccTFP045Fxoi5JTJMCgfBN8UklcAAAAAwNSNdkS6PyLerZrW4ZbS6g==;
        path=/; Domain=.contentful.com
      - nlbi_673446=rgV2MEgGQRoWZAvB6lKYhQAAAAAyHuwWXNahtcT70fJOr64j; path=/; Domain=.contentful.com
      - visid_incap_673446=d6L/Bx+1RD+IwOn2m/W6Ft8UklcAAAAAQUIPAAAAAAA1i4vYTREZtbwCNkrARTAk;
        expires=Sat, 22 Jul 2017 06:56:23 GMT; path=/; Domain=.contentful.com
      X-Iinfo:
      - 8-196038219-196038252 NNNN CT(161 159 0) RT(1469191390841 122) q(0 0 3 -1)
        r(6 6) U5
      X-Cdn:
      - Incapsula
    body:
      encoding: UTF-8
      string: ''
    http_version: 
  recorded_at: Fri, 22 Jul 2016 12:43:11 GMT
- request:
    method: get
    uri: https://api.contentful.com/spaces/dtylzsihhqsu/environments/master/assets/pie
    body:
      encoding: US-ASCII
      string: ''
    headers:
      User-Agent:
      - ContentfulBootstrap/3.2.0
      Authorization:
      - Bearer foobar
      Content-Type:
      - application/vnd.contentful.management.v1+json
      Content-Length:
      - '0'
      Connection:
      - close
      Host:
      - api.contentful.com
  response:
    status:
      code: 200
      message: OK
    headers:
      Access-Control-Allow-Headers:
      - Accept,Accept-Language,Authorization,Cache-Control,Content-Length,Content-Range,Content-Type,DNT,Destination,Expires,If-Match,If-Modified-Since,If-None-Match,Keep-Alive,Last-Modified,Origin,Pragma,Range,User-Agent,X-Http-Method-Override,X-Mx-ReqToken,X-Requested-With,X-Contentful-Version,X-Contentful-Content-Type,X-Contentful-Organization,X-Contentful-Skip-Transformation,X-Contentful-User-Agent
      Access-Control-Allow-Methods:
      - DELETE,GET,HEAD,POST,PUT,OPTIONS
      Access-Control-Allow-Origin:
      - "*"
      Access-Control-Expose-Headers:
      - Etag
      Access-Control-Max-Age:
      - '1728000'
      Cf-Space-Id:
      - dtylzsihhqsu
      Content-Type:
      - application/vnd.contentful.management.v1+json
      Date:
      - Fri, 22 Jul 2016 12:43:12 GMT
      Etag:
      - '"4b1b74e64e4e7ec68705a6ddb112f358"'
      Server:
      - Contentful
      Strict-Transport-Security:
      - max-age=15768000
      X-Content-Type-Options:
      - nosniff
      X-Contentful-Request-Id:
      - 96ef512e6e08eacea14845d71c0af97e
      Content-Length:
      - '888'
      Connection:
      - Close
      Set-Cookie:
      - incap_ses_297_673446=5ynwel/GRD5J5ZTJMCgfBOAUklcAAAAAiUtmtjdJfuOtd8FlaKm9yw==;
        path=/; Domain=.contentful.com
      - nlbi_673446=Ci3kH3zd/WLQPb3J6lKYhQAAAACp50UR1Ed9fL+9CsM0Cx9h; path=/; Domain=.contentful.com
      - visid_incap_673446=dL9TlIw2SaW+mJYevgO4aeAUklcAAAAAQUIPAAAAAAAh0iqH3kJH9GRhW2Elh1DM;
        expires=Sat, 22 Jul 2017 06:56:23 GMT; path=/; Domain=.contentful.com
      X-Iinfo:
      - 2-110073944-110073956 NNNN CT(142 143 0) RT(1469191391656 91) q(0 0 3 -1)
        r(5 5) U5
      X-Cdn:
      - Incapsula
    body:
      encoding: UTF-8
      string: |
        {
          "fields": {
            "title": {
              "en-US": "Pie in the Sky"
            },
            "description": {
              "en-US": null
            },
            "file": {
              "en-US": {
                "contentType": "image/jpeg",
                "fileName": "pie.jpg",
                "upload": "https://c2.staticflickr.com/6/5245/5335909339_d307a7cbcf_b.jpg"
              }
            }
          },
          "sys": {
            "id": "pie",
            "type": "Asset",
            "createdAt": "2016-07-22T12:43:11.019Z",
            "createdBy": {
              "sys": {
                "type": "Link",
                "linkType": "User",
                "id": "4SejVrWT96dvL9IV4Nb7sQ"
              }
            },
            "space": {
              "sys": {
                "type": "Link",
                "linkType": "Space",
                "id": "dtylzsihhqsu"
              }
            },
            "version": 1,
            "updatedAt": "2016-07-22T12:43:11.023Z",
            "updatedBy": {
              "sys": {
                "type": "Link",
                "linkType": "User",
                "id": "4SejVrWT96dvL9IV4Nb7sQ"
              }
            }
          }
        }
    http_version: 
  recorded_at: Fri, 22 Jul 2016 12:43:12 GMT
- request:
    method: get
    uri: https://api.contentful.com/spaces/dtylzsihhqsu/environments/master/assets/pie
    body:
      encoding: US-ASCII
      string: ''
    headers:
      User-Agent:
      - ContentfulBootstrap/3.2.0
      Authorization:
      - Bearer foobar
      Content-Type:
      - application/vnd.contentful.management.v1+json
      Content-Length:
      - '0'
      Connection:
      - close
      Host:
      - api.contentful.com
  response:
    status:
      code: 200
      message: OK
    headers:
      Access-Control-Allow-Headers:
      - Accept,Accept-Language,Authorization,Cache-Control,Content-Length,Content-Range,Content-Type,DNT,Destination,Expires,If-Match,If-Modified-Since,If-None-Match,Keep-Alive,Last-Modified,Origin,Pragma,Range,User-Agent,X-Http-Method-Override,X-Mx-ReqToken,X-Requested-With,X-Contentful-Version,X-Contentful-Content-Type,X-Contentful-Organization,X-Contentful-Skip-Transformation,X-Contentful-User-Agent
      Access-Control-Allow-Methods:
      - DELETE,GET,HEAD,POST,PUT,OPTIONS
      Access-Control-Allow-Origin:
      - "*"
      Access-Control-Expose-Headers:
      - Etag
      Access-Control-Max-Age:
      - '1728000'
      Cf-Space-Id:
      - dtylzsihhqsu
      Content-Type:
      - application/vnd.contentful.management.v1+json
      Date:
      - Fri, 22 Jul 2016 12:43:14 GMT
      Etag:
      - '"cf8d8475872e9c6fff5a16f3cc1b5979"'
      Server:
      - Contentful
      Strict-Transport-Security:
      - max-age=15768000
      X-Content-Type-Options:
      - nosniff
      X-Contentful-Request-Id:
      - 6a626fd54aa1661598eed905e16d0821
      Content-Length:
      - '1048'
      Connection:
      - Close
      Set-Cookie:
      - incap_ses_297_673446=wqroe6tizwqC6JTJMCgfBOIUklcAAAAAU+Qkj4ZPbYH/ur6ofrrReQ==;
        path=/; Domain=.contentful.com
      - nlbi_673446=FFwJACY+0GdknB2R6lKYhQAAAAALOOSV8MlnDGdH3DvcRTYU; path=/; Domain=.contentful.com
      - visid_incap_673446=+Vz4g9OCTYOekqjk+3DdU+IUklcAAAAAQUIPAAAAAAC5/I+kfrsJKX/JN03ZqSJi;
        expires=Sat, 22 Jul 2017 06:56:23 GMT; path=/; Domain=.contentful.com
      X-Iinfo:
      - 6-153691125-153691152 NNNN CT(144 144 0) RT(1469191393398 89) q(0 0 3 -1)
        r(6 6) U5
      X-Cdn:
      - Incapsula
    body:
      encoding: UTF-8
      string: |
        {
          "fields": {
            "title": {
              "en-US": "Pie in the Sky"
            },
            "description": {
              "en-US": null
            },
            "file": {
              "en-US": {
                "contentType": "image/jpeg",
                "fileName": "pie.jpg",
                "details": {
                  "image": {
                    "width": 1024,
                    "height": 683
                  },
                  "size": 266411
                },
                "url": "//images.contentful.com/dtylzsihhqsu/pie/5083842ceba1d2a583fa3815489cac4f/pie.jpg"
              }
            }
          },
          "sys": {
            "id": "pie",
            "type": "Asset",
            "createdAt": "2016-07-22T12:43:11.019Z",
            "createdBy": {
              "sys": {
                "type": "Link",
                "linkType": "User",
                "id": "4SejVrWT96dvL9IV4Nb7sQ"
              }
            },
            "space": {
              "sys": {
                "type": "Link",
                "linkType": "Space",
                "id": "dtylzsihhqsu"
              }
            },
            "version": 2,
            "updatedAt": "2016-07-22T12:43:12.794Z",
            "updatedBy": {
              "sys": {
                "type": "Link",
                "linkType": "User",
                "id": "4SejVrWT96dvL9IV4Nb7sQ"
              }
            }
          }
        }
    http_version: 
  recorded_at: Fri, 22 Jul 2016 12:43:14 GMT
- request:
    method: put
    uri: https://api.contentful.com/spaces/dtylzsihhqsu/environments/master/assets/pie/published
    body:
      encoding: US-ASCII
      string: ''
    headers:
      User-Agent:
      - ContentfulBootstrap/3.2.0
      Authorization:
      - Bearer foobar
      Content-Type:
      - application/vnd.contentful.management.v1+json
      X-Contentful-Version:
      - '2'
      Content-Length:
      - '0'
      Connection:
      - close
      Host:
      - api.contentful.com
  response:
    status:
      code: 200
      message: OK
    headers:
      Access-Control-Allow-Headers:
      - Accept,Accept-Language,Authorization,Cache-Control,Content-Length,Content-Range,Content-Type,DNT,Destination,Expires,If-Match,If-Modified-Since,If-None-Match,Keep-Alive,Last-Modified,Origin,Pragma,Range,User-Agent,X-Http-Method-Override,X-Mx-ReqToken,X-Requested-With,X-Contentful-Version,X-Contentful-Content-Type,X-Contentful-Organization,X-Contentful-Skip-Transformation,X-Contentful-User-Agent
      Access-Control-Allow-Methods:
      - DELETE,GET,HEAD,POST,PUT,OPTIONS
      Access-Control-Allow-Origin:
      - "*"
      Access-Control-Expose-Headers:
      - Etag
      Access-Control-Max-Age:
      - '1728000'
      Cf-Space-Id:
      - dtylzsihhqsu
      Content-Type:
      - application/vnd.contentful.management.v1+json
      Date:
      - Fri, 22 Jul 2016 12:43:15 GMT
      Etag:
      - '"b85bd8ee3abc651b80ff1cea81db6022"'
      Server:
      - Contentful
      Strict-Transport-Security:
      - max-age=15768000
      X-Content-Type-Options:
      - nosniff
      X-Contentful-Request-Id:
      - 1b09ed3f2589e1c896d10054b5c8a6f7
      Content-Length:
      - '1343'
      Connection:
      - Close
      Set-Cookie:
      - incap_ses_297_673446=cKegPcFaj0Sb6pTJMCgfBOMUklcAAAAA7nCeh4Bnao2pcBgtXZYeig==;
        path=/; Domain=.contentful.com
      - nlbi_673446=AmvXC1Xt+g2uwTnX6lKYhQAAAADSyXnAUt533BhQTG0yTuMN; path=/; Domain=.contentful.com
      - visid_incap_673446=gR7tMKX/SWu8HF/agSuijuMUklcAAAAAQUIPAAAAAACi/XF1hbupu1/JqARWLQQK;
        expires=Sat, 22 Jul 2017 06:56:17 GMT; path=/; Domain=.contentful.com
      X-Iinfo:
      - 9-212782054-212782082 NNNN CT(160 162 0) RT(1469191394116 113) q(0 0 3 -1)
        r(11 11) U5
      X-Cdn:
      - Incapsula
    body:
      encoding: UTF-8
      string: |
        {
          "fields": {
            "title": {
              "en-US": "Pie in the Sky"
            },
            "description": {
              "en-US": null
            },
            "file": {
              "en-US": {
                "contentType": "image/jpeg",
                "fileName": "pie.jpg",
                "details": {
                  "image": {
                    "width": 1024,
                    "height": 683
                  },
                  "size": 266411
                },
                "url": "//images.contentful.com/dtylzsihhqsu/pie/5083842ceba1d2a583fa3815489cac4f/pie.jpg"
              }
            }
          },
          "sys": {
            "id": "pie",
            "type": "Asset",
            "createdAt": "2016-07-22T12:43:11.019Z",
            "createdBy": {
              "sys": {
                "type": "Link",
                "linkType": "User",
                "id": "4SejVrWT96dvL9IV4Nb7sQ"
              }
            },
            "space": {
              "sys": {
                "type": "Link",
                "linkType": "Space",
                "id": "dtylzsihhqsu"
              }
            },
            "version": 3,
            "updatedAt": "2016-07-22T12:43:15.099Z",
            "updatedBy": {
              "sys": {
                "type": "Link",
                "linkType": "User",
                "id": "4SejVrWT96dvL9IV4Nb7sQ"
              }
            },
            "firstPublishedAt": "2016-07-22T12:43:15.099Z",
            "publishedCounter": 1,
            "publishedAt": "2016-07-22T12:43:15.099Z",
            "publishedBy": {
              "sys": {
                "type": "Link",
                "linkType": "User",
                "id": "4SejVrWT96dvL9IV4Nb7sQ"
              }
            },
            "publishedVersion": 2
          }
        }
    http_version: 
  recorded_at: Fri, 22 Jul 2016 12:43:15 GMT
- request:
    method: put
    uri: https://api.contentful.com/spaces/dtylzsihhqsu/environments/master/assets/flower
    body:
      encoding: UTF-8
      string: '{"fields":{"title":{"en-US":"The Flower"},"description":{"en-US":null},"file":{"en-US":{"contentType":"image/jpeg","fileName":"flower.jpg","upload":"http://c2.staticflickr.com/4/3922/15045568809_b24591e318_b.jpg"}}}}'
    headers:
      User-Agent:
      - ContentfulBootstrap/3.2.0
      Authorization:
      - Bearer foobar
      Content-Type:
      - application/vnd.contentful.management.v1+json
      Connection:
      - close
      Host:
      - api.contentful.com
  response:
    status:
      code: 201
      message: Created
    headers:
      Access-Control-Allow-Headers:
      - Accept,Accept-Language,Authorization,Cache-Control,Content-Length,Content-Range,Content-Type,DNT,Destination,Expires,If-Match,If-Modified-Since,If-None-Match,Keep-Alive,Last-Modified,Origin,Pragma,Range,User-Agent,X-Http-Method-Override,X-Mx-ReqToken,X-Requested-With,X-Contentful-Version,X-Contentful-Content-Type,X-Contentful-Organization,X-Contentful-Skip-Transformation,X-Contentful-User-Agent
      Access-Control-Allow-Methods:
      - DELETE,GET,HEAD,POST,PUT,OPTIONS
      Access-Control-Allow-Origin:
      - "*"
      Access-Control-Expose-Headers:
      - Etag
      Access-Control-Max-Age:
      - '1728000'
      Cf-Space-Id:
      - dtylzsihhqsu
      Content-Type:
      - application/vnd.contentful.management.v1+json
      Date:
      - Fri, 22 Jul 2016 12:43:16 GMT
      Etag:
      - '"e81967bcd349a208e9f493774dcf0123"'
      Server:
      - Contentful
      Strict-Transport-Security:
      - max-age=15768000
      X-Content-Type-Options:
      - nosniff
      X-Contentful-Request-Id:
      - 76f4841a1b67b49e4341a0a09aae037d
      Content-Length:
      - '890'
      Connection:
      - Close
      Set-Cookie:
      - incap_ses_297_673446=CUXqLXdHRgcZ7JTJMCgfBOQUklcAAAAAVuOoEppZUJptjj98IB6NvA==;
        path=/; Domain=.contentful.com
      - nlbi_673446=DNnjVz94ayjDS4F16lKYhQAAAAAUFurzoVSxUTNGelxHWicZ; path=/; Domain=.contentful.com
      - visid_incap_673446=0HYb9PP8RyyPXhrQeCJ7P+QUklcAAAAAQUIPAAAAAAAQEsWxQZ8TEviaUYx8TtpC;
        expires=Sat, 22 Jul 2017 06:56:23 GMT; path=/; Domain=.contentful.com
      X-Iinfo:
      - 8-196039808-196039831 NNNN CT(169 164 0) RT(1469191395442 120) q(0 0 3 -1)
        r(7 7) U5
      X-Cdn:
      - Incapsula
    body:
      encoding: UTF-8
      string: |
        {
          "fields": {
            "title": {
              "en-US": "The Flower"
            },
            "description": {
              "en-US": null
            },
            "file": {
              "en-US": {
                "contentType": "image/jpeg",
                "fileName": "flower.jpg",
                "upload": "http://c2.staticflickr.com/4/3922/15045568809_b24591e318_b.jpg"
              }
            }
          },
          "sys": {
            "id": "flower",
            "type": "Asset",
            "version": 1,
            "createdAt": "2016-07-22T12:43:16.498Z",
            "createdBy": {
              "sys": {
                "type": "Link",
                "linkType": "User",
                "id": "4SejVrWT96dvL9IV4Nb7sQ"
              }
            },
            "space": {
              "sys": {
                "type": "Link",
                "linkType": "Space",
                "id": "dtylzsihhqsu"
              }
            },
            "updatedAt": "2016-07-22T12:43:16.498Z",
            "updatedBy": {
              "sys": {
                "type": "Link",
                "linkType": "User",
                "id": "4SejVrWT96dvL9IV4Nb7sQ"
              }
            }
          }
        }
    http_version: 
  recorded_at: Fri, 22 Jul 2016 12:43:16 GMT
- request:
    method: put
    uri: https://api.contentful.com/spaces/dtylzsihhqsu/environments/master/assets/flower/files/en-US/process
    body:
      encoding: US-ASCII
      string: ''
    headers:
      User-Agent:
      - ContentfulBootstrap/3.2.0
      Authorization:
      - Bearer foobar
      Content-Type:
      - application/vnd.contentful.management.v1+json
      X-Contentful-Version:
      - '1'
      Content-Length:
      - '0'
      Connection:
      - close
      Host:
      - api.contentful.com
  response:
    status:
      code: 204
      message: No Content
    headers:
      Access-Control-Allow-Headers:
      - Accept,Accept-Language,Authorization,Cache-Control,Content-Length,Content-Range,Content-Type,DNT,Destination,Expires,If-Match,If-Modified-Since,If-None-Match,Keep-Alive,Last-Modified,Origin,Pragma,Range,User-Agent,X-Http-Method-Override,X-Mx-ReqToken,X-Requested-With,X-Contentful-Version,X-Contentful-Content-Type,X-Contentful-Organization,X-Contentful-Skip-Transformation,X-Contentful-User-Agent
      Access-Control-Allow-Methods:
      - DELETE,GET,HEAD,POST,PUT,OPTIONS
      Access-Control-Allow-Origin:
      - "*"
      Access-Control-Expose-Headers:
      - Etag
      Access-Control-Max-Age:
      - '1728000'
      Cf-Space-Id:
      - dtylzsihhqsu
      Content-Type:
      - application/vnd.contentful.management.v1+json
      Date:
      - Fri, 22 Jul 2016 12:43:17 GMT
      Server:
      - Contentful
      Strict-Transport-Security:
      - max-age=15768000
      X-Content-Type-Options:
      - nosniff
      X-Contentful-Request-Id:
      - e8ad3a95da86cdea09c68bb5fe7cd441
      Connection:
      - Close
      Set-Cookie:
      - incap_ses_297_673446=n0sbARIh5A1m7ZTJMCgfBOQUklcAAAAA7P5AOlEcTaZVbUa3h4kcig==;
        path=/; Domain=.contentful.com
      - nlbi_673446=zq6eF+uBWHEkSQ0O6lKYhQAAAABCQDtAwYpVyh/GXQHMgh+l; path=/; Domain=.contentful.com
      - visid_incap_673446=N4PSaXDVTEuRxDiU89PCVeQUklcAAAAAQUIPAAAAAAAboIKrsGKV+bwkXJWzp34s;
        expires=Sat, 22 Jul 2017 06:56:23 GMT; path=/; Domain=.contentful.com
      X-Iinfo:
      - 0-79363858-79363873 NNNN CT(140 143 0) RT(1469191396318 99) q(0 0 3 -1) r(5
        5) U5
      X-Cdn:
      - Incapsula
    body:
      encoding: UTF-8
      string: ''
    http_version: 
  recorded_at: Fri, 22 Jul 2016 12:43:17 GMT
- request:
    method: get
    uri: https://api.contentful.com/spaces/dtylzsihhqsu/environments/master/assets/flower
    body:
      encoding: US-ASCII
      string: ''
    headers:
      User-Agent:
      - ContentfulBootstrap/3.2.0
      Authorization:
      - Bearer foobar
      Content-Type:
      - application/vnd.contentful.management.v1+json
      Content-Length:
      - '0'
      Connection:
      - close
      Host:
      - api.contentful.com
  response:
    status:
      code: 200
      message: OK
    headers:
      Access-Control-Allow-Headers:
      - Accept,Accept-Language,Authorization,Cache-Control,Content-Length,Content-Range,Content-Type,DNT,Destination,Expires,If-Match,If-Modified-Since,If-None-Match,Keep-Alive,Last-Modified,Origin,Pragma,Range,User-Agent,X-Http-Method-Override,X-Mx-ReqToken,X-Requested-With,X-Contentful-Version,X-Contentful-Content-Type,X-Contentful-Organization,X-Contentful-Skip-Transformation,X-Contentful-User-Agent
      Access-Control-Allow-Methods:
      - DELETE,GET,HEAD,POST,PUT,OPTIONS
      Access-Control-Allow-Origin:
      - "*"
      Access-Control-Expose-Headers:
      - Etag
      Access-Control-Max-Age:
      - '1728000'
      Cf-Space-Id:
      - dtylzsihhqsu
      Content-Type:
      - application/vnd.contentful.management.v1+json
      Date:
      - Fri, 22 Jul 2016 12:43:18 GMT
      Etag:
      - '"193b5a76d89e1d2491042e827ff38c29"'
      Server:
      - Contentful
      Strict-Transport-Security:
      - max-age=15768000
      X-Content-Type-Options:
      - nosniff
      X-Contentful-Request-Id:
      - e0ea0c8caef514680d35935f3bcf3503
      Content-Length:
      - '1056'
      Connection:
      - Close
      Set-Cookie:
      - incap_ses_297_673446=tPgzB8iI0zCp7pTJMCgfBOUUklcAAAAAvmG3idvDL3g65abC/NFDpA==;
        path=/; Domain=.contentful.com
      - nlbi_673446=9mxtVzffH2Oevzl76lKYhQAAAAAnKOEJsChEBNlFwo/BB9Ze; path=/; Domain=.contentful.com
      - visid_incap_673446=sFpR6Ru7TwuBdPfLjjzNFuUUklcAAAAAQUIPAAAAAADcNw+R54Sa2w28PZyFksk0;
        expires=Sat, 22 Jul 2017 06:56:23 GMT; path=/; Domain=.contentful.com
      X-Iinfo:
      - 8-196040327-196040353 NNNN CT(160 161 0) RT(1469191397085 89) q(0 0 3 -1)
        r(7 7) U5
      X-Cdn:
      - Incapsula
    body:
      encoding: UTF-8
      string: |
        {
          "fields": {
            "title": {
              "en-US": "The Flower"
            },
            "description": {
              "en-US": null
            },
            "file": {
              "en-US": {
                "contentType": "image/jpeg",
                "fileName": "flower.jpg",
                "details": {
                  "image": {
                    "width": 1024,
                    "height": 677
                  },
                  "size": 220335
                },
                "url": "//images.contentful.com/dtylzsihhqsu/flower/bca8f7fea4354d952ca3cff104ecd73a/flower.jpg"
              }
            }
          },
          "sys": {
            "id": "flower",
            "type": "Asset",
            "createdAt": "2016-07-22T12:43:16.498Z",
            "createdBy": {
              "sys": {
                "type": "Link",
                "linkType": "User",
                "id": "4SejVrWT96dvL9IV4Nb7sQ"
              }
            },
            "space": {
              "sys": {
                "type": "Link",
                "linkType": "Space",
                "id": "dtylzsihhqsu"
              }
            },
            "version": 2,
            "updatedAt": "2016-07-22T12:43:17.462Z",
            "updatedBy": {
              "sys": {
                "type": "Link",
                "linkType": "User",
                "id": "4SejVrWT96dvL9IV4Nb7sQ"
              }
            }
          }
        }
    http_version: 
  recorded_at: Fri, 22 Jul 2016 12:43:18 GMT
- request:
    method: put
    uri: https://api.contentful.com/spaces/dtylzsihhqsu/environments/master/assets/flower/published
    body:
      encoding: US-ASCII
      string: ''
    headers:
      User-Agent:
      - ContentfulBootstrap/3.2.0
      Authorization:
      - Bearer foobar
      Content-Type:
      - application/vnd.contentful.management.v1+json
      X-Contentful-Version:
      - '2'
      Content-Length:
      - '0'
      Connection:
      - close
      Host:
      - api.contentful.com
  response:
    status:
      code: 200
      message: OK
    headers:
      Access-Control-Allow-Headers:
      - Accept,Accept-Language,Authorization,Cache-Control,Content-Length,Content-Range,Content-Type,DNT,Destination,Expires,If-Match,If-Modified-Since,If-None-Match,Keep-Alive,Last-Modified,Origin,Pragma,Range,User-Agent,X-Http-Method-Override,X-Mx-ReqToken,X-Requested-With,X-Contentful-Version,X-Contentful-Content-Type,X-Contentful-Organization,X-Contentful-Skip-Transformation,X-Contentful-User-Agent
      Access-Control-Allow-Methods:
      - DELETE,GET,HEAD,POST,PUT,OPTIONS
      Access-Control-Allow-Origin:
      - "*"
      Access-Control-Expose-Headers:
      - Etag
      Access-Control-Max-Age:
      - '1728000'
      Cf-Space-Id:
      - dtylzsihhqsu
      Content-Type:
      - application/vnd.contentful.management.v1+json
      Date:
      - Fri, 22 Jul 2016 12:43:19 GMT
      Etag:
      - '"13ac3111120221872f0e081e4a791146"'
      Server:
      - Contentful
      Strict-Transport-Security:
      - max-age=15768000
      X-Content-Type-Options:
      - nosniff
      X-Contentful-Request-Id:
      - abbd9661dc458de909167aead0396222
      Content-Length:
      - '1351'
      Connection:
      - Close
      Set-Cookie:
      - incap_ses_297_673446=tbPAKbQKzlIq8JTJMCgfBOYUklcAAAAADu4eWsG0dTlL4XLqimPULA==;
        path=/; Domain=.contentful.com
      - nlbi_673446=QR9fOJyMxw/WY1ok6lKYhQAAAAAkxlbXxaam9pF+BIQQoXTN; path=/; Domain=.contentful.com
      - visid_incap_673446=aPtwmdmCRpSHRf7fFWigOuYUklcAAAAAQUIPAAAAAAAKBftulJzGsIkLQ+7UQCo6;
        expires=Sat, 22 Jul 2017 06:56:23 GMT; path=/; Domain=.contentful.com
      X-Iinfo:
      - 8-196040624-196040665 NNNN CT(143 143 0) RT(1469191398009 95) q(0 0 2 -1)
        r(6 6) U5
      X-Cdn:
      - Incapsula
    body:
      encoding: UTF-8
      string: |
        {
          "fields": {
            "title": {
              "en-US": "The Flower"
            },
            "description": {
              "en-US": null
            },
            "file": {
              "en-US": {
                "contentType": "image/jpeg",
                "fileName": "flower.jpg",
                "details": {
                  "image": {
                    "width": 1024,
                    "height": 677
                  },
                  "size": 220335
                },
                "url": "//images.contentful.com/dtylzsihhqsu/flower/bca8f7fea4354d952ca3cff104ecd73a/flower.jpg"
              }
            }
          },
          "sys": {
            "id": "flower",
            "type": "Asset",
            "createdAt": "2016-07-22T12:43:16.498Z",
            "createdBy": {
              "sys": {
                "type": "Link",
                "linkType": "User",
                "id": "4SejVrWT96dvL9IV4Nb7sQ"
              }
            },
            "space": {
              "sys": {
                "type": "Link",
                "linkType": "Space",
                "id": "dtylzsihhqsu"
              }
            },
            "version": 3,
            "updatedAt": "2016-07-22T12:43:18.936Z",
            "updatedBy": {
              "sys": {
                "type": "Link",
                "linkType": "User",
                "id": "4SejVrWT96dvL9IV4Nb7sQ"
              }
            },
            "firstPublishedAt": "2016-07-22T12:43:18.936Z",
            "publishedCounter": 1,
            "publishedAt": "2016-07-22T12:43:18.936Z",
            "publishedBy": {
              "sys": {
                "type": "Link",
                "linkType": "User",
                "id": "4SejVrWT96dvL9IV4Nb7sQ"
              }
            },
            "publishedVersion": 2
          }
        }
    http_version: 
  recorded_at: Fri, 22 Jul 2016 12:43:19 GMT
- request:
    method: get
    uri: https://api.contentful.com/spaces/dtylzsihhqsu/environments/master/content_types/author
    body:
      encoding: US-ASCII
      string: ''
    headers:
      User-Agent:
      - ContentfulBootstrap/3.2.0
      Authorization:
      - Bearer foobar
      Content-Type:
      - application/vnd.contentful.management.v1+json
      Content-Length:
      - '0'
      Connection:
      - close
      Host:
      - api.contentful.com
  response:
    status:
      code: 200
      message: OK
    headers:
      Access-Control-Allow-Headers:
      - Accept,Accept-Language,Authorization,Cache-Control,Content-Length,Content-Range,Content-Type,DNT,Destination,Expires,If-Match,If-Modified-Since,If-None-Match,Keep-Alive,Last-Modified,Origin,Pragma,Range,User-Agent,X-Http-Method-Override,X-Mx-ReqToken,X-Requested-With,X-Contentful-Version,X-Contentful-Content-Type,X-Contentful-Organization,X-Contentful-Skip-Transformation,X-Contentful-User-Agent
      Access-Control-Allow-Methods:
      - DELETE,GET,HEAD,POST,PUT,OPTIONS
      Access-Control-Allow-Origin:
      - "*"
      Access-Control-Expose-Headers:
      - Etag
      Access-Control-Max-Age:
      - '1728000'
      Cf-Space-Id:
      - dtylzsihhqsu
      Content-Type:
      - application/vnd.contentful.management.v1+json
      Date:
      - Fri, 22 Jul 2016 12:43:19 GMT
      Etag:
      - '"7cfd7f225e4442409c0e039844a168f5"'
      Server:
      - Contentful
      Strict-Transport-Security:
      - max-age=15768000
      X-Content-Type-Options:
      - nosniff
      X-Contentful-Request-Id:
      - 9a00fe05774b1f67180e18955dade36b
      Content-Length:
      - '1142'
      Connection:
      - Close
      Set-Cookie:
      - incap_ses_297_673446=qS24bjtpIh0z8ZTJMCgfBOcUklcAAAAA5ypTU8SUqpcZHmN0KdLdjw==;
        path=/; Domain=.contentful.com
      - nlbi_673446=35M+Kxlbijt4baHZ6lKYhQAAAACa2gnHU0dstd5GtpGlkmcE; path=/; Domain=.contentful.com
      - visid_incap_673446=ydQRZgvGTUWjxFpF8jUNsOcUklcAAAAAQUIPAAAAAACyYPD9X9AShfbPLw5s3saW;
        expires=Sat, 22 Jul 2017 06:56:23 GMT; path=/; Domain=.contentful.com
      X-Iinfo:
      - 3-128008601-128008614 NNNN CT(144 144 0) RT(1469191398860 93) q(0 0 3 -1)
        r(5 5) U5
      X-Cdn:
      - Incapsula
    body:
      encoding: UTF-8
      string: |
        {
          "displayField": "name",
          "name": "Author",
          "fields": [
            {
              "id": "name",
              "name": "Name",
              "type": "Symbol",
              "localized": false,
              "required": false,
              "disabled": false,
              "omitted": false,
              "validations": []
            }
          ],
          "sys": {
            "id": "author",
            "type": "ContentType",
            "createdAt": "2016-07-22T12:43:00.477Z",
            "createdBy": {
              "sys": {
                "type": "Link",
                "linkType": "User",
                "id": "4SejVrWT96dvL9IV4Nb7sQ"
              }
            },
            "space": {
              "sys": {
                "type": "Link",
                "linkType": "Space",
                "id": "dtylzsihhqsu"
              }
            },
            "firstPublishedAt": "2016-07-22T12:43:01.255Z",
            "publishedCounter": 1,
            "publishedAt": "2016-07-22T12:43:01.255Z",
            "publishedBy": {
              "sys": {
                "type": "Link",
                "linkType": "User",
                "id": "4SejVrWT96dvL9IV4Nb7sQ"
              }
            },
            "publishedVersion": 1,
            "version": 2,
            "updatedAt": "2016-07-22T12:43:01.261Z",
            "updatedBy": {
              "sys": {
                "type": "Link",
                "linkType": "User",
                "id": "4SejVrWT96dvL9IV4Nb7sQ"
              }
            }
          }
        }
    http_version: 
  recorded_at: Fri, 22 Jul 2016 12:43:19 GMT
- request:
    method: put
    uri: https://api.contentful.com/spaces/dtylzsihhqsu/environments/master/entries/dave
    body:
      encoding: UTF-8
      string: '{"fields":{}}'
    headers:
      User-Agent:
      - ContentfulBootstrap/3.2.0
      Authorization:
      - Bearer foobar
      Content-Type:
      - application/vnd.contentful.management.v1+json
      X-Contentful-Content-Type:
      - author
      Connection:
      - close
      Host:
      - api.contentful.com
  response:
    status:
      code: 201
      message: Created
    headers:
      Access-Control-Allow-Headers:
      - Accept,Accept-Language,Authorization,Cache-Control,Content-Length,Content-Range,Content-Type,DNT,Destination,Expires,If-Match,If-Modified-Since,If-None-Match,Keep-Alive,Last-Modified,Origin,Pragma,Range,User-Agent,X-Http-Method-Override,X-Mx-ReqToken,X-Requested-With,X-Contentful-Version,X-Contentful-Content-Type,X-Contentful-Organization,X-Contentful-Skip-Transformation,X-Contentful-User-Agent
      Access-Control-Allow-Methods:
      - DELETE,GET,HEAD,POST,PUT,OPTIONS
      Access-Control-Allow-Origin:
      - "*"
      Access-Control-Expose-Headers:
      - Etag
      Access-Control-Max-Age:
      - '1728000'
      Cf-Space-Id:
      - dtylzsihhqsu
      Content-Type:
      - application/vnd.contentful.management.v1+json
      Date:
      - Fri, 22 Jul 2016 12:43:20 GMT
      Etag:
      - '"7b66a89815acace6c483472d56d832c3"'
      Server:
      - Contentful
      Strict-Transport-Security:
      - max-age=15768000
      X-Content-Type-Options:
      - nosniff
      X-Contentful-Request-Id:
      - 94cbff33f12c0ae2085d2fc8fad90fcf
      Content-Length:
      - '721'
      Connection:
      - Close
      Set-Cookie:
      - incap_ses_297_673446=SIouXA4GHSdp8pTJMCgfBOgUklcAAAAAVAiyfqkmP/jseyWkBUI1vQ==;
        path=/; Domain=.contentful.com
      - nlbi_673446=w3VlEG6AVw3UFSiI6lKYhQAAAABc1/g8ag7pujPWyXeK0nqH; path=/; Domain=.contentful.com
      - visid_incap_673446=VLeP+QU2Tci6y0SfQ90imOgUklcAAAAAQUIPAAAAAAA+i99QpozKw6mlu0MUz3Vg;
        expires=Sat, 22 Jul 2017 06:56:22 GMT; path=/; Domain=.contentful.com
      X-Iinfo:
      - 1-103917440-103917448 NNNN CT(142 145 0) RT(1469191399643 90) q(0 0 3 -1)
        r(5 5) U5
      X-Cdn:
      - Incapsula
    body:
      encoding: UTF-8
      string: |
        {
          "fields": {},
          "sys": {
            "id": "dave",
            "type": "Entry",
            "version": 1,
            "createdAt": "2016-07-22T12:43:20.575Z",
            "createdBy": {
              "sys": {
                "type": "Link",
                "linkType": "User",
                "id": "4SejVrWT96dvL9IV4Nb7sQ"
              }
            },
            "space": {
              "sys": {
                "type": "Link",
                "linkType": "Space",
                "id": "dtylzsihhqsu"
              }
            },
            "contentType": {
              "sys": {
                "type": "Link",
                "linkType": "ContentType",
                "id": "author"
              }
            },
            "updatedAt": "2016-07-22T12:43:20.575Z",
            "updatedBy": {
              "sys": {
                "type": "Link",
                "linkType": "User",
                "id": "4SejVrWT96dvL9IV4Nb7sQ"
              }
            }
          }
        }
    http_version: 
  recorded_at: Fri, 22 Jul 2016 12:43:20 GMT
- request:
    method: put
    uri: https://api.contentful.com/spaces/dtylzsihhqsu/environments/master/entries/dave
    body:
      encoding: UTF-8
      string: '{"fields":{}}'
    headers:
      User-Agent:
      - ContentfulBootstrap/3.2.0
      Authorization:
      - Bearer foobar
      Content-Type:
      - application/vnd.contentful.management.v1+json
      X-Contentful-Version:
      - '1'
      Connection:
      - close
      Host:
      - api.contentful.com
  response:
    status:
      code: 200
      message: OK
    headers:
      Access-Control-Allow-Headers:
      - Accept,Accept-Language,Authorization,Cache-Control,Content-Length,Content-Range,Content-Type,DNT,Destination,Expires,If-Match,If-Modified-Since,If-None-Match,Keep-Alive,Last-Modified,Origin,Pragma,Range,User-Agent,X-Http-Method-Override,X-Mx-ReqToken,X-Requested-With,X-Contentful-Version,X-Contentful-Content-Type,X-Contentful-Organization,X-Contentful-Skip-Transformation,X-Contentful-User-Agent
      Access-Control-Allow-Methods:
      - DELETE,GET,HEAD,POST,PUT,OPTIONS
      Access-Control-Allow-Origin:
      - "*"
      Access-Control-Expose-Headers:
      - Etag
      Access-Control-Max-Age:
      - '1728000'
      Cf-Space-Id:
      - dtylzsihhqsu
      Content-Type:
      - application/vnd.contentful.management.v1+json
      Date:
      - Fri, 22 Jul 2016 12:43:21 GMT
      Etag:
      - '"5272308c9c51ff0f4841900043e9d38a"'
      Server:
      - Contentful
      Strict-Transport-Security:
      - max-age=15768000
      X-Content-Type-Options:
      - nosniff
      X-Contentful-Request-Id:
      - 44f04e7f0618b8afd74c081015ed985f
      Content-Length:
      - '721'
      Connection:
      - Close
      Set-Cookie:
      - incap_ses_297_673446=ik+fbiPz2ijC85TJMCgfBOkUklcAAAAALR8zZILJzXjd5MxA4JDu/A==;
        path=/; Domain=.contentful.com
      - nlbi_673446=yX5Yd2BDjRQ9Ap526lKYhQAAAACPJlqSN5hzXOtGoFrWPZPq; path=/; Domain=.contentful.com
      - visid_incap_673446=wwXUUum9TiC6RR3IlAT4bOkUklcAAAAAQUIPAAAAAAD1ijfrqwxRW56LhxyH2v2R;
        expires=Sat, 22 Jul 2017 06:56:17 GMT; path=/; Domain=.contentful.com
      X-Iinfo:
      - 9-212784230-212784262 NNNN CT(146 148 0) RT(1469191400373 93) q(0 0 3 -1)
        r(6 6) U5
      X-Cdn:
      - Incapsula
    body:
      encoding: UTF-8
      string: |
        {
          "fields": {},
          "sys": {
            "id": "dave",
            "type": "Entry",
            "createdAt": "2016-07-22T12:43:20.575Z",
            "createdBy": {
              "sys": {
                "type": "Link",
                "linkType": "User",
                "id": "4SejVrWT96dvL9IV4Nb7sQ"
              }
            },
            "space": {
              "sys": {
                "type": "Link",
                "linkType": "Space",
                "id": "dtylzsihhqsu"
              }
            },
            "contentType": {
              "sys": {
                "type": "Link",
                "linkType": "ContentType",
                "id": "author"
              }
            },
            "version": 2,
            "updatedAt": "2016-07-22T12:43:21.288Z",
            "updatedBy": {
              "sys": {
                "type": "Link",
                "linkType": "User",
                "id": "4SejVrWT96dvL9IV4Nb7sQ"
              }
            }
          }
        }
    http_version: 
  recorded_at: Fri, 22 Jul 2016 12:43:21 GMT
- request:
    method: get
    uri: https://api.contentful.com/spaces/dtylzsihhqsu/environments/master/content_types/image
    body:
      encoding: US-ASCII
      string: ''
    headers:
      User-Agent:
      - ContentfulBootstrap/3.2.0
      Authorization:
      - Bearer foobar
      Content-Type:
      - application/vnd.contentful.management.v1+json
      Content-Length:
      - '0'
      Connection:
      - close
      Host:
      - api.contentful.com
  response:
    status:
      code: 200
      message: OK
    headers:
      Access-Control-Allow-Headers:
      - Accept,Accept-Language,Authorization,Cache-Control,Content-Length,Content-Range,Content-Type,DNT,Destination,Expires,If-Match,If-Modified-Since,If-None-Match,Keep-Alive,Last-Modified,Origin,Pragma,Range,User-Agent,X-Http-Method-Override,X-Mx-ReqToken,X-Requested-With,X-Contentful-Version,X-Contentful-Content-Type,X-Contentful-Organization,X-Contentful-Skip-Transformation,X-Contentful-User-Agent
      Access-Control-Allow-Methods:
      - DELETE,GET,HEAD,POST,PUT,OPTIONS
      Access-Control-Allow-Origin:
      - "*"
      Access-Control-Expose-Headers:
      - Etag
      Access-Control-Max-Age:
      - '1728000'
      Cf-Space-Id:
      - dtylzsihhqsu
      Content-Type:
      - application/vnd.contentful.management.v1+json
      Date:
      - Fri, 22 Jul 2016 12:43:22 GMT
      Etag:
      - '"3001702790babdd4b0c14d6cc7170ac1"'
      Server:
      - Contentful
      Strict-Transport-Security:
      - max-age=15768000
      X-Content-Type-Options:
      - nosniff
      X-Contentful-Request-Id:
      - 8278b5a794c3ff042272da52631fa1b3
      Content-Length:
      - '1373'
      Connection:
      - Close
      Set-Cookie:
      - incap_ses_297_673446=H5g+B92HQnsK9ZTJMCgfBOkUklcAAAAAZ5rahquz4VhlimhRV+PtWw==;
        path=/; Domain=.contentful.com
      - nlbi_673446=t4jNCgpyIA/aGjtv6lKYhQAAAACpovqmu45mAKXaA29eEJ/5; path=/; Domain=.contentful.com
      - visid_incap_673446=DSZ5RCJARSyvaVe8iRGFsekUklcAAAAAQUIPAAAAAACEOJdBJyS7Stpl9T4gfgZT;
        expires=Sat, 22 Jul 2017 06:56:23 GMT; path=/; Domain=.contentful.com
      X-Iinfo:
      - 10-230195694-230195735 NNNN CT(163 160 0) RT(1469191401106 96) q(0 0 3 -1)
        r(5 5) U5
      X-Cdn:
      - Incapsula
    body:
      encoding: UTF-8
      string: |
        {
          "displayField": "title",
          "name": "Image",
          "fields": [
            {
              "id": "title",
              "name": "Title",
              "type": "Symbol",
              "localized": false,
              "required": false,
              "disabled": false,
              "omitted": false,
              "validations": []
            },
            {
              "id": "photo",
              "name": "Photo",
              "type": "Link",
              "linkType": "Asset",
              "localized": false,
              "required": false,
              "disabled": false,
              "omitted": false,
              "validations": []
            }
          ],
          "sys": {
            "id": "image",
            "type": "ContentType",
            "createdAt": "2016-07-22T12:43:04.697Z",
            "createdBy": {
              "sys": {
                "type": "Link",
                "linkType": "User",
                "id": "4SejVrWT96dvL9IV4Nb7sQ"
              }
            },
            "space": {
              "sys": {
                "type": "Link",
                "linkType": "Space",
                "id": "dtylzsihhqsu"
              }
            },
            "firstPublishedAt": "2016-07-22T12:43:05.525Z",
            "publishedCounter": 1,
            "publishedAt": "2016-07-22T12:43:05.525Z",
            "publishedBy": {
              "sys": {
                "type": "Link",
                "linkType": "User",
                "id": "4SejVrWT96dvL9IV4Nb7sQ"
              }
            },
            "publishedVersion": 1,
            "version": 2,
            "updatedAt": "2016-07-22T12:43:05.533Z",
            "updatedBy": {
              "sys": {
                "type": "Link",
                "linkType": "User",
                "id": "4SejVrWT96dvL9IV4Nb7sQ"
              }
            }
          }
        }
    http_version: 
  recorded_at: Fri, 22 Jul 2016 12:43:22 GMT
- request:
    method: put
    uri: https://api.contentful.com/spaces/dtylzsihhqsu/environments/master/entries/pie_entry
    body:
      encoding: UTF-8
      string: '{"fields":{}}'
    headers:
      User-Agent:
      - ContentfulBootstrap/3.2.0
      Authorization:
      - Bearer foobar
      Content-Type:
      - application/vnd.contentful.management.v1+json
      X-Contentful-Content-Type:
      - image
      Connection:
      - close
      Host:
      - api.contentful.com
  response:
    status:
      code: 201
      message: Created
    headers:
      Access-Control-Allow-Headers:
      - Accept,Accept-Language,Authorization,Cache-Control,Content-Length,Content-Range,Content-Type,DNT,Destination,Expires,If-Match,If-Modified-Since,If-None-Match,Keep-Alive,Last-Modified,Origin,Pragma,Range,User-Agent,X-Http-Method-Override,X-Mx-ReqToken,X-Requested-With,X-Contentful-Version,X-Contentful-Content-Type,X-Contentful-Organization,X-Contentful-Skip-Transformation,X-Contentful-User-Agent
      Access-Control-Allow-Methods:
      - DELETE,GET,HEAD,POST,PUT,OPTIONS
      Access-Control-Allow-Origin:
      - "*"
      Access-Control-Expose-Headers:
      - Etag
      Access-Control-Max-Age:
      - '1728000'
      Cf-Space-Id:
      - dtylzsihhqsu
      Content-Type:
      - application/vnd.contentful.management.v1+json
      Date:
      - Fri, 22 Jul 2016 12:43:22 GMT
      Etag:
      - '"5194571a17e1dec93fb4b3c04c2db679"'
      Server:
      - Contentful
      Strict-Transport-Security:
      - max-age=15768000
      X-Content-Type-Options:
      - nosniff
      X-Contentful-Request-Id:
      - d4c0e3b5952497053fe49d15773cbbbc
      Content-Length:
      - '725'
      Connection:
      - Close
      Set-Cookie:
      - incap_ses_297_673446=effsfaalUDx29pTJMCgfBOoUklcAAAAAF1Fb0cMBAekfEwhnIX5Vpw==;
        path=/; Domain=.contentful.com
      - nlbi_673446=h4AaWmU0wj6ivLmm6lKYhQAAAAD/t4I5vasNZ801lGboiOTr; path=/; Domain=.contentful.com
      - visid_incap_673446=0EYtXzrmR862OCWBtOCAruoUklcAAAAAQUIPAAAAAAAcL25gyuLS9akSu0Y+VQgv;
        expires=Sat, 22 Jul 2017 06:56:17 GMT; path=/; Domain=.contentful.com
      X-Iinfo:
      - 9-212784747-212784794 NNNN CT(162 163 0) RT(1469191401864 101) q(0 0 3 -1)
        r(6 6) U5
      X-Cdn:
      - Incapsula
    body:
      encoding: UTF-8
      string: |
        {
          "fields": {},
          "sys": {
            "id": "pie_entry",
            "type": "Entry",
            "version": 1,
            "createdAt": "2016-07-22T12:43:22.860Z",
            "createdBy": {
              "sys": {
                "type": "Link",
                "linkType": "User",
                "id": "4SejVrWT96dvL9IV4Nb7sQ"
              }
            },
            "space": {
              "sys": {
                "type": "Link",
                "linkType": "Space",
                "id": "dtylzsihhqsu"
              }
            },
            "contentType": {
              "sys": {
                "type": "Link",
                "linkType": "ContentType",
                "id": "image"
              }
            },
            "updatedAt": "2016-07-22T12:43:22.860Z",
            "updatedBy": {
              "sys": {
                "type": "Link",
                "linkType": "User",
                "id": "4SejVrWT96dvL9IV4Nb7sQ"
              }
            }
          }
        }
    http_version: 
  recorded_at: Fri, 22 Jul 2016 12:43:22 GMT
- request:
    method: put
    uri: https://api.contentful.com/spaces/dtylzsihhqsu/environments/master/entries/pie_entry
    body:
      encoding: UTF-8
      string: '{"fields":{}}'
    headers:
      User-Agent:
      - ContentfulBootstrap/3.2.0
      Authorization:
      - Bearer foobar
      Content-Type:
      - application/vnd.contentful.management.v1+json
      X-Contentful-Version:
      - '1'
      Connection:
      - close
      Host:
      - api.contentful.com
  response:
    status:
      code: 200
      message: OK
    headers:
      Access-Control-Allow-Headers:
      - Accept,Accept-Language,Authorization,Cache-Control,Content-Length,Content-Range,Content-Type,DNT,Destination,Expires,If-Match,If-Modified-Since,If-None-Match,Keep-Alive,Last-Modified,Origin,Pragma,Range,User-Agent,X-Http-Method-Override,X-Mx-ReqToken,X-Requested-With,X-Contentful-Version,X-Contentful-Content-Type,X-Contentful-Organization,X-Contentful-Skip-Transformation,X-Contentful-User-Agent
      Access-Control-Allow-Methods:
      - DELETE,GET,HEAD,POST,PUT,OPTIONS
      Access-Control-Allow-Origin:
      - "*"
      Access-Control-Expose-Headers:
      - Etag
      Access-Control-Max-Age:
      - '1728000'
      Cf-Space-Id:
      - dtylzsihhqsu
      Content-Type:
      - application/vnd.contentful.management.v1+json
      Date:
      - Fri, 22 Jul 2016 12:43:23 GMT
      Etag:
      - '"f6904ab7b08fb47702c8c63bd210e284"'
      Server:
      - Contentful
      Strict-Transport-Security:
      - max-age=15768000
      X-Content-Type-Options:
      - nosniff
      X-Contentful-Request-Id:
      - b66b3de0625bf550fafaa7e99ee75561
      Content-Length:
      - '725'
      Connection:
      - Close
      Set-Cookie:
      - incap_ses_297_673446=yTHMNKCCRxCK95TJMCgfBOsUklcAAAAAJ89j+yOSwyoIZT4HjUcAqw==;
        path=/; Domain=.contentful.com
      - nlbi_673446=M0ODXl6erl/WfJs76lKYhQAAAAAcKFNp7spCBGdTfjWTWD7f; path=/; Domain=.contentful.com
      - visid_incap_673446=UJsyP5ntSWCbF5fX2lw8kusUklcAAAAAQUIPAAAAAACzODbDuQvIf5EktwWbsrRx;
        expires=Sat, 22 Jul 2017 06:56:17 GMT; path=/; Domain=.contentful.com
      X-Iinfo:
      - 9-212785079-212785114 NNNN CT(142 144 0) RT(1469191402668 92) q(0 0 3 -1)
        r(5 5) U5
      X-Cdn:
      - Incapsula
    body:
      encoding: UTF-8
      string: |
        {
          "fields": {},
          "sys": {
            "id": "pie_entry",
            "type": "Entry",
            "createdAt": "2016-07-22T12:43:22.860Z",
            "createdBy": {
              "sys": {
                "type": "Link",
                "linkType": "User",
                "id": "4SejVrWT96dvL9IV4Nb7sQ"
              }
            },
            "space": {
              "sys": {
                "type": "Link",
                "linkType": "Space",
                "id": "dtylzsihhqsu"
              }
            },
            "contentType": {
              "sys": {
                "type": "Link",
                "linkType": "ContentType",
                "id": "image"
              }
            },
            "version": 2,
            "updatedAt": "2016-07-22T12:43:23.566Z",
            "updatedBy": {
              "sys": {
                "type": "Link",
                "linkType": "User",
                "id": "4SejVrWT96dvL9IV4Nb7sQ"
              }
            }
          }
        }
    http_version: 
  recorded_at: Fri, 22 Jul 2016 12:43:23 GMT
- request:
    method: put
    uri: https://api.contentful.com/spaces/dtylzsihhqsu/environments/master/entries/flower_entry
    body:
      encoding: UTF-8
      string: '{"fields":{}}'
    headers:
      User-Agent:
      - ContentfulBootstrap/3.2.0
      Authorization:
      - Bearer foobar
      Content-Type:
      - application/vnd.contentful.management.v1+json
      X-Contentful-Content-Type:
      - image
      Connection:
      - close
      Host:
      - api.contentful.com
  response:
    status:
      code: 201
      message: Created
    headers:
      Access-Control-Allow-Headers:
      - Accept,Accept-Language,Authorization,Cache-Control,Content-Length,Content-Range,Content-Type,DNT,Destination,Expires,If-Match,If-Modified-Since,If-None-Match,Keep-Alive,Last-Modified,Origin,Pragma,Range,User-Agent,X-Http-Method-Override,X-Mx-ReqToken,X-Requested-With,X-Contentful-Version,X-Contentful-Content-Type,X-Contentful-Organization,X-Contentful-Skip-Transformation,X-Contentful-User-Agent
      Access-Control-Allow-Methods:
      - DELETE,GET,HEAD,POST,PUT,OPTIONS
      Access-Control-Allow-Origin:
      - "*"
      Access-Control-Expose-Headers:
      - Etag
      Access-Control-Max-Age:
      - '1728000'
      Cf-Space-Id:
      - dtylzsihhqsu
      Content-Type:
      - application/vnd.contentful.management.v1+json
      Date:
      - Fri, 22 Jul 2016 12:43:24 GMT
      Etag:
      - '"cbc5fe4c227f577268a8c0d8d4347851"'
      Server:
      - Contentful
      Strict-Transport-Security:
      - max-age=15768000
      X-Content-Type-Options:
      - nosniff
      X-Contentful-Request-Id:
      - d06110b0ff0cd5a78cfea28c7a07980b
      Content-Length:
      - '728'
      Connection:
      - Close
      Set-Cookie:
      - incap_ses_297_673446=9x3QboWPRUTF+JTJMCgfBOwUklcAAAAAKmoJE7PPceRglY1pb/ujpQ==;
        path=/; Domain=.contentful.com
      - nlbi_673446=o+TMSPqaL2KPxq0t6lKYhQAAAADbL0y4xNInW89kkpnfvEc7; path=/; Domain=.contentful.com
      - visid_incap_673446=OsXEXfjFSvC9Cfnl9HOa+uwUklcAAAAAQUIPAAAAAACDGzr/7ahkiDRtau5k1i9D;
        expires=Sat, 22 Jul 2017 06:56:23 GMT; path=/; Domain=.contentful.com
      X-Iinfo:
      - 2-110075474-110075484 NNNN CT(160 160 0) RT(1469191403430 89) q(0 0 3 -1)
        r(6 6) U5
      X-Cdn:
      - Incapsula
    body:
      encoding: UTF-8
      string: |
        {
          "fields": {},
          "sys": {
            "id": "flower_entry",
            "type": "Entry",
            "version": 1,
            "createdAt": "2016-07-22T12:43:24.408Z",
            "createdBy": {
              "sys": {
                "type": "Link",
                "linkType": "User",
                "id": "4SejVrWT96dvL9IV4Nb7sQ"
              }
            },
            "space": {
              "sys": {
                "type": "Link",
                "linkType": "Space",
                "id": "dtylzsihhqsu"
              }
            },
            "contentType": {
              "sys": {
                "type": "Link",
                "linkType": "ContentType",
                "id": "image"
              }
            },
            "updatedAt": "2016-07-22T12:43:24.408Z",
            "updatedBy": {
              "sys": {
                "type": "Link",
                "linkType": "User",
                "id": "4SejVrWT96dvL9IV4Nb7sQ"
              }
            }
          }
        }
    http_version: 
  recorded_at: Fri, 22 Jul 2016 12:43:24 GMT
- request:
    method: put
    uri: https://api.contentful.com/spaces/dtylzsihhqsu/environments/master/entries/flower_entry
    body:
      encoding: UTF-8
      string: '{"fields":{}}'
    headers:
      User-Agent:
      - ContentfulBootstrap/3.2.0
      Authorization:
      - Bearer foobar
      Content-Type:
      - application/vnd.contentful.management.v1+json
      X-Contentful-Version:
      - '1'
      Connection:
      - close
      Host:
      - api.contentful.com
  response:
    status:
      code: 200
      message: OK
    headers:
      Access-Control-Allow-Headers:
      - Accept,Accept-Language,Authorization,Cache-Control,Content-Length,Content-Range,Content-Type,DNT,Destination,Expires,If-Match,If-Modified-Since,If-None-Match,Keep-Alive,Last-Modified,Origin,Pragma,Range,User-Agent,X-Http-Method-Override,X-Mx-ReqToken,X-Requested-With,X-Contentful-Version,X-Contentful-Content-Type,X-Contentful-Organization,X-Contentful-Skip-Transformation,X-Contentful-User-Agent
      Access-Control-Allow-Methods:
      - DELETE,GET,HEAD,POST,PUT,OPTIONS
      Access-Control-Allow-Origin:
      - "*"
      Access-Control-Expose-Headers:
      - Etag
      Access-Control-Max-Age:
      - '1728000'
      Cf-Space-Id:
      - dtylzsihhqsu
      Content-Type:
      - application/vnd.contentful.management.v1+json
      Date:
      - Fri, 22 Jul 2016 12:43:25 GMT
      Etag:
      - '"ea4906b055cf9de7b9c9f87e138b0a81"'
      Server:
      - Contentful
      Strict-Transport-Security:
      - max-age=15768000
      X-Content-Type-Options:
      - nosniff
      X-Contentful-Request-Id:
      - 8d759850fd97e18edca54683be1042b4
      Content-Length:
      - '728'
      Connection:
      - Close
      Set-Cookie:
      - incap_ses_297_673446=nrQJExjo/EIb+pTJMCgfBOwUklcAAAAAgqZ3BvAqf7i88yB1u9ATNg==;
        path=/; Domain=.contentful.com
      - nlbi_673446=7jDBZ1Im+XSvBfVG6lKYhQAAAACvzJX23Q27oNxy11ZCiLoP; path=/; Domain=.contentful.com
      - visid_incap_673446=/oMGUKFPTsCipV7wpLbhkOwUklcAAAAAQUIPAAAAAAATnaLc0EG0/HsAgKV9se40;
        expires=Sat, 22 Jul 2017 06:56:22 GMT; path=/; Domain=.contentful.com
      X-Iinfo:
      - 1-103918107-103918119 NNNN CT(159 158 0) RT(1469191404248 90) q(0 0 3 -1)
        r(6 6) U5
      X-Cdn:
      - Incapsula
    body:
      encoding: UTF-8
      string: |
        {
          "fields": {},
          "sys": {
            "id": "flower_entry",
            "type": "Entry",
            "createdAt": "2016-07-22T12:43:24.408Z",
            "createdBy": {
              "sys": {
                "type": "Link",
                "linkType": "User",
                "id": "4SejVrWT96dvL9IV4Nb7sQ"
              }
            },
            "space": {
              "sys": {
                "type": "Link",
                "linkType": "Space",
                "id": "dtylzsihhqsu"
              }
            },
            "contentType": {
              "sys": {
                "type": "Link",
                "linkType": "ContentType",
                "id": "image"
              }
            },
            "version": 2,
            "updatedAt": "2016-07-22T12:43:25.229Z",
            "updatedBy": {
              "sys": {
                "type": "Link",
                "linkType": "User",
                "id": "4SejVrWT96dvL9IV4Nb7sQ"
              }
            }
          }
        }
    http_version: 
  recorded_at: Fri, 22 Jul 2016 12:43:25 GMT
- request:
    method: get
    uri: https://api.contentful.com/spaces/dtylzsihhqsu/environments/master/content_types/gallery
    body:
      encoding: US-ASCII
      string: ''
    headers:
      User-Agent:
      - ContentfulBootstrap/3.2.0
      Authorization:
      - Bearer foobar
      Content-Type:
      - application/vnd.contentful.management.v1+json
      Content-Length:
      - '0'
      Connection:
      - close
      Host:
      - api.contentful.com
  response:
    status:
      code: 200
      message: OK
    headers:
      Access-Control-Allow-Headers:
      - Accept,Accept-Language,Authorization,Cache-Control,Content-Length,Content-Range,Content-Type,DNT,Destination,Expires,If-Match,If-Modified-Since,If-None-Match,Keep-Alive,Last-Modified,Origin,Pragma,Range,User-Agent,X-Http-Method-Override,X-Mx-ReqToken,X-Requested-With,X-Contentful-Version,X-Contentful-Content-Type,X-Contentful-Organization,X-Contentful-Skip-Transformation,X-Contentful-User-Agent
      Access-Control-Allow-Methods:
      - DELETE,GET,HEAD,POST,PUT,OPTIONS
      Access-Control-Allow-Origin:
      - "*"
      Access-Control-Expose-Headers:
      - Etag
      Access-Control-Max-Age:
      - '1728000'
      Cf-Space-Id:
      - dtylzsihhqsu
      Content-Type:
      - application/vnd.contentful.management.v1+json
      Date:
      - Fri, 22 Jul 2016 12:43:25 GMT
      Etag:
      - '"b5c47056dc7cfd8f557fcdc1a2a4bcd2"'
      Server:
      - Contentful
      Strict-Transport-Security:
      - max-age=15768000
      X-Content-Type-Options:
      - nosniff
      X-Contentful-Request-Id:
      - 1412535c02c50db817c1185af417b1c7
      Content-Length:
      - '1663'
      Connection:
      - Close
      Set-Cookie:
      - incap_ses_297_673446=orgvUTl6FUNS+5TJMCgfBO0UklcAAAAAtaRjpTfhGnvuq6BP05QnLw==;
        path=/; Domain=.contentful.com
      - nlbi_673446=XCzgAgx6KxcA/P1s6lKYhQAAAABR9lyM39ZhDNbk3QWC7LEg; path=/; Domain=.contentful.com
      - visid_incap_673446=CKNxW7UwTR++AB/4itIequ0UklcAAAAAQUIPAAAAAAC+n7DsS+lDnSUJ61nFiG0T;
        expires=Sat, 22 Jul 2017 06:56:23 GMT; path=/; Domain=.contentful.com
      X-Iinfo:
      - 10-230197029-230197066 NNNN CT(142 157 0) RT(1469191405022 94) q(0 0 3 -1)
        r(5 5) U5
      X-Cdn:
      - Incapsula
    body:
      encoding: UTF-8
      string: |
        {
          "displayField": "title",
          "name": "Gallery",
          "fields": [
            {
              "id": "title",
              "name": "Title",
              "type": "Symbol",
              "localized": false,
              "required": false,
              "disabled": false,
              "omitted": false,
              "validations": []
            },
            {
              "id": "author",
              "name": "Author",
              "type": "Link",
              "linkType": "Entry",
              "localized": false,
              "required": false,
              "disabled": false,
              "omitted": false,
              "validations": []
            },
            {
              "id": "images",
              "name": "Images",
              "type": "Array",
              "items": {
                "type": "Link",
                "linkType": "Entry"
              },
              "localized": false,
              "required": false,
              "disabled": false,
              "omitted": false,
              "validations": []
            }
          ],
          "sys": {
            "id": "gallery",
            "type": "ContentType",
            "createdAt": "2016-07-22T12:43:06.561Z",
            "createdBy": {
              "sys": {
                "type": "Link",
                "linkType": "User",
                "id": "4SejVrWT96dvL9IV4Nb7sQ"
              }
            },
            "space": {
              "sys": {
                "type": "Link",
                "linkType": "Space",
                "id": "dtylzsihhqsu"
              }
            },
            "firstPublishedAt": "2016-07-22T12:43:09.418Z",
            "publishedCounter": 1,
            "publishedAt": "2016-07-22T12:43:09.418Z",
            "publishedBy": {
              "sys": {
                "type": "Link",
                "linkType": "User",
                "id": "4SejVrWT96dvL9IV4Nb7sQ"
              }
            },
            "publishedVersion": 1,
            "version": 2,
            "updatedAt": "2016-07-22T12:43:09.430Z",
            "updatedBy": {
              "sys": {
                "type": "Link",
                "linkType": "User",
                "id": "4SejVrWT96dvL9IV4Nb7sQ"
              }
            }
          }
        }
    http_version: 
  recorded_at: Fri, 22 Jul 2016 12:43:26 GMT
- request:
    method: put
    uri: https://api.contentful.com/spaces/dtylzsihhqsu/environments/master/entries/gallery
    body:
      encoding: UTF-8
      string: '{"fields":{}}'
    headers:
      User-Agent:
      - ContentfulBootstrap/3.2.0
      Authorization:
      - Bearer foobar
      Content-Type:
      - application/vnd.contentful.management.v1+json
      X-Contentful-Content-Type:
      - gallery
      Connection:
      - close
      Host:
      - api.contentful.com
  response:
    status:
      code: 201
      message: Created
    headers:
      Access-Control-Allow-Headers:
      - Accept,Accept-Language,Authorization,Cache-Control,Content-Length,Content-Range,Content-Type,DNT,Destination,Expires,If-Match,If-Modified-Since,If-None-Match,Keep-Alive,Last-Modified,Origin,Pragma,Range,User-Agent,X-Http-Method-Override,X-Mx-ReqToken,X-Requested-With,X-Contentful-Version,X-Contentful-Content-Type,X-Contentful-Organization,X-Contentful-Skip-Transformation,X-Contentful-User-Agent
      Access-Control-Allow-Methods:
      - DELETE,GET,HEAD,POST,PUT,OPTIONS
      Access-Control-Allow-Origin:
      - "*"
      Access-Control-Expose-Headers:
      - Etag
      Access-Control-Max-Age:
      - '1728000'
      Cf-Space-Id:
      - dtylzsihhqsu
      Content-Type:
      - application/vnd.contentful.management.v1+json
      Date:
      - Fri, 22 Jul 2016 12:43:26 GMT
      Etag:
      - '"c35ac4d490c0ebc892c7f34848a78e71"'
      Server:
      - Contentful
      Strict-Transport-Security:
      - max-age=15768000
      X-Content-Type-Options:
      - nosniff
      X-Contentful-Request-Id:
      - 2742668d5c848f4fec27998a7ec4d524
      Content-Length:
      - '725'
      Connection:
      - Close
      Set-Cookie:
      - incap_ses_297_673446=xsFhcVWHigCH/JTJMCgfBO4UklcAAAAA2mTh9yAKhl/BC4a33l8cIA==;
        path=/; Domain=.contentful.com
      - nlbi_673446=ho4iG45aEmuKHHOP6lKYhQAAAADrsyZMtRVSUN0brNgVo50b; path=/; Domain=.contentful.com
      - visid_incap_673446=cPHOvk1ES+S6kpNLP688ju4UklcAAAAAQUIPAAAAAACznNGqfdkr5V0d7oICt9wU;
        expires=Sat, 22 Jul 2017 06:56:23 GMT; path=/; Domain=.contentful.com
      X-Iinfo:
      - 5-168600712-168600738 NNNN CT(143 145 0) RT(1469191405744 92) q(0 0 3 -1)
        r(5 5) U5
      X-Cdn:
      - Incapsula
    body:
      encoding: UTF-8
      string: |
        {
          "fields": {},
          "sys": {
            "id": "gallery",
            "type": "Entry",
            "version": 1,
            "createdAt": "2016-07-22T12:43:26.664Z",
            "createdBy": {
              "sys": {
                "type": "Link",
                "linkType": "User",
                "id": "4SejVrWT96dvL9IV4Nb7sQ"
              }
            },
            "space": {
              "sys": {
                "type": "Link",
                "linkType": "Space",
                "id": "dtylzsihhqsu"
              }
            },
            "contentType": {
              "sys": {
                "type": "Link",
                "linkType": "ContentType",
                "id": "gallery"
              }
            },
            "updatedAt": "2016-07-22T12:43:26.664Z",
            "updatedBy": {
              "sys": {
                "type": "Link",
                "linkType": "User",
                "id": "4SejVrWT96dvL9IV4Nb7sQ"
              }
            }
          }
        }
    http_version: 
  recorded_at: Fri, 22 Jul 2016 12:43:26 GMT
- request:
    method: put
    uri: https://api.contentful.com/spaces/dtylzsihhqsu/environments/master/entries/gallery
    body:
      encoding: UTF-8
      string: '{"fields":{}}'
    headers:
      User-Agent:
      - ContentfulBootstrap/3.2.0
      Authorization:
      - Bearer foobar
      Content-Type:
      - application/vnd.contentful.management.v1+json
      X-Contentful-Version:
      - '1'
      Connection:
      - close
      Host:
      - api.contentful.com
  response:
    status:
      code: 200
      message: OK
    headers:
      Access-Control-Allow-Headers:
      - Accept,Accept-Language,Authorization,Cache-Control,Content-Length,Content-Range,Content-Type,DNT,Destination,Expires,If-Match,If-Modified-Since,If-None-Match,Keep-Alive,Last-Modified,Origin,Pragma,Range,User-Agent,X-Http-Method-Override,X-Mx-ReqToken,X-Requested-With,X-Contentful-Version,X-Contentful-Content-Type,X-Contentful-Organization,X-Contentful-Skip-Transformation,X-Contentful-User-Agent
      Access-Control-Allow-Methods:
      - DELETE,GET,HEAD,POST,PUT,OPTIONS
      Access-Control-Allow-Origin:
      - "*"
      Access-Control-Expose-Headers:
      - Etag
      Access-Control-Max-Age:
      - '1728000'
      Cf-Space-Id:
      - dtylzsihhqsu
      Content-Type:
      - application/vnd.contentful.management.v1+json
      Date:
      - Fri, 22 Jul 2016 12:43:27 GMT
      Etag:
      - '"5a4e61166009f32d200a798c495e1093"'
      Server:
      - Contentful
      Strict-Transport-Security:
      - max-age=15768000
      X-Content-Type-Options:
      - nosniff
      X-Contentful-Request-Id:
      - 77cad049bfbcf01b2f8cbf3b51af1241
      Content-Length:
      - '725'
      Connection:
      - Close
      Set-Cookie:
      - incap_ses_297_673446=Zv5TBuYD5x+h/ZTJMCgfBO8UklcAAAAAEjZ73zonEW4xHKC3N++IfA==;
        path=/; Domain=.contentful.com
      - nlbi_673446=0Bw4KH4RRx9tQErH6lKYhQAAAAATJkFQGr1zfM372jovMRed; path=/; Domain=.contentful.com
      - visid_incap_673446=pziPDfPuQEa9wnM53gPHyO8UklcAAAAAQUIPAAAAAADyAX2FdtryIrUT38PWhY6i;
        expires=Sat, 22 Jul 2017 06:56:23 GMT; path=/; Domain=.contentful.com
      X-Iinfo:
      - 3-128010174-128010217 NNNN CT(146 143 0) RT(1469191406515 106) q(0 0 3 -1)
        r(5 5) U5
      X-Cdn:
      - Incapsula
    body:
      encoding: UTF-8
      string: |
        {
          "fields": {},
          "sys": {
            "id": "gallery",
            "type": "Entry",
            "createdAt": "2016-07-22T12:43:26.664Z",
            "createdBy": {
              "sys": {
                "type": "Link",
                "linkType": "User",
                "id": "4SejVrWT96dvL9IV4Nb7sQ"
              }
            },
            "space": {
              "sys": {
                "type": "Link",
                "linkType": "Space",
                "id": "dtylzsihhqsu"
              }
            },
            "contentType": {
              "sys": {
                "type": "Link",
                "linkType": "ContentType",
                "id": "gallery"
              }
            },
            "version": 2,
            "updatedAt": "2016-07-22T12:43:27.458Z",
            "updatedBy": {
              "sys": {
                "type": "Link",
                "linkType": "User",
                "id": "4SejVrWT96dvL9IV4Nb7sQ"
              }
            }
          }
        }
    http_version: 
  recorded_at: Fri, 22 Jul 2016 12:43:27 GMT
- request:
    method: get
    uri: https://api.contentful.com/spaces/dtylzsihhqsu/environments/master/entries/dave
    body:
      encoding: US-ASCII
      string: ''
    headers:
      User-Agent:
      - ContentfulBootstrap/3.2.0
      Authorization:
      - Bearer foobar
      Content-Type:
      - application/vnd.contentful.management.v1+json
      Content-Length:
      - '0'
      Connection:
      - close
      Host:
      - api.contentful.com
  response:
    status:
      code: 200
      message: OK
    headers:
      Access-Control-Allow-Headers:
      - Accept,Accept-Language,Authorization,Cache-Control,Content-Length,Content-Range,Content-Type,DNT,Destination,Expires,If-Match,If-Modified-Since,If-None-Match,Keep-Alive,Last-Modified,Origin,Pragma,Range,User-Agent,X-Http-Method-Override,X-Mx-ReqToken,X-Requested-With,X-Contentful-Version,X-Contentful-Content-Type,X-Contentful-Organization,X-Contentful-Skip-Transformation,X-Contentful-User-Agent
      Access-Control-Allow-Methods:
      - DELETE,GET,HEAD,POST,PUT,OPTIONS
      Access-Control-Allow-Origin:
      - "*"
      Access-Control-Expose-Headers:
      - Etag
      Access-Control-Max-Age:
      - '1728000'
      Cf-Space-Id:
      - dtylzsihhqsu
      Content-Type:
      - application/vnd.contentful.management.v1+json
      Date:
      - Fri, 22 Jul 2016 12:43:28 GMT
      Etag:
      - '"e49a3e7ab33d7233bc98d752c577ef64"'
      Server:
      - Contentful
      Strict-Transport-Security:
      - max-age=15768000
      X-Content-Type-Options:
      - nosniff
      X-Contentful-Request-Id:
      - 8bb6ffadf32dc6a409432be32f1bb42d
      Content-Length:
      - '721'
      Connection:
      - Close
      Set-Cookie:
      - incap_ses_297_673446=fQjaRRsEcHLy/pTJMCgfBO8UklcAAAAAz69XbccA3jTN1JxCzZmUtQ==;
        path=/; Domain=.contentful.com
      - nlbi_673446=gZQiSghqNQSFIJC/6lKYhQAAAAAF/FOQrYBnDi7EkSiHXcfn; path=/; Domain=.contentful.com
      - visid_incap_673446=BmKM61wbShWU3eIXMyZFZu8UklcAAAAAQUIPAAAAAADVrbhA4CQKDFr1YBoCCd04;
        expires=Sat, 22 Jul 2017 06:56:23 GMT; path=/; Domain=.contentful.com
      X-Iinfo:
      - 3-128010382-128010413 NNNN CT(164 162 0) RT(1469191407250 96) q(0 0 3 -1)
        r(6 6) U5
      X-Cdn:
      - Incapsula
    body:
      encoding: UTF-8
      string: |
        {
          "fields": {},
          "sys": {
            "id": "dave",
            "type": "Entry",
            "createdAt": "2016-07-22T12:43:20.575Z",
            "createdBy": {
              "sys": {
                "type": "Link",
                "linkType": "User",
                "id": "4SejVrWT96dvL9IV4Nb7sQ"
              }
            },
            "space": {
              "sys": {
                "type": "Link",
                "linkType": "Space",
                "id": "dtylzsihhqsu"
              }
            },
            "contentType": {
              "sys": {
                "type": "Link",
                "linkType": "ContentType",
                "id": "author"
              }
            },
            "version": 2,
            "updatedAt": "2016-07-22T12:43:21.293Z",
            "updatedBy": {
              "sys": {
                "type": "Link",
                "linkType": "User",
                "id": "4SejVrWT96dvL9IV4Nb7sQ"
              }
            }
          }
        }
    http_version: 
  recorded_at: Fri, 22 Jul 2016 12:43:28 GMT
- request:
    method: put
    uri: https://api.contentful.com/spaces/dtylzsihhqsu/environments/master/entries/dave
    body:
      encoding: UTF-8
      string: '{"fields":{"name":{"en-US":"Dave"}}}'
    headers:
      User-Agent:
      - ContentfulBootstrap/3.2.0
      Authorization:
      - Bearer foobar
      Content-Type:
      - application/vnd.contentful.management.v1+json
      X-Contentful-Version:
      - '2'
      Connection:
      - close
      Host:
      - api.contentful.com
  response:
    status:
      code: 200
      message: OK
    headers:
      Access-Control-Allow-Headers:
      - Accept,Accept-Language,Authorization,Cache-Control,Content-Length,Content-Range,Content-Type,DNT,Destination,Expires,If-Match,If-Modified-Since,If-None-Match,Keep-Alive,Last-Modified,Origin,Pragma,Range,User-Agent,X-Http-Method-Override,X-Mx-ReqToken,X-Requested-With,X-Contentful-Version,X-Contentful-Content-Type,X-Contentful-Organization,X-Contentful-Skip-Transformation,X-Contentful-User-Agent
      Access-Control-Allow-Methods:
      - DELETE,GET,HEAD,POST,PUT,OPTIONS
      Access-Control-Allow-Origin:
      - "*"
      Access-Control-Expose-Headers:
      - Etag
      Access-Control-Max-Age:
      - '1728000'
      Cf-Space-Id:
      - dtylzsihhqsu
      Content-Type:
      - application/vnd.contentful.management.v1+json
      Date:
      - Fri, 22 Jul 2016 12:43:29 GMT
      Etag:
      - '"c9b4491433abf8e80c4e25d656049ccb"'
      Server:
      - Contentful
      Strict-Transport-Security:
      - max-age=15768000
      X-Content-Type-Options:
      - nosniff
      X-Contentful-Request-Id:
      - 5f91c0ee1e4e990b8485006ba0317fd4
      Content-Length:
      - '766'
      Connection:
      - Close
      Set-Cookie:
      - incap_ses_297_673446=ucOkZhau8irMAJXJMCgfBPAUklcAAAAAW0i6i2SHGYzCQOkYC7oTpQ==;
        path=/; Domain=.contentful.com
      - nlbi_673446=J2yMMC+sSRRdTk3a6lKYhQAAAAAevcv1yRB8I50liWWQzmUW; path=/; Domain=.contentful.com
      - visid_incap_673446=K4sKZAgiTAG2TUXfczeAL/AUklcAAAAAQUIPAAAAAACa32z02Jdedd1G0ayttL1x;
        expires=Sat, 22 Jul 2017 06:56:17 GMT; path=/; Domain=.contentful.com
      X-Iinfo:
      - 9-212786914-212786968 NNNN CT(144 169 0) RT(1469191408036 125) q(0 0 3 -1)
        r(6 6) U5
      X-Cdn:
      - Incapsula
    body:
      encoding: UTF-8
      string: |
        {
          "fields": {
            "name": {
              "en-US": "Dave"
            }
          },
          "sys": {
            "id": "dave",
            "type": "Entry",
            "createdAt": "2016-07-22T12:43:20.575Z",
            "createdBy": {
              "sys": {
                "type": "Link",
                "linkType": "User",
                "id": "4SejVrWT96dvL9IV4Nb7sQ"
              }
            },
            "space": {
              "sys": {
                "type": "Link",
                "linkType": "Space",
                "id": "dtylzsihhqsu"
              }
            },
            "contentType": {
              "sys": {
                "type": "Link",
                "linkType": "ContentType",
                "id": "author"
              }
            },
            "version": 3,
            "updatedAt": "2016-07-22T12:43:29.006Z",
            "updatedBy": {
              "sys": {
                "type": "Link",
                "linkType": "User",
                "id": "4SejVrWT96dvL9IV4Nb7sQ"
              }
            }
          }
        }
    http_version: 
  recorded_at: Fri, 22 Jul 2016 12:43:29 GMT
- request:
    method: put
    uri: https://api.contentful.com/spaces/dtylzsihhqsu/environments/master/entries/dave
    body:
      encoding: UTF-8
      string: '{"fields":{"name":{"en-US":"Dave"}}}'
    headers:
      User-Agent:
      - ContentfulBootstrap/3.2.0
      Authorization:
      - Bearer foobar
      Content-Type:
      - application/vnd.contentful.management.v1+json
      X-Contentful-Version:
      - '3'
      Connection:
      - close
      Host:
      - api.contentful.com
  response:
    status:
      code: 200
      message: OK
    headers:
      Access-Control-Allow-Headers:
      - Accept,Accept-Language,Authorization,Cache-Control,Content-Length,Content-Range,Content-Type,DNT,Destination,Expires,If-Match,If-Modified-Since,If-None-Match,Keep-Alive,Last-Modified,Origin,Pragma,Range,User-Agent,X-Http-Method-Override,X-Mx-ReqToken,X-Requested-With,X-Contentful-Version,X-Contentful-Content-Type,X-Contentful-Organization,X-Contentful-Skip-Transformation,X-Contentful-User-Agent
      Access-Control-Allow-Methods:
      - DELETE,GET,HEAD,POST,PUT,OPTIONS
      Access-Control-Allow-Origin:
      - "*"
      Access-Control-Expose-Headers:
      - Etag
      Access-Control-Max-Age:
      - '1728000'
      Cf-Space-Id:
      - dtylzsihhqsu
      Content-Type:
      - application/vnd.contentful.management.v1+json
      Date:
      - Fri, 22 Jul 2016 12:43:29 GMT
      Etag:
      - '"620d3e9f4c150c077192b2ecc0df9ecc"'
      Server:
      - Contentful
      Strict-Transport-Security:
      - max-age=15768000
      X-Content-Type-Options:
      - nosniff
      X-Contentful-Request-Id:
      - 3122d641a1a2a4ff4d434c86d836eec8
      Content-Length:
      - '766'
      Connection:
      - Close
      Set-Cookie:
      - incap_ses_297_673446=EglARi9cwzUlApXJMCgfBPEUklcAAAAAOONcBOHycCWFT76+a9owjw==;
        path=/; Domain=.contentful.com
      - nlbi_673446=Z+fDG51O4Bftehwk6lKYhQAAAACAUuP+cdpGbwqwvvR5vw9w; path=/; Domain=.contentful.com
      - visid_incap_673446=6u4JrnvYQKSfDoMEq2VmHPEUklcAAAAAQUIPAAAAAADboIB4+UA/rlfV24ive3O3;
        expires=Sat, 22 Jul 2017 06:56:23 GMT; path=/; Domain=.contentful.com
      X-Iinfo:
      - 10-230198428-230198466 NNNN CT(145 143 0) RT(1469191408797 106) q(0 0 2 -1)
        r(5 5) U5
      X-Cdn:
      - Incapsula
    body:
      encoding: UTF-8
      string: |
        {
          "fields": {
            "name": {
              "en-US": "Dave"
            }
          },
          "sys": {
            "id": "dave",
            "type": "Entry",
            "createdAt": "2016-07-22T12:43:20.575Z",
            "createdBy": {
              "sys": {
                "type": "Link",
                "linkType": "User",
                "id": "4SejVrWT96dvL9IV4Nb7sQ"
              }
            },
            "space": {
              "sys": {
                "type": "Link",
                "linkType": "Space",
                "id": "dtylzsihhqsu"
              }
            },
            "contentType": {
              "sys": {
                "type": "Link",
                "linkType": "ContentType",
                "id": "author"
              }
            },
            "version": 4,
            "updatedAt": "2016-07-22T12:43:29.750Z",
            "updatedBy": {
              "sys": {
                "type": "Link",
                "linkType": "User",
                "id": "4SejVrWT96dvL9IV4Nb7sQ"
              }
            }
          }
        }
    http_version: 
  recorded_at: Fri, 22 Jul 2016 12:43:29 GMT
- request:
    method: get
    uri: https://api.contentful.com/spaces/dtylzsihhqsu/environments/master/entries/dave
    body:
      encoding: US-ASCII
      string: ''
    headers:
      User-Agent:
      - ContentfulBootstrap/3.2.0
      Authorization:
      - Bearer foobar
      Content-Type:
      - application/vnd.contentful.management.v1+json
      Content-Length:
      - '0'
      Connection:
      - close
      Host:
      - api.contentful.com
  response:
    status:
      code: 200
      message: OK
    headers:
      Access-Control-Allow-Headers:
      - Accept,Accept-Language,Authorization,Cache-Control,Content-Length,Content-Range,Content-Type,DNT,Destination,Expires,If-Match,If-Modified-Since,If-None-Match,Keep-Alive,Last-Modified,Origin,Pragma,Range,User-Agent,X-Http-Method-Override,X-Mx-ReqToken,X-Requested-With,X-Contentful-Version,X-Contentful-Content-Type,X-Contentful-Organization,X-Contentful-Skip-Transformation,X-Contentful-User-Agent
      Access-Control-Allow-Methods:
      - DELETE,GET,HEAD,POST,PUT,OPTIONS
      Access-Control-Allow-Origin:
      - "*"
      Access-Control-Expose-Headers:
      - Etag
      Access-Control-Max-Age:
      - '1728000'
      Cf-Space-Id:
      - dtylzsihhqsu
      Content-Type:
      - application/vnd.contentful.management.v1+json
      Date:
      - Fri, 22 Jul 2016 12:43:30 GMT
      Etag:
      - '"96df8d61b3063271ecb1b8d8a8b4bf12"'
      Server:
      - Contentful
      Strict-Transport-Security:
      - max-age=15768000
      X-Content-Type-Options:
      - nosniff
      X-Contentful-Request-Id:
      - e86e602a83ee961308c6e19884c01356
      Content-Length:
      - '766'
      Connection:
      - Close
      Set-Cookie:
      - incap_ses_297_673446=+a2IckJtkT9bA5XJMCgfBPIUklcAAAAACIr1PleQVp33PriPAg28SQ==;
        path=/; Domain=.contentful.com
      - nlbi_673446=jOVpTFPGcjO45Dmh6lKYhQAAAAACrIvBIuqIFOPyNbpldhzv; path=/; Domain=.contentful.com
      - visid_incap_673446=QvmMoLtASY+D2PltzNqbHPIUklcAAAAAQUIPAAAAAACTVpeWpnptqsTiuuyMSQlR;
        expires=Sat, 22 Jul 2017 06:56:23 GMT; path=/; Domain=.contentful.com
      X-Iinfo:
      - 5-168601902-168601929 NNNN CT(140 145 0) RT(1469191409572 91) q(0 0 3 -1)
        r(5 5) U5
      X-Cdn:
      - Incapsula
    body:
      encoding: UTF-8
      string: |
        {
          "fields": {
            "name": {
              "en-US": "Dave"
            }
          },
          "sys": {
            "id": "dave",
            "type": "Entry",
            "createdAt": "2016-07-22T12:43:20.575Z",
            "createdBy": {
              "sys": {
                "type": "Link",
                "linkType": "User",
                "id": "4SejVrWT96dvL9IV4Nb7sQ"
              }
            },
            "space": {
              "sys": {
                "type": "Link",
                "linkType": "Space",
                "id": "dtylzsihhqsu"
              }
            },
            "contentType": {
              "sys": {
                "type": "Link",
                "linkType": "ContentType",
                "id": "author"
              }
            },
            "version": 4,
            "updatedAt": "2016-07-22T12:43:29.757Z",
            "updatedBy": {
              "sys": {
                "type": "Link",
                "linkType": "User",
                "id": "4SejVrWT96dvL9IV4Nb7sQ"
              }
            }
          }
        }
    http_version: 
  recorded_at: Fri, 22 Jul 2016 12:43:30 GMT
- request:
    method: get
    uri: https://api.contentful.com/spaces/dtylzsihhqsu/environments/master/entries/pie_entry
    body:
      encoding: US-ASCII
      string: ''
    headers:
      User-Agent:
      - ContentfulBootstrap/3.2.0
      Authorization:
      - Bearer foobar
      Content-Type:
      - application/vnd.contentful.management.v1+json
      Content-Length:
      - '0'
      Connection:
      - close
      Host:
      - api.contentful.com
  response:
    status:
      code: 200
      message: OK
    headers:
      Access-Control-Allow-Headers:
      - Accept,Accept-Language,Authorization,Cache-Control,Content-Length,Content-Range,Content-Type,DNT,Destination,Expires,If-Match,If-Modified-Since,If-None-Match,Keep-Alive,Last-Modified,Origin,Pragma,Range,User-Agent,X-Http-Method-Override,X-Mx-ReqToken,X-Requested-With,X-Contentful-Version,X-Contentful-Content-Type,X-Contentful-Organization,X-Contentful-Skip-Transformation,X-Contentful-User-Agent
      Access-Control-Allow-Methods:
      - DELETE,GET,HEAD,POST,PUT,OPTIONS
      Access-Control-Allow-Origin:
      - "*"
      Access-Control-Expose-Headers:
      - Etag
      Access-Control-Max-Age:
      - '1728000'
      Cf-Space-Id:
      - dtylzsihhqsu
      Content-Type:
      - application/vnd.contentful.management.v1+json
      Date:
      - Fri, 22 Jul 2016 12:43:31 GMT
      Etag:
      - '"7ad6f1997088966fa2ff55c553e6540b"'
      Server:
      - Contentful
      Strict-Transport-Security:
      - max-age=15768000
      X-Content-Type-Options:
      - nosniff
      X-Contentful-Request-Id:
      - f6cfa21c4c0f0b3f64930fccd86b4410
      Content-Length:
      - '725'
      Connection:
      - Close
      Set-Cookie:
      - incap_ses_297_673446=v8YpOK6ipA92BJXJMCgfBPIUklcAAAAA/Mklx4pKaJpvEYe/bkhh3A==;
        path=/; Domain=.contentful.com
      - nlbi_673446=BoRgCFRmFA8tjG0b6lKYhQAAAACLF0cHFdCOI6AHMUkb3krj; path=/; Domain=.contentful.com
      - visid_incap_673446=mWRfKaA+TXWtGD1Rn1YFnfIUklcAAAAAQUIPAAAAAADRqr7N79HCI3rFtFQ1WdIx;
        expires=Sat, 22 Jul 2017 06:56:23 GMT; path=/; Domain=.contentful.com
      X-Iinfo:
      - 8-196044672-196044695 NNNN CT(142 141 0) RT(1469191410284 98) q(0 0 3 -1)
        r(6 6) U5
      X-Cdn:
      - Incapsula
    body:
      encoding: UTF-8
      string: |
        {
          "fields": {},
          "sys": {
            "id": "pie_entry",
            "type": "Entry",
            "createdAt": "2016-07-22T12:43:22.860Z",
            "createdBy": {
              "sys": {
                "type": "Link",
                "linkType": "User",
                "id": "4SejVrWT96dvL9IV4Nb7sQ"
              }
            },
            "space": {
              "sys": {
                "type": "Link",
                "linkType": "Space",
                "id": "dtylzsihhqsu"
              }
            },
            "contentType": {
              "sys": {
                "type": "Link",
                "linkType": "ContentType",
                "id": "image"
              }
            },
            "version": 2,
            "updatedAt": "2016-07-22T12:43:23.573Z",
            "updatedBy": {
              "sys": {
                "type": "Link",
                "linkType": "User",
                "id": "4SejVrWT96dvL9IV4Nb7sQ"
              }
            }
          }
        }
    http_version: 
  recorded_at: Fri, 22 Jul 2016 12:43:31 GMT
- request:
    method: put
    uri: https://api.contentful.com/spaces/dtylzsihhqsu/environments/master/entries/pie_entry
    body:
      encoding: UTF-8
      string: '{"fields":{"title":{"en-US":"A Pie in the Sky"},"photo":{"en-US":{"sys":{"type":"Link","linkType":"Asset","id":"pie"}}}}}'
    headers:
      User-Agent:
      - ContentfulBootstrap/3.2.0
      Authorization:
      - Bearer foobar
      Content-Type:
      - application/vnd.contentful.management.v1+json
      X-Contentful-Version:
      - '2'
      Connection:
      - close
      Host:
      - api.contentful.com
  response:
    status:
      code: 200
      message: OK
    headers:
      Access-Control-Allow-Headers:
      - Accept,Accept-Language,Authorization,Cache-Control,Content-Length,Content-Range,Content-Type,DNT,Destination,Expires,If-Match,If-Modified-Since,If-None-Match,Keep-Alive,Last-Modified,Origin,Pragma,Range,User-Agent,X-Http-Method-Override,X-Mx-ReqToken,X-Requested-With,X-Contentful-Version,X-Contentful-Content-Type,X-Contentful-Organization,X-Contentful-Skip-Transformation,X-Contentful-User-Agent
      Access-Control-Allow-Methods:
      - DELETE,GET,HEAD,POST,PUT,OPTIONS
      Access-Control-Allow-Origin:
      - "*"
      Access-Control-Expose-Headers:
      - Etag
      Access-Control-Max-Age:
      - '1728000'
      Cf-Space-Id:
      - dtylzsihhqsu
      Content-Type:
      - application/vnd.contentful.management.v1+json
      Date:
      - Fri, 22 Jul 2016 12:43:32 GMT
      Etag:
      - '"8e1d7191e3789bf6618723600bc3cc96"'
      Server:
      - Contentful
      Strict-Transport-Security:
      - max-age=15768000
      X-Content-Type-Options:
      - nosniff
      X-Contentful-Request-Id:
      - 7c7b134070e2308788dedb4cc030b969
      Content-Length:
      - '936'
      Connection:
      - Close
      Set-Cookie:
      - incap_ses_297_673446=PYJAEMw7yx/+BZXJMCgfBPMUklcAAAAA35IbM/d6MvOM/CKF92JmpA==;
        path=/; Domain=.contentful.com
      - nlbi_673446=R/uGTQca23aXgrtH6lKYhQAAAACQuipLobq4ii73VQrpfjvD; path=/; Domain=.contentful.com
      - visid_incap_673446=sbyoUPyzSR2sX3VRVpydEvMUklcAAAAAQUIPAAAAAABHdNYwpt7zXvuU4bo+YwWt;
        expires=Sat, 22 Jul 2017 06:56:09 GMT; path=/; Domain=.contentful.com
      X-Iinfo:
      - 4-147373714-147373738 NNNN CT(142 144 0) RT(1469191411006 91) q(0 0 3 -1)
        r(7 7) U5
      X-Cdn:
      - Incapsula
    body:
      encoding: UTF-8
      string: |
        {
          "fields": {
            "title": {
              "en-US": "A Pie in the Sky"
            },
            "photo": {
              "en-US": {
                "sys": {
                  "type": "Link",
                  "linkType": "Asset",
                  "id": "pie"
                }
              }
            }
          },
          "sys": {
            "id": "pie_entry",
            "type": "Entry",
            "createdAt": "2016-07-22T12:43:22.860Z",
            "createdBy": {
              "sys": {
                "type": "Link",
                "linkType": "User",
                "id": "4SejVrWT96dvL9IV4Nb7sQ"
              }
            },
            "space": {
              "sys": {
                "type": "Link",
                "linkType": "Space",
                "id": "dtylzsihhqsu"
              }
            },
            "contentType": {
              "sys": {
                "type": "Link",
                "linkType": "ContentType",
                "id": "image"
              }
            },
            "version": 3,
            "updatedAt": "2016-07-22T12:43:32.079Z",
            "updatedBy": {
              "sys": {
                "type": "Link",
                "linkType": "User",
                "id": "4SejVrWT96dvL9IV4Nb7sQ"
              }
            }
          }
        }
    http_version: 
  recorded_at: Fri, 22 Jul 2016 12:43:32 GMT
- request:
    method: put
    uri: https://api.contentful.com/spaces/dtylzsihhqsu/environments/master/entries/pie_entry
    body:
      encoding: UTF-8
      string: '{"fields":{"title":{"en-US":"A Pie in the Sky"},"photo":{"en-US":{"sys":{"type":"Link","linkType":"Asset","id":"pie"}}}}}'
    headers:
      User-Agent:
      - ContentfulBootstrap/3.2.0
      Authorization:
      - Bearer foobar
      Content-Type:
      - application/vnd.contentful.management.v1+json
      X-Contentful-Version:
      - '3'
      Connection:
      - close
      Host:
      - api.contentful.com
  response:
    status:
      code: 200
      message: OK
    headers:
      Access-Control-Allow-Headers:
      - Accept,Accept-Language,Authorization,Cache-Control,Content-Length,Content-Range,Content-Type,DNT,Destination,Expires,If-Match,If-Modified-Since,If-None-Match,Keep-Alive,Last-Modified,Origin,Pragma,Range,User-Agent,X-Http-Method-Override,X-Mx-ReqToken,X-Requested-With,X-Contentful-Version,X-Contentful-Content-Type,X-Contentful-Organization,X-Contentful-Skip-Transformation,X-Contentful-User-Agent
      Access-Control-Allow-Methods:
      - DELETE,GET,HEAD,POST,PUT,OPTIONS
      Access-Control-Allow-Origin:
      - "*"
      Access-Control-Expose-Headers:
      - Etag
      Access-Control-Max-Age:
      - '1728000'
      Cf-Space-Id:
      - dtylzsihhqsu
      Content-Type:
      - application/vnd.contentful.management.v1+json
      Date:
      - Fri, 22 Jul 2016 12:43:32 GMT
      Etag:
      - '"680d6f73f1849f077806d496e02f5950"'
      Server:
      - Contentful
      Strict-Transport-Security:
      - max-age=15768000
      X-Content-Type-Options:
      - nosniff
      X-Contentful-Request-Id:
      - f11b231a8e014454bc01fa8dedbb77c2
      Content-Length:
      - '936'
      Connection:
      - Close
      Set-Cookie:
      - incap_ses_297_673446=rM1JRlHOMGtiB5XJMCgfBPQUklcAAAAAnzMqbpswiLtl/tV9tC4SLA==;
        path=/; Domain=.contentful.com
      - nlbi_673446=4qTMIBZCvmQLr0536lKYhQAAAAD1q4iZb6DAEh/KwlOjzb1O; path=/; Domain=.contentful.com
      - visid_incap_673446=RWBfE5/+Rt+q2njQP2iBg/QUklcAAAAAQUIPAAAAAABzSqnv6UKfPFxHFqEBr9YD;
        expires=Sat, 22 Jul 2017 06:56:23 GMT; path=/; Domain=.contentful.com
      X-Iinfo:
      - 7-177340238-177340276 NNNN CT(160 163 0) RT(1469191411928 94) q(0 0 3 -1)
        r(6 6) U5
      X-Cdn:
      - Incapsula
    body:
      encoding: UTF-8
      string: |
        {
          "fields": {
            "title": {
              "en-US": "A Pie in the Sky"
            },
            "photo": {
              "en-US": {
                "sys": {
                  "type": "Link",
                  "linkType": "Asset",
                  "id": "pie"
                }
              }
            }
          },
          "sys": {
            "id": "pie_entry",
            "type": "Entry",
            "createdAt": "2016-07-22T12:43:22.860Z",
            "createdBy": {
              "sys": {
                "type": "Link",
                "linkType": "User",
                "id": "4SejVrWT96dvL9IV4Nb7sQ"
              }
            },
            "space": {
              "sys": {
                "type": "Link",
                "linkType": "Space",
                "id": "dtylzsihhqsu"
              }
            },
            "contentType": {
              "sys": {
                "type": "Link",
                "linkType": "ContentType",
                "id": "image"
              }
            },
            "version": 4,
            "updatedAt": "2016-07-22T12:43:32.905Z",
            "updatedBy": {
              "sys": {
                "type": "Link",
                "linkType": "User",
                "id": "4SejVrWT96dvL9IV4Nb7sQ"
              }
            }
          }
        }
    http_version: 
  recorded_at: Fri, 22 Jul 2016 12:43:33 GMT
- request:
    method: get
    uri: https://api.contentful.com/spaces/dtylzsihhqsu/environments/master/entries/pie_entry
    body:
      encoding: US-ASCII
      string: ''
    headers:
      User-Agent:
      - ContentfulBootstrap/3.2.0
      Authorization:
      - Bearer foobar
      Content-Type:
      - application/vnd.contentful.management.v1+json
      Content-Length:
      - '0'
      Connection:
      - close
      Host:
      - api.contentful.com
  response:
    status:
      code: 200
      message: OK
    headers:
      Access-Control-Allow-Headers:
      - Accept,Accept-Language,Authorization,Cache-Control,Content-Length,Content-Range,Content-Type,DNT,Destination,Expires,If-Match,If-Modified-Since,If-None-Match,Keep-Alive,Last-Modified,Origin,Pragma,Range,User-Agent,X-Http-Method-Override,X-Mx-ReqToken,X-Requested-With,X-Contentful-Version,X-Contentful-Content-Type,X-Contentful-Organization,X-Contentful-Skip-Transformation,X-Contentful-User-Agent
      Access-Control-Allow-Methods:
      - DELETE,GET,HEAD,POST,PUT,OPTIONS
      Access-Control-Allow-Origin:
      - "*"
      Access-Control-Expose-Headers:
      - Etag
      Access-Control-Max-Age:
      - '1728000'
      Cf-Space-Id:
      - dtylzsihhqsu
      Content-Type:
      - application/vnd.contentful.management.v1+json
      Date:
      - Fri, 22 Jul 2016 12:43:33 GMT
      Etag:
      - '"661aa7b29e4b9011c869153e6e83124a"'
      Server:
      - Contentful
      Strict-Transport-Security:
      - max-age=15768000
      X-Content-Type-Options:
      - nosniff
      X-Contentful-Request-Id:
      - fcb80e941177de06c768273e165178bb
      Content-Length:
      - '936'
      Connection:
      - Close
      Set-Cookie:
      - incap_ses_297_673446=ExfyZ1pz0h/ACJXJMCgfBPUUklcAAAAANjYtFsLnUkanKdsvKNDe0g==;
        path=/; Domain=.contentful.com
      - nlbi_673446=83R0RDAFUBdhJBuC6lKYhQAAAADcYEDhxEMjj0XdDbg6XMGu; path=/; Domain=.contentful.com
      - visid_incap_673446=+oJ+7BmpSlabwH/fl/45IfUUklcAAAAAQUIPAAAAAABpTM2ovs6So+8UqVqHHU9o;
        expires=Sat, 22 Jul 2017 06:56:23 GMT; path=/; Domain=.contentful.com
      X-Iinfo:
      - 6-153696617-153696647 NNNN CT(163 161 0) RT(1469191412705 126) q(0 0 3 -1)
        r(6 6) U5
      X-Cdn:
      - Incapsula
    body:
      encoding: UTF-8
      string: |
        {
          "fields": {
            "title": {
              "en-US": "A Pie in the Sky"
            },
            "photo": {
              "en-US": {
                "sys": {
                  "type": "Link",
                  "linkType": "Asset",
                  "id": "pie"
                }
              }
            }
          },
          "sys": {
            "id": "pie_entry",
            "type": "Entry",
            "createdAt": "2016-07-22T12:43:22.860Z",
            "createdBy": {
              "sys": {
                "type": "Link",
                "linkType": "User",
                "id": "4SejVrWT96dvL9IV4Nb7sQ"
              }
            },
            "space": {
              "sys": {
                "type": "Link",
                "linkType": "Space",
                "id": "dtylzsihhqsu"
              }
            },
            "contentType": {
              "sys": {
                "type": "Link",
                "linkType": "ContentType",
                "id": "image"
              }
            },
            "version": 4,
            "updatedAt": "2016-07-22T12:43:32.912Z",
            "updatedBy": {
              "sys": {
                "type": "Link",
                "linkType": "User",
                "id": "4SejVrWT96dvL9IV4Nb7sQ"
              }
            }
          }
        }
    http_version: 
  recorded_at: Fri, 22 Jul 2016 12:43:33 GMT
- request:
    method: get
    uri: https://api.contentful.com/spaces/dtylzsihhqsu/environments/master/entries/flower_entry
    body:
      encoding: US-ASCII
      string: ''
    headers:
      User-Agent:
      - ContentfulBootstrap/3.2.0
      Authorization:
      - Bearer foobar
      Content-Type:
      - application/vnd.contentful.management.v1+json
      Content-Length:
      - '0'
      Connection:
      - close
      Host:
      - api.contentful.com
  response:
    status:
      code: 200
      message: OK
    headers:
      Access-Control-Allow-Headers:
      - Accept,Accept-Language,Authorization,Cache-Control,Content-Length,Content-Range,Content-Type,DNT,Destination,Expires,If-Match,If-Modified-Since,If-None-Match,Keep-Alive,Last-Modified,Origin,Pragma,Range,User-Agent,X-Http-Method-Override,X-Mx-ReqToken,X-Requested-With,X-Contentful-Version,X-Contentful-Content-Type,X-Contentful-Organization,X-Contentful-Skip-Transformation,X-Contentful-User-Agent
      Access-Control-Allow-Methods:
      - DELETE,GET,HEAD,POST,PUT,OPTIONS
      Access-Control-Allow-Origin:
      - "*"
      Access-Control-Expose-Headers:
      - Etag
      Access-Control-Max-Age:
      - '1728000'
      Cf-Space-Id:
      - dtylzsihhqsu
      Content-Type:
      - application/vnd.contentful.management.v1+json
      Date:
      - Fri, 22 Jul 2016 12:43:34 GMT
      Etag:
      - '"266ca296c1ad929c91b2a2bd48bbba15"'
      Server:
      - Contentful
      Strict-Transport-Security:
      - max-age=15768000
      X-Content-Type-Options:
      - nosniff
      X-Contentful-Request-Id:
      - cd86cf6d320f7777d4481d63bb0a4886
      Content-Length:
      - '728'
      Connection:
      - Close
      Set-Cookie:
      - incap_ses_297_673446=IlXVWOiJtXfcCZXJMCgfBPYUklcAAAAAttDLOz3avnkz4wVqrcBj8w==;
        path=/; Domain=.contentful.com
      - nlbi_673446=8e+CEvVelHjwhVz/6lKYhQAAAAClA4437FB3UAuS+VyE2kYA; path=/; Domain=.contentful.com
      - visid_incap_673446=BuaY1DOsTkiIGz6ii2Ow9/YUklcAAAAAQUIPAAAAAADO3sCLAE2Z992y4KHj2g4w;
        expires=Sat, 22 Jul 2017 06:56:23 GMT; path=/; Domain=.contentful.com
      X-Iinfo:
      - 5-168603023-168603049 NNNN CT(141 141 0) RT(1469191413576 106) q(0 0 3 -1)
        r(6 6) U5
      X-Cdn:
      - Incapsula
    body:
      encoding: UTF-8
      string: |
        {
          "fields": {},
          "sys": {
            "id": "flower_entry",
            "type": "Entry",
            "createdAt": "2016-07-22T12:43:24.408Z",
            "createdBy": {
              "sys": {
                "type": "Link",
                "linkType": "User",
                "id": "4SejVrWT96dvL9IV4Nb7sQ"
              }
            },
            "space": {
              "sys": {
                "type": "Link",
                "linkType": "Space",
                "id": "dtylzsihhqsu"
              }
            },
            "contentType": {
              "sys": {
                "type": "Link",
                "linkType": "ContentType",
                "id": "image"
              }
            },
            "version": 2,
            "updatedAt": "2016-07-22T12:43:25.235Z",
            "updatedBy": {
              "sys": {
                "type": "Link",
                "linkType": "User",
                "id": "4SejVrWT96dvL9IV4Nb7sQ"
              }
            }
          }
        }
    http_version: 
  recorded_at: Fri, 22 Jul 2016 12:43:34 GMT
- request:
    method: put
    uri: https://api.contentful.com/spaces/dtylzsihhqsu/environments/master/entries/flower_entry
    body:
      encoding: UTF-8
      string: '{"fields":{"title":{"en-US":"The Flower"},"photo":{"en-US":{"sys":{"type":"Link","linkType":"Asset","id":"flower"}}}}}'
    headers:
      User-Agent:
      - ContentfulBootstrap/3.2.0
      Authorization:
      - Bearer foobar
      Content-Type:
      - application/vnd.contentful.management.v1+json
      X-Contentful-Version:
      - '2'
      Connection:
      - close
      Host:
      - api.contentful.com
  response:
    status:
      code: 200
      message: OK
    headers:
      Access-Control-Allow-Headers:
      - Accept,Accept-Language,Authorization,Cache-Control,Content-Length,Content-Range,Content-Type,DNT,Destination,Expires,If-Match,If-Modified-Since,If-None-Match,Keep-Alive,Last-Modified,Origin,Pragma,Range,User-Agent,X-Http-Method-Override,X-Mx-ReqToken,X-Requested-With,X-Contentful-Version,X-Contentful-Content-Type,X-Contentful-Organization,X-Contentful-Skip-Transformation,X-Contentful-User-Agent
      Access-Control-Allow-Methods:
      - DELETE,GET,HEAD,POST,PUT,OPTIONS
      Access-Control-Allow-Origin:
      - "*"
      Access-Control-Expose-Headers:
      - Etag
      Access-Control-Max-Age:
      - '1728000'
      Cf-Space-Id:
      - dtylzsihhqsu
      Content-Type:
      - application/vnd.contentful.management.v1+json
      Date:
      - Fri, 22 Jul 2016 12:43:35 GMT
      Etag:
      - '"b8ef49bf7f4720dee33bd1223a671876"'
      Server:
      - Contentful
      Strict-Transport-Security:
      - max-age=15768000
      X-Content-Type-Options:
      - nosniff
      X-Contentful-Request-Id:
      - 0208b4aeb1581e837c26bd6e1376830c
      Content-Length:
      - '936'
      Connection:
      - Close
      Set-Cookie:
      - incap_ses_297_673446=ZVuIb2GhWUFQC5XJMCgfBPcUklcAAAAA1hofOiVXO5qQDuDUnV9tUQ==;
        path=/; Domain=.contentful.com
      - nlbi_673446=1mvMIh9oeXtQGFdS6lKYhQAAAABFPqWLpps49PNYpBgzg9qA; path=/; Domain=.contentful.com
      - visid_incap_673446=9FMmrdANRMaeXSCQa0eiFPcUklcAAAAAQUIPAAAAAACbqMI64R3Ur4alNpMK/xvI;
        expires=Sat, 22 Jul 2017 06:56:23 GMT; path=/; Domain=.contentful.com
      X-Iinfo:
      - 10-230200564-230200598 NNNN CT(183 162 0) RT(1469191414389 109) q(0 0 4 -1)
        r(6 6) U5
      X-Cdn:
      - Incapsula
    body:
      encoding: UTF-8
      string: |
        {
          "fields": {
            "title": {
              "en-US": "The Flower"
            },
            "photo": {
              "en-US": {
                "sys": {
                  "type": "Link",
                  "linkType": "Asset",
                  "id": "flower"
                }
              }
            }
          },
          "sys": {
            "id": "flower_entry",
            "type": "Entry",
            "createdAt": "2016-07-22T12:43:24.408Z",
            "createdBy": {
              "sys": {
                "type": "Link",
                "linkType": "User",
                "id": "4SejVrWT96dvL9IV4Nb7sQ"
              }
            },
            "space": {
              "sys": {
                "type": "Link",
                "linkType": "Space",
                "id": "dtylzsihhqsu"
              }
            },
            "contentType": {
              "sys": {
                "type": "Link",
                "linkType": "ContentType",
                "id": "image"
              }
            },
            "version": 3,
            "updatedAt": "2016-07-22T12:43:35.381Z",
            "updatedBy": {
              "sys": {
                "type": "Link",
                "linkType": "User",
                "id": "4SejVrWT96dvL9IV4Nb7sQ"
              }
            }
          }
        }
    http_version: 
  recorded_at: Fri, 22 Jul 2016 12:43:35 GMT
- request:
    method: put
    uri: https://api.contentful.com/spaces/dtylzsihhqsu/environments/master/entries/flower_entry
    body:
      encoding: UTF-8
      string: '{"fields":{"title":{"en-US":"The Flower"},"photo":{"en-US":{"sys":{"type":"Link","linkType":"Asset","id":"flower"}}}}}'
    headers:
      User-Agent:
      - ContentfulBootstrap/3.2.0
      Authorization:
      - Bearer foobar
      Content-Type:
      - application/vnd.contentful.management.v1+json
      X-Contentful-Version:
      - '3'
      Connection:
      - close
      Host:
      - api.contentful.com
  response:
    status:
      code: 200
      message: OK
    headers:
      Access-Control-Allow-Headers:
      - Accept,Accept-Language,Authorization,Cache-Control,Content-Length,Content-Range,Content-Type,DNT,Destination,Expires,If-Match,If-Modified-Since,If-None-Match,Keep-Alive,Last-Modified,Origin,Pragma,Range,User-Agent,X-Http-Method-Override,X-Mx-ReqToken,X-Requested-With,X-Contentful-Version,X-Contentful-Content-Type,X-Contentful-Organization,X-Contentful-Skip-Transformation,X-Contentful-User-Agent
      Access-Control-Allow-Methods:
      - DELETE,GET,HEAD,POST,PUT,OPTIONS
      Access-Control-Allow-Origin:
      - "*"
      Access-Control-Expose-Headers:
      - Etag
      Access-Control-Max-Age:
      - '1728000'
      Cf-Space-Id:
      - dtylzsihhqsu
      Content-Type:
      - application/vnd.contentful.management.v1+json
      Date:
      - Fri, 22 Jul 2016 12:43:36 GMT
      Etag:
      - '"8607112f5cac0b0f520c3b6b4d84ec31"'
      Server:
      - Contentful
      Strict-Transport-Security:
      - max-age=15768000
      X-Content-Type-Options:
      - nosniff
      X-Contentful-Request-Id:
      - 038f1bee8bc7f32d48042cc1230beaee
      Content-Length:
      - '936'
      Connection:
      - Close
      Set-Cookie:
      - incap_ses_297_673446=izIqG/hPxTt5DJXJMCgfBPcUklcAAAAAa4YgtiU+lkdyNYITCi/BTw==;
        path=/; Domain=.contentful.com
      - nlbi_673446=AFEuLgcfnHh/LK+D6lKYhQAAAAAZmsK6vZA9Qc59xfS4BRRc; path=/; Domain=.contentful.com
      - visid_incap_673446=MPwuolHtR6G9gXNyo9j8//cUklcAAAAAQUIPAAAAAADlonNU3Mgc6SwasBzmRIth;
        expires=Sat, 22 Jul 2017 06:56:17 GMT; path=/; Domain=.contentful.com
      X-Iinfo:
      - 9-212789311-212789343 NNNN CT(164 159 0) RT(1469191415210 93) q(0 0 3 -1)
        r(6 6) U5
      X-Cdn:
      - Incapsula
    body:
      encoding: UTF-8
      string: |
        {
          "fields": {
            "title": {
              "en-US": "The Flower"
            },
            "photo": {
              "en-US": {
                "sys": {
                  "type": "Link",
                  "linkType": "Asset",
                  "id": "flower"
                }
              }
            }
          },
          "sys": {
            "id": "flower_entry",
            "type": "Entry",
            "createdAt": "2016-07-22T12:43:24.408Z",
            "createdBy": {
              "sys": {
                "type": "Link",
                "linkType": "User",
                "id": "4SejVrWT96dvL9IV4Nb7sQ"
              }
            },
            "space": {
              "sys": {
                "type": "Link",
                "linkType": "Space",
                "id": "dtylzsihhqsu"
              }
            },
            "contentType": {
              "sys": {
                "type": "Link",
                "linkType": "ContentType",
                "id": "image"
              }
            },
            "version": 4,
            "updatedAt": "2016-07-22T12:43:36.237Z",
            "updatedBy": {
              "sys": {
                "type": "Link",
                "linkType": "User",
                "id": "4SejVrWT96dvL9IV4Nb7sQ"
              }
            }
          }
        }
    http_version: 
  recorded_at: Fri, 22 Jul 2016 12:43:36 GMT
- request:
    method: get
    uri: https://api.contentful.com/spaces/dtylzsihhqsu/environments/master/entries/flower_entry
    body:
      encoding: US-ASCII
      string: ''
    headers:
      User-Agent:
      - ContentfulBootstrap/3.2.0
      Authorization:
      - Bearer foobar
      Content-Type:
      - application/vnd.contentful.management.v1+json
      Content-Length:
      - '0'
      Connection:
      - close
      Host:
      - api.contentful.com
  response:
    status:
      code: 200
      message: OK
    headers:
      Access-Control-Allow-Headers:
      - Accept,Accept-Language,Authorization,Cache-Control,Content-Length,Content-Range,Content-Type,DNT,Destination,Expires,If-Match,If-Modified-Since,If-None-Match,Keep-Alive,Last-Modified,Origin,Pragma,Range,User-Agent,X-Http-Method-Override,X-Mx-ReqToken,X-Requested-With,X-Contentful-Version,X-Contentful-Content-Type,X-Contentful-Organization,X-Contentful-Skip-Transformation,X-Contentful-User-Agent
      Access-Control-Allow-Methods:
      - DELETE,GET,HEAD,POST,PUT,OPTIONS
      Access-Control-Allow-Origin:
      - "*"
      Access-Control-Expose-Headers:
      - Etag
      Access-Control-Max-Age:
      - '1728000'
      Cf-Space-Id:
      - dtylzsihhqsu
      Content-Type:
      - application/vnd.contentful.management.v1+json
      Date:
      - Fri, 22 Jul 2016 12:43:37 GMT
      Etag:
      - '"2daf5a02c8deee54781447a59731341b"'
      Server:
      - Contentful
      Strict-Transport-Security:
      - max-age=15768000
      X-Content-Type-Options:
      - nosniff
      X-Contentful-Request-Id:
      - 37653e11287c68dd8b60125c79537469
      Content-Length:
      - '936'
      Connection:
      - Close
      Set-Cookie:
      - incap_ses_297_673446=G2bAbWylp0mMDZXJMCgfBPgUklcAAAAA+2hMPpawU7H/xyhKCIYFfA==;
        path=/; Domain=.contentful.com
      - nlbi_673446=CVjJI2FyBU5QmIw+6lKYhQAAAACzlM/hsgRQ80o8cIGDC5q0; path=/; Domain=.contentful.com
      - visid_incap_673446=HEXjX1J1RM+Vm8g2B0ipkfgUklcAAAAAQUIPAAAAAABv6198jUT3fcSt2Nj4057Z;
        expires=Sat, 22 Jul 2017 06:56:23 GMT; path=/; Domain=.contentful.com
      X-Iinfo:
      - 8-196046506-196046545 NNNN CT(143 142 0) RT(1469191416095 99) q(0 0 3 -1)
        r(6 6) U5
      X-Cdn:
      - Incapsula
    body:
      encoding: UTF-8
      string: |
        {
          "fields": {
            "title": {
              "en-US": "The Flower"
            },
            "photo": {
              "en-US": {
                "sys": {
                  "type": "Link",
                  "linkType": "Asset",
                  "id": "flower"
                }
              }
            }
          },
          "sys": {
            "id": "flower_entry",
            "type": "Entry",
            "createdAt": "2016-07-22T12:43:24.408Z",
            "createdBy": {
              "sys": {
                "type": "Link",
                "linkType": "User",
                "id": "4SejVrWT96dvL9IV4Nb7sQ"
              }
            },
            "space": {
              "sys": {
                "type": "Link",
                "linkType": "Space",
                "id": "dtylzsihhqsu"
              }
            },
            "contentType": {
              "sys": {
                "type": "Link",
                "linkType": "ContentType",
                "id": "image"
              }
            },
            "version": 4,
            "updatedAt": "2016-07-22T12:43:36.243Z",
            "updatedBy": {
              "sys": {
                "type": "Link",
                "linkType": "User",
                "id": "4SejVrWT96dvL9IV4Nb7sQ"
              }
            }
          }
        }
    http_version: 
  recorded_at: Fri, 22 Jul 2016 12:43:37 GMT
- request:
    method: get
    uri: https://api.contentful.com/spaces/dtylzsihhqsu/environments/master/entries/gallery
    body:
      encoding: US-ASCII
      string: ''
    headers:
      User-Agent:
      - ContentfulBootstrap/3.2.0
      Authorization:
      - Bearer foobar
      Content-Type:
      - application/vnd.contentful.management.v1+json
      Content-Length:
      - '0'
      Connection:
      - close
      Host:
      - api.contentful.com
  response:
    status:
      code: 200
      message: OK
    headers:
      Access-Control-Allow-Headers:
      - Accept,Accept-Language,Authorization,Cache-Control,Content-Length,Content-Range,Content-Type,DNT,Destination,Expires,If-Match,If-Modified-Since,If-None-Match,Keep-Alive,Last-Modified,Origin,Pragma,Range,User-Agent,X-Http-Method-Override,X-Mx-ReqToken,X-Requested-With,X-Contentful-Version,X-Contentful-Content-Type,X-Contentful-Organization,X-Contentful-Skip-Transformation,X-Contentful-User-Agent
      Access-Control-Allow-Methods:
      - DELETE,GET,HEAD,POST,PUT,OPTIONS
      Access-Control-Allow-Origin:
      - "*"
      Access-Control-Expose-Headers:
      - Etag
      Access-Control-Max-Age:
      - '1728000'
      Cf-Space-Id:
      - dtylzsihhqsu
      Content-Type:
      - application/vnd.contentful.management.v1+json
      Date:
      - Fri, 22 Jul 2016 12:43:37 GMT
      Etag:
      - '"de52e9b50e2b207442d76a768a68bb91"'
      Server:
      - Contentful
      Strict-Transport-Security:
      - max-age=15768000
      X-Content-Type-Options:
      - nosniff
      X-Contentful-Request-Id:
      - 3795c0766cfa611550c3cc09133ed3e0
      Content-Length:
      - '725'
      Connection:
      - Close
      Set-Cookie:
      - incap_ses_297_673446=DUexDJh4xzeODpXJMCgfBPkUklcAAAAACMKC8ZTENXvZuRW15zWHow==;
        path=/; Domain=.contentful.com
      - nlbi_673446=VL6UHcevrXC9TEXv6lKYhQAAAAAUvIhQRKCSk1i7rixMGbnL; path=/; Domain=.contentful.com
      - visid_incap_673446=qGZLK2VBTKiyHYX1GlI2JfkUklcAAAAAQUIPAAAAAACn9wfDvr1eJnzcD8iB7c36;
        expires=Sat, 22 Jul 2017 06:56:17 GMT; path=/; Domain=.contentful.com
      X-Iinfo:
      - 9-212789851-212789888 NNNN CT(171 140 0) RT(1469191416796 91) q(0 0 3 -1)
        r(6 6) U5
      X-Cdn:
      - Incapsula
    body:
      encoding: UTF-8
      string: |
        {
          "fields": {},
          "sys": {
            "id": "gallery",
            "type": "Entry",
            "createdAt": "2016-07-22T12:43:26.664Z",
            "createdBy": {
              "sys": {
                "type": "Link",
                "linkType": "User",
                "id": "4SejVrWT96dvL9IV4Nb7sQ"
              }
            },
            "space": {
              "sys": {
                "type": "Link",
                "linkType": "Space",
                "id": "dtylzsihhqsu"
              }
            },
            "contentType": {
              "sys": {
                "type": "Link",
                "linkType": "ContentType",
                "id": "gallery"
              }
            },
            "version": 2,
            "updatedAt": "2016-07-22T12:43:27.463Z",
            "updatedBy": {
              "sys": {
                "type": "Link",
                "linkType": "User",
                "id": "4SejVrWT96dvL9IV4Nb7sQ"
              }
            }
          }
        }
    http_version: 
  recorded_at: Fri, 22 Jul 2016 12:43:37 GMT
- request:
    method: put
    uri: https://api.contentful.com/spaces/dtylzsihhqsu/environments/master/entries/gallery
    body:
      encoding: UTF-8
      string: '{"fields":{"images":{"en-US":[{"sys":{"type":"Link","linkType":"Entry","id":"pie_entry"}},{"sys":{"type":"Link","linkType":"Entry","id":"flower_entry"}}]},"title":{"en-US":"Photo
        Gallery"},"author":{"en-US":{"sys":{"type":"Link","linkType":"Entry","id":"dave"}}}}}'
    headers:
      User-Agent:
      - ContentfulBootstrap/3.2.0
      Authorization:
      - Bearer foobar
      Content-Type:
      - application/vnd.contentful.management.v1+json
      X-Contentful-Version:
      - '2'
      Connection:
      - close
      Host:
      - api.contentful.com
  response:
    status:
      code: 200
      message: OK
    headers:
      Access-Control-Allow-Headers:
      - Accept,Accept-Language,Authorization,Cache-Control,Content-Length,Content-Range,Content-Type,DNT,Destination,Expires,If-Match,If-Modified-Since,If-None-Match,Keep-Alive,Last-Modified,Origin,Pragma,Range,User-Agent,X-Http-Method-Override,X-Mx-ReqToken,X-Requested-With,X-Contentful-Version,X-Contentful-Content-Type,X-Contentful-Organization,X-Contentful-Skip-Transformation,X-Contentful-User-Agent
      Access-Control-Allow-Methods:
      - DELETE,GET,HEAD,POST,PUT,OPTIONS
      Access-Control-Allow-Origin:
      - "*"
      Access-Control-Expose-Headers:
      - Etag
      Access-Control-Max-Age:
      - '1728000'
      Cf-Space-Id:
      - dtylzsihhqsu
      Content-Type:
      - application/vnd.contentful.management.v1+json
      Date:
      - Fri, 22 Jul 2016 12:43:38 GMT
      Etag:
      - '"2c859be51448f3f75d364ba40751eae2"'
      Server:
      - Contentful
      Strict-Transport-Security:
      - max-age=15768000
      X-Content-Type-Options:
      - nosniff
      X-Contentful-Request-Id:
      - 7b153ccee8f19e3df285282ed5b9b380
      Content-Length:
      - '1271'
      Connection:
      - Close
      Set-Cookie:
      - incap_ses_297_673446=AvahdfDxRgcFEJXJMCgfBPoUklcAAAAAgAEi9/EiKZvSjvrVA1auxQ==;
        path=/; Domain=.contentful.com
      - nlbi_673446=UpMiI04ewV/IH+OK6lKYhQAAAAAly4HV5YrxllR+W0znSWvt; path=/; Domain=.contentful.com
      - visid_incap_673446=Jc2L4ZQvSJimqzdzRrDAdPoUklcAAAAAQUIPAAAAAABqB8k9agkGlvV05el00OcB;
        expires=Sat, 22 Jul 2017 06:56:23 GMT; path=/; Domain=.contentful.com
      X-Iinfo:
      - 6-153697942-153697965 NNNN CT(142 145 0) RT(1469191417599 128) q(0 0 3 -1)
        r(5 5) U5
      X-Cdn:
      - Incapsula
    body:
      encoding: UTF-8
      string: |
        {
          "fields": {
            "images": {
              "en-US": [
                {
                  "sys": {
                    "type": "Link",
                    "linkType": "Entry",
                    "id": "pie_entry"
                  }
                },
                {
                  "sys": {
                    "type": "Link",
                    "linkType": "Entry",
                    "id": "flower_entry"
                  }
                }
              ]
            },
            "title": {
              "en-US": "Photo Gallery"
            },
            "author": {
              "en-US": {
                "sys": {
                  "type": "Link",
                  "linkType": "Entry",
                  "id": "dave"
                }
              }
            }
          },
          "sys": {
            "id": "gallery",
            "type": "Entry",
            "createdAt": "2016-07-22T12:43:26.664Z",
            "createdBy": {
              "sys": {
                "type": "Link",
                "linkType": "User",
                "id": "4SejVrWT96dvL9IV4Nb7sQ"
              }
            },
            "space": {
              "sys": {
                "type": "Link",
                "linkType": "Space",
                "id": "dtylzsihhqsu"
              }
            },
            "contentType": {
              "sys": {
                "type": "Link",
                "linkType": "ContentType",
                "id": "gallery"
              }
            },
            "version": 3,
            "updatedAt": "2016-07-22T12:43:38.562Z",
            "updatedBy": {
              "sys": {
                "type": "Link",
                "linkType": "User",
                "id": "4SejVrWT96dvL9IV4Nb7sQ"
              }
            }
          }
        }
    http_version: 
  recorded_at: Fri, 22 Jul 2016 12:43:38 GMT
- request:
    method: put
    uri: https://api.contentful.com/spaces/dtylzsihhqsu/environments/master/entries/gallery
    body:
      encoding: UTF-8
      string: '{"fields":{"images":{"en-US":[{"sys":{"type":"Link","linkType":"Entry","id":"pie_entry"}},{"sys":{"type":"Link","linkType":"Entry","id":"flower_entry"}}]},"title":{"en-US":"Photo
        Gallery"},"author":{"en-US":{"sys":{"type":"Link","linkType":"Entry","id":"dave"}}}}}'
    headers:
      User-Agent:
      - ContentfulBootstrap/3.2.0
      Authorization:
      - Bearer foobar
      Content-Type:
      - application/vnd.contentful.management.v1+json
      X-Contentful-Version:
      - '3'
      Connection:
      - close
      Host:
      - api.contentful.com
  response:
    status:
      code: 200
      message: OK
    headers:
      Access-Control-Allow-Headers:
      - Accept,Accept-Language,Authorization,Cache-Control,Content-Length,Content-Range,Content-Type,DNT,Destination,Expires,If-Match,If-Modified-Since,If-None-Match,Keep-Alive,Last-Modified,Origin,Pragma,Range,User-Agent,X-Http-Method-Override,X-Mx-ReqToken,X-Requested-With,X-Contentful-Version,X-Contentful-Content-Type,X-Contentful-Organization,X-Contentful-Skip-Transformation,X-Contentful-User-Agent
      Access-Control-Allow-Methods:
      - DELETE,GET,HEAD,POST,PUT,OPTIONS
      Access-Control-Allow-Origin:
      - "*"
      Access-Control-Expose-Headers:
      - Etag
      Access-Control-Max-Age:
      - '1728000'
      Cf-Space-Id:
      - dtylzsihhqsu
      Content-Type:
      - application/vnd.contentful.management.v1+json
      Date:
      - Fri, 22 Jul 2016 12:43:39 GMT
      Etag:
      - '"a5e96e95d48e10b9542c8e2f256a5739"'
      Server:
      - Contentful
      Strict-Transport-Security:
      - max-age=15768000
      X-Content-Type-Options:
      - nosniff
      X-Contentful-Request-Id:
      - a26be9c497db47d9d45644e601a2fe58
      Content-Length:
      - '1271'
      Connection:
      - Close
      Set-Cookie:
      - incap_ses_297_673446=1662PwAAQxAhEZXJMCgfBPsUklcAAAAAGzVvj/4JGV9eKhz5UOl4Fw==;
        path=/; Domain=.contentful.com
      - nlbi_673446=bps4dl0ANQx9tnm36lKYhQAAAAAog6lInwfdPaUhVOyCnzGB; path=/; Domain=.contentful.com
      - visid_incap_673446=mb0ReAQqSuqprWq6AEA63PsUklcAAAAAQUIPAAAAAACvE7W2E8R8364yLRWVGOYb;
        expires=Sat, 22 Jul 2017 06:56:23 GMT; path=/; Domain=.contentful.com
      X-Iinfo:
      - 10-230202000-230202030 NNNN CT(142 147 0) RT(1469191418384 93) q(0 0 3 -1)
        r(6 6) U5
      X-Cdn:
      - Incapsula
    body:
      encoding: UTF-8
      string: |
        {
          "fields": {
            "images": {
              "en-US": [
                {
                  "sys": {
                    "type": "Link",
                    "linkType": "Entry",
                    "id": "pie_entry"
                  }
                },
                {
                  "sys": {
                    "type": "Link",
                    "linkType": "Entry",
                    "id": "flower_entry"
                  }
                }
              ]
            },
            "title": {
              "en-US": "Photo Gallery"
            },
            "author": {
              "en-US": {
                "sys": {
                  "type": "Link",
                  "linkType": "Entry",
                  "id": "dave"
                }
              }
            }
          },
          "sys": {
            "id": "gallery",
            "type": "Entry",
            "createdAt": "2016-07-22T12:43:26.664Z",
            "createdBy": {
              "sys": {
                "type": "Link",
                "linkType": "User",
                "id": "4SejVrWT96dvL9IV4Nb7sQ"
              }
            },
            "space": {
              "sys": {
                "type": "Link",
                "linkType": "Space",
                "id": "dtylzsihhqsu"
              }
            },
            "contentType": {
              "sys": {
                "type": "Link",
                "linkType": "ContentType",
                "id": "gallery"
              }
            },
            "version": 4,
            "updatedAt": "2016-07-22T12:43:39.293Z",
            "updatedBy": {
              "sys": {
                "type": "Link",
                "linkType": "User",
                "id": "4SejVrWT96dvL9IV4Nb7sQ"
              }
            }
          }
        }
    http_version: 
  recorded_at: Fri, 22 Jul 2016 12:43:39 GMT
- request:
    method: get
    uri: https://api.contentful.com/spaces/dtylzsihhqsu/environments/master/entries/gallery
    body:
      encoding: US-ASCII
      string: ''
    headers:
      User-Agent:
      - ContentfulBootstrap/3.2.0
      Authorization:
      - Bearer foobar
      Content-Type:
      - application/vnd.contentful.management.v1+json
      Content-Length:
      - '0'
      Connection:
      - close
      Host:
      - api.contentful.com
  response:
    status:
      code: 200
      message: OK
    headers:
      Access-Control-Allow-Headers:
      - Accept,Accept-Language,Authorization,Cache-Control,Content-Length,Content-Range,Content-Type,DNT,Destination,Expires,If-Match,If-Modified-Since,If-None-Match,Keep-Alive,Last-Modified,Origin,Pragma,Range,User-Agent,X-Http-Method-Override,X-Mx-ReqToken,X-Requested-With,X-Contentful-Version,X-Contentful-Content-Type,X-Contentful-Organization,X-Contentful-Skip-Transformation,X-Contentful-User-Agent
      Access-Control-Allow-Methods:
      - DELETE,GET,HEAD,POST,PUT,OPTIONS
      Access-Control-Allow-Origin:
      - "*"
      Access-Control-Expose-Headers:
      - Etag
      Access-Control-Max-Age:
      - '1728000'
      Cf-Space-Id:
      - dtylzsihhqsu
      Content-Type:
      - application/vnd.contentful.management.v1+json
      Date:
      - Fri, 22 Jul 2016 12:43:40 GMT
      Etag:
      - '"e43c501a89b9347bb99762d0e7315645"'
      Server:
      - Contentful
      Strict-Transport-Security:
      - max-age=15768000
      X-Content-Type-Options:
      - nosniff
      X-Contentful-Request-Id:
      - 41ca92c28ab944a63969e649f7be3d4e
      Content-Length:
      - '1271'
      Connection:
      - Close
      Set-Cookie:
      - incap_ses_297_673446=0OpoPyQ0tyZmEpXJMCgfBPsUklcAAAAAHecLzZaOkLcIRsPcIC9R5Q==;
        path=/; Domain=.contentful.com
      - nlbi_673446=xdfLZ4gJGhwQYQWl6lKYhQAAAAAmHfig/ywZtCf1wSC19U8j; path=/; Domain=.contentful.com
      - visid_incap_673446=qmG0b7A3Q9aMXVJtN8S3NvsUklcAAAAAQUIPAAAAAAA6g7xw0Y+csq/AaCdsrVe7;
        expires=Sat, 22 Jul 2017 06:56:23 GMT; path=/; Domain=.contentful.com
      X-Iinfo:
      - 5-168604639-168604684 NNNN CT(141 141 0) RT(1469191419203 99) q(0 0 2 -1)
        r(5 5) U5
      X-Cdn:
      - Incapsula
    body:
      encoding: UTF-8
      string: |
        {
          "fields": {
            "images": {
              "en-US": [
                {
                  "sys": {
                    "type": "Link",
                    "linkType": "Entry",
                    "id": "pie_entry"
                  }
                },
                {
                  "sys": {
                    "type": "Link",
                    "linkType": "Entry",
                    "id": "flower_entry"
                  }
                }
              ]
            },
            "title": {
              "en-US": "Photo Gallery"
            },
            "author": {
              "en-US": {
                "sys": {
                  "type": "Link",
                  "linkType": "Entry",
                  "id": "dave"
                }
              }
            }
          },
          "sys": {
            "id": "gallery",
            "type": "Entry",
            "createdAt": "2016-07-22T12:43:26.664Z",
            "createdBy": {
              "sys": {
                "type": "Link",
                "linkType": "User",
                "id": "4SejVrWT96dvL9IV4Nb7sQ"
              }
            },
            "space": {
              "sys": {
                "type": "Link",
                "linkType": "Space",
                "id": "dtylzsihhqsu"
              }
            },
            "contentType": {
              "sys": {
                "type": "Link",
                "linkType": "ContentType",
                "id": "gallery"
              }
            },
            "version": 4,
            "updatedAt": "2016-07-22T12:43:39.300Z",
            "updatedBy": {
              "sys": {
                "type": "Link",
                "linkType": "User",
                "id": "4SejVrWT96dvL9IV4Nb7sQ"
              }
            }
          }
        }
    http_version: 
  recorded_at: Fri, 22 Jul 2016 12:43:40 GMT
- request:
    method: get
    uri: https://api.contentful.com/spaces/dtylzsihhqsu/environments/master/entries/dave
    body:
      encoding: US-ASCII
      string: ''
    headers:
      User-Agent:
      - ContentfulBootstrap/3.2.0
      Authorization:
      - Bearer foobar
      Content-Type:
      - application/vnd.contentful.management.v1+json
      Content-Length:
      - '0'
      Connection:
      - close
      Host:
      - api.contentful.com
  response:
    status:
      code: 200
      message: OK
    headers:
      Access-Control-Allow-Headers:
      - Accept,Accept-Language,Authorization,Cache-Control,Content-Length,Content-Range,Content-Type,DNT,Destination,Expires,If-Match,If-Modified-Since,If-None-Match,Keep-Alive,Last-Modified,Origin,Pragma,Range,User-Agent,X-Http-Method-Override,X-Mx-ReqToken,X-Requested-With,X-Contentful-Version,X-Contentful-Content-Type,X-Contentful-Organization,X-Contentful-Skip-Transformation,X-Contentful-User-Agent
      Access-Control-Allow-Methods:
      - DELETE,GET,HEAD,POST,PUT,OPTIONS
      Access-Control-Allow-Origin:
      - "*"
      Access-Control-Expose-Headers:
      - Etag
      Access-Control-Max-Age:
      - '1728000'
      Cf-Space-Id:
      - dtylzsihhqsu
      Content-Type:
      - application/vnd.contentful.management.v1+json
      Date:
      - Fri, 22 Jul 2016 12:43:40 GMT
      Etag:
      - '"96df8d61b3063271ecb1b8d8a8b4bf12"'
      Server:
      - Contentful
      Strict-Transport-Security:
      - max-age=15768000
      X-Content-Type-Options:
      - nosniff
      X-Contentful-Request-Id:
      - aeaa1b87e7c1f4337edf11f3506fd53f
      Content-Length:
      - '766'
      Connection:
      - Close
      Set-Cookie:
      - incap_ses_297_673446=CzfdNps8626vE5XJMCgfBPwUklcAAAAAPjwHHCxGpF8FJAL4GRVxUQ==;
        path=/; Domain=.contentful.com
      - nlbi_673446=LyVSGpVCsGUJC2Wh6lKYhQAAAAADwiBA0B+ajkUnwdVWMV+i; path=/; Domain=.contentful.com
      - visid_incap_673446=zSQ5P4/lRziHMkomx/jz2PwUklcAAAAAQUIPAAAAAAAjfCXxwzF4w3NXCXdN2JXk;
        expires=Sat, 22 Jul 2017 06:56:23 GMT; path=/; Domain=.contentful.com
      X-Iinfo:
      - 6-153698559-153698583 NNNN CT(159 161 0) RT(1469191419920 96) q(0 0 3 -1)
        r(5 5) U5
      X-Cdn:
      - Incapsula
    body:
      encoding: UTF-8
      string: |
        {
          "fields": {
            "name": {
              "en-US": "Dave"
            }
          },
          "sys": {
            "id": "dave",
            "type": "Entry",
            "createdAt": "2016-07-22T12:43:20.575Z",
            "createdBy": {
              "sys": {
                "type": "Link",
                "linkType": "User",
                "id": "4SejVrWT96dvL9IV4Nb7sQ"
              }
            },
            "space": {
              "sys": {
                "type": "Link",
                "linkType": "Space",
                "id": "dtylzsihhqsu"
              }
            },
            "contentType": {
              "sys": {
                "type": "Link",
                "linkType": "ContentType",
                "id": "author"
              }
            },
            "version": 4,
            "updatedAt": "2016-07-22T12:43:29.757Z",
            "updatedBy": {
              "sys": {
                "type": "Link",
                "linkType": "User",
                "id": "4SejVrWT96dvL9IV4Nb7sQ"
              }
            }
          }
        }
    http_version: 
  recorded_at: Fri, 22 Jul 2016 12:43:41 GMT
- request:
    method: put
    uri: https://api.contentful.com/spaces/dtylzsihhqsu/environments/master/entries/dave/published
    body:
      encoding: US-ASCII
      string: ''
    headers:
      User-Agent:
      - ContentfulBootstrap/3.2.0
      Authorization:
      - Bearer foobar
      Content-Type:
      - application/vnd.contentful.management.v1+json
      X-Contentful-Version:
      - '4'
      Content-Length:
      - '0'
      Connection:
      - close
      Host:
      - api.contentful.com
  response:
    status:
      code: 200
      message: OK
    headers:
      Access-Control-Allow-Headers:
      - Accept,Accept-Language,Authorization,Cache-Control,Content-Length,Content-Range,Content-Type,DNT,Destination,Expires,If-Match,If-Modified-Since,If-None-Match,Keep-Alive,Last-Modified,Origin,Pragma,Range,User-Agent,X-Http-Method-Override,X-Mx-ReqToken,X-Requested-With,X-Contentful-Version,X-Contentful-Content-Type,X-Contentful-Organization,X-Contentful-Skip-Transformation,X-Contentful-User-Agent
      Access-Control-Allow-Methods:
      - DELETE,GET,HEAD,POST,PUT,OPTIONS
      Access-Control-Allow-Origin:
      - "*"
      Access-Control-Expose-Headers:
      - Etag
      Access-Control-Max-Age:
      - '1728000'
      Cf-Space-Id:
      - dtylzsihhqsu
      Content-Type:
      - application/vnd.contentful.management.v1+json
      Date:
      - Fri, 22 Jul 2016 12:43:41 GMT
      Etag:
      - '"ee29ee9efddd3dcd85741bede4b57676"'
      Server:
      - Contentful
      Strict-Transport-Security:
      - max-age=15768000
      X-Content-Type-Options:
      - nosniff
      X-Contentful-Request-Id:
      - bc7e55277f75a5752fc844609ae3dfab
      Content-Length:
      - '1061'
      Connection:
      - Close
      Set-Cookie:
      - incap_ses_297_673446=/wi4eWn9m2AuFZXJMCgfBP0UklcAAAAAxXkbEJ0zuR70+52GQdO2Jw==;
        path=/; Domain=.contentful.com
      - nlbi_673446=xCXdU5KQrFSURIzS6lKYhQAAAAAtbQypvYIodP7mSBhpdhlM; path=/; Domain=.contentful.com
      - visid_incap_673446=Fx/x4My4St69rB+W165Yhv0UklcAAAAAQUIPAAAAAAA4dW/bwdJ5w/y+twcCeArG;
        expires=Sat, 22 Jul 2017 06:56:23 GMT; path=/; Domain=.contentful.com
      X-Iinfo:
      - 10-230202902-230202948 NNNN CT(144 147 0) RT(1469191420687 95) q(0 0 3 -1)
        r(7 7) U5
      X-Cdn:
      - Incapsula
    body:
      encoding: UTF-8
      string: |
        {
          "fields": {
            "name": {
              "en-US": "Dave"
            }
          },
          "sys": {
            "id": "dave",
            "type": "Entry",
            "createdAt": "2016-07-22T12:43:20.575Z",
            "createdBy": {
              "sys": {
                "type": "Link",
                "linkType": "User",
                "id": "4SejVrWT96dvL9IV4Nb7sQ"
              }
            },
            "space": {
              "sys": {
                "type": "Link",
                "linkType": "Space",
                "id": "dtylzsihhqsu"
              }
            },
            "contentType": {
              "sys": {
                "type": "Link",
                "linkType": "ContentType",
                "id": "author"
              }
            },
            "version": 5,
            "updatedAt": "2016-07-22T12:43:41.598Z",
            "updatedBy": {
              "sys": {
                "type": "Link",
                "linkType": "User",
                "id": "4SejVrWT96dvL9IV4Nb7sQ"
              }
            },
            "firstPublishedAt": "2016-07-22T12:43:41.598Z",
            "publishedCounter": 1,
            "publishedAt": "2016-07-22T12:43:41.598Z",
            "publishedBy": {
              "sys": {
                "type": "Link",
                "linkType": "User",
                "id": "4SejVrWT96dvL9IV4Nb7sQ"
              }
            },
            "publishedVersion": 4
          }
        }
    http_version: 
  recorded_at: Fri, 22 Jul 2016 12:43:41 GMT
- request:
    method: get
    uri: https://api.contentful.com/spaces/dtylzsihhqsu/environments/master/entries/pie_entry
    body:
      encoding: US-ASCII
      string: ''
    headers:
      User-Agent:
      - ContentfulBootstrap/3.2.0
      Authorization:
      - Bearer foobar
      Content-Type:
      - application/vnd.contentful.management.v1+json
      Content-Length:
      - '0'
      Connection:
      - close
      Host:
      - api.contentful.com
  response:
    status:
      code: 200
      message: OK
    headers:
      Access-Control-Allow-Headers:
      - Accept,Accept-Language,Authorization,Cache-Control,Content-Length,Content-Range,Content-Type,DNT,Destination,Expires,If-Match,If-Modified-Since,If-None-Match,Keep-Alive,Last-Modified,Origin,Pragma,Range,User-Agent,X-Http-Method-Override,X-Mx-ReqToken,X-Requested-With,X-Contentful-Version,X-Contentful-Content-Type,X-Contentful-Organization,X-Contentful-Skip-Transformation,X-Contentful-User-Agent
      Access-Control-Allow-Methods:
      - DELETE,GET,HEAD,POST,PUT,OPTIONS
      Access-Control-Allow-Origin:
      - "*"
      Access-Control-Expose-Headers:
      - Etag
      Access-Control-Max-Age:
      - '1728000'
      Cf-Space-Id:
      - dtylzsihhqsu
      Content-Type:
      - application/vnd.contentful.management.v1+json
      Date:
      - Fri, 22 Jul 2016 12:43:42 GMT
      Etag:
      - '"661aa7b29e4b9011c869153e6e83124a"'
      Server:
      - Contentful
      Strict-Transport-Security:
      - max-age=15768000
      X-Content-Type-Options:
      - nosniff
      X-Contentful-Request-Id:
      - efdc3d9e6bf5d85011713ef6942675f8
      Content-Length:
      - '936'
      Connection:
      - Close
      Set-Cookie:
      - incap_ses_297_673446=shEKbFuu3laKFpXJMCgfBP4UklcAAAAA/uJks399yZW2Lh5FJeW5mQ==;
        path=/; Domain=.contentful.com
      - nlbi_673446=5Ia5bezr/Q2B6ZNW6lKYhQAAAAB+paXDDrwvATM03nr/K02C; path=/; Domain=.contentful.com
      - visid_incap_673446=ugcdswMrQ3uYMEM4dOpvo/4UklcAAAAAQUIPAAAAAAAiKedVIIh0xXEjjF8r3jiv;
        expires=Sat, 22 Jul 2017 06:56:23 GMT; path=/; Domain=.contentful.com
      X-Iinfo:
      - 7-177343532-177343552 NNNN CT(165 171 0) RT(1469191421554 99) q(0 0 3 -1)
        r(6 6) U5
      X-Cdn:
      - Incapsula
    body:
      encoding: UTF-8
      string: |
        {
          "fields": {
            "title": {
              "en-US": "A Pie in the Sky"
            },
            "photo": {
              "en-US": {
                "sys": {
                  "type": "Link",
                  "linkType": "Asset",
                  "id": "pie"
                }
              }
            }
          },
          "sys": {
            "id": "pie_entry",
            "type": "Entry",
            "createdAt": "2016-07-22T12:43:22.860Z",
            "createdBy": {
              "sys": {
                "type": "Link",
                "linkType": "User",
                "id": "4SejVrWT96dvL9IV4Nb7sQ"
              }
            },
            "space": {
              "sys": {
                "type": "Link",
                "linkType": "Space",
                "id": "dtylzsihhqsu"
              }
            },
            "contentType": {
              "sys": {
                "type": "Link",
                "linkType": "ContentType",
                "id": "image"
              }
            },
            "version": 4,
            "updatedAt": "2016-07-22T12:43:32.912Z",
            "updatedBy": {
              "sys": {
                "type": "Link",
                "linkType": "User",
                "id": "4SejVrWT96dvL9IV4Nb7sQ"
              }
            }
          }
        }
    http_version: 
  recorded_at: Fri, 22 Jul 2016 12:43:42 GMT
- request:
    method: put
    uri: https://api.contentful.com/spaces/dtylzsihhqsu/environments/master/entries/pie_entry/published
    body:
      encoding: US-ASCII
      string: ''
    headers:
      User-Agent:
      - ContentfulBootstrap/3.2.0
      Authorization:
      - Bearer foobar
      Content-Type:
      - application/vnd.contentful.management.v1+json
      X-Contentful-Version:
      - '4'
      Content-Length:
      - '0'
      Connection:
      - close
      Host:
      - api.contentful.com
  response:
    status:
      code: 200
      message: OK
    headers:
      Access-Control-Allow-Headers:
      - Accept,Accept-Language,Authorization,Cache-Control,Content-Length,Content-Range,Content-Type,DNT,Destination,Expires,If-Match,If-Modified-Since,If-None-Match,Keep-Alive,Last-Modified,Origin,Pragma,Range,User-Agent,X-Http-Method-Override,X-Mx-ReqToken,X-Requested-With,X-Contentful-Version,X-Contentful-Content-Type,X-Contentful-Organization,X-Contentful-Skip-Transformation,X-Contentful-User-Agent
      Access-Control-Allow-Methods:
      - DELETE,GET,HEAD,POST,PUT,OPTIONS
      Access-Control-Allow-Origin:
      - "*"
      Access-Control-Expose-Headers:
      - Etag
      Access-Control-Max-Age:
      - '1728000'
      Cf-Space-Id:
      - dtylzsihhqsu
      Content-Type:
      - application/vnd.contentful.management.v1+json
      Date:
      - Fri, 22 Jul 2016 12:43:43 GMT
      Etag:
      - '"c7ca616a2f91c3ae9ab69b782c5e006f"'
      Server:
      - Contentful
      Strict-Transport-Security:
      - max-age=15768000
      X-Content-Type-Options:
      - nosniff
      X-Contentful-Request-Id:
      - 679e6017addc16e94c28c09463bd2e38
      Content-Length:
      - '1231'
      Connection:
      - Close
      Set-Cookie:
      - incap_ses_297_673446=TAG1FbzLKGBGGJXJMCgfBP8UklcAAAAA4Zebqy1VqYpqYkqnrIj4cg==;
        path=/; Domain=.contentful.com
      - nlbi_673446=tIQCAWOOM3rG7ZIh6lKYhQAAAAAPO6DceLdgL8Xz7SLS8o9p; path=/; Domain=.contentful.com
      - visid_incap_673446=ejnQT10gRf2evtscF3KqX/8UklcAAAAAQUIPAAAAAACZTM4XanJbWh/yEJUTlUw2;
        expires=Sat, 22 Jul 2017 06:56:23 GMT; path=/; Domain=.contentful.com
      X-Iinfo:
      - 6-153699236-153699261 NNNN CT(163 161 0) RT(1469191422322 91) q(0 0 3 -1)
        r(7 7) U5
      X-Cdn:
      - Incapsula
    body:
      encoding: UTF-8
      string: |
        {
          "fields": {
            "title": {
              "en-US": "A Pie in the Sky"
            },
            "photo": {
              "en-US": {
                "sys": {
                  "type": "Link",
                  "linkType": "Asset",
                  "id": "pie"
                }
              }
            }
          },
          "sys": {
            "id": "pie_entry",
            "type": "Entry",
            "createdAt": "2016-07-22T12:43:22.860Z",
            "createdBy": {
              "sys": {
                "type": "Link",
                "linkType": "User",
                "id": "4SejVrWT96dvL9IV4Nb7sQ"
              }
            },
            "space": {
              "sys": {
                "type": "Link",
                "linkType": "Space",
                "id": "dtylzsihhqsu"
              }
            },
            "contentType": {
              "sys": {
                "type": "Link",
                "linkType": "ContentType",
                "id": "image"
              }
            },
            "version": 5,
            "updatedAt": "2016-07-22T12:43:43.351Z",
            "updatedBy": {
              "sys": {
                "type": "Link",
                "linkType": "User",
                "id": "4SejVrWT96dvL9IV4Nb7sQ"
              }
            },
            "firstPublishedAt": "2016-07-22T12:43:43.351Z",
            "publishedCounter": 1,
            "publishedAt": "2016-07-22T12:43:43.351Z",
            "publishedBy": {
              "sys": {
                "type": "Link",
                "linkType": "User",
                "id": "4SejVrWT96dvL9IV4Nb7sQ"
              }
            },
            "publishedVersion": 4
          }
        }
    http_version: 
  recorded_at: Fri, 22 Jul 2016 12:43:43 GMT
- request:
    method: get
    uri: https://api.contentful.com/spaces/dtylzsihhqsu/environments/master/entries/flower_entry
    body:
      encoding: US-ASCII
      string: ''
    headers:
      User-Agent:
      - ContentfulBootstrap/3.2.0
      Authorization:
      - Bearer foobar
      Content-Type:
      - application/vnd.contentful.management.v1+json
      Content-Length:
      - '0'
      Connection:
      - close
      Host:
      - api.contentful.com
  response:
    status:
      code: 200
      message: OK
    headers:
      Access-Control-Allow-Headers:
      - Accept,Accept-Language,Authorization,Cache-Control,Content-Length,Content-Range,Content-Type,DNT,Destination,Expires,If-Match,If-Modified-Since,If-None-Match,Keep-Alive,Last-Modified,Origin,Pragma,Range,User-Agent,X-Http-Method-Override,X-Mx-ReqToken,X-Requested-With,X-Contentful-Version,X-Contentful-Content-Type,X-Contentful-Organization,X-Contentful-Skip-Transformation,X-Contentful-User-Agent
      Access-Control-Allow-Methods:
      - DELETE,GET,HEAD,POST,PUT,OPTIONS
      Access-Control-Allow-Origin:
      - "*"
      Access-Control-Expose-Headers:
      - Etag
      Access-Control-Max-Age:
      - '1728000'
      Cf-Space-Id:
      - dtylzsihhqsu
      Content-Type:
      - application/vnd.contentful.management.v1+json
      Date:
      - Fri, 22 Jul 2016 12:43:44 GMT
      Etag:
      - '"2daf5a02c8deee54781447a59731341b"'
      Server:
      - Contentful
      Strict-Transport-Security:
      - max-age=15768000
      X-Content-Type-Options:
      - nosniff
      X-Contentful-Request-Id:
      - ac4452adbb5efb8e6f0ae4fbad346e4d
      Content-Length:
      - '936'
      Connection:
      - Close
      Set-Cookie:
      - incap_ses_297_673446=elc+LI7UChywGZXJMCgfBP8UklcAAAAADHBhFwXM1E+9YjWWPRsapg==;
        path=/; Domain=.contentful.com
      - nlbi_673446=KkIUHuzX6l6BzVUv6lKYhQAAAACJe+CuyNUwswV/n57ERQ8U; path=/; Domain=.contentful.com
      - visid_incap_673446=btoQ8qlrRRicpCeY522K4/8UklcAAAAAQUIPAAAAAACv2kuZNwTHBsOQQDSFK0/c;
        expires=Sat, 22 Jul 2017 06:56:09 GMT; path=/; Domain=.contentful.com
      X-Iinfo:
      - 4-147376720-147376746 NNNN CT(161 163 0) RT(1469191423304 93) q(0 0 4 -1)
        r(6 6) U5
      X-Cdn:
      - Incapsula
    body:
      encoding: UTF-8
      string: |
        {
          "fields": {
            "title": {
              "en-US": "The Flower"
            },
            "photo": {
              "en-US": {
                "sys": {
                  "type": "Link",
                  "linkType": "Asset",
                  "id": "flower"
                }
              }
            }
          },
          "sys": {
            "id": "flower_entry",
            "type": "Entry",
            "createdAt": "2016-07-22T12:43:24.408Z",
            "createdBy": {
              "sys": {
                "type": "Link",
                "linkType": "User",
                "id": "4SejVrWT96dvL9IV4Nb7sQ"
              }
            },
            "space": {
              "sys": {
                "type": "Link",
                "linkType": "Space",
                "id": "dtylzsihhqsu"
              }
            },
            "contentType": {
              "sys": {
                "type": "Link",
                "linkType": "ContentType",
                "id": "image"
              }
            },
            "version": 4,
            "updatedAt": "2016-07-22T12:43:36.243Z",
            "updatedBy": {
              "sys": {
                "type": "Link",
                "linkType": "User",
                "id": "4SejVrWT96dvL9IV4Nb7sQ"
              }
            }
          }
        }
    http_version: 
  recorded_at: Fri, 22 Jul 2016 12:43:44 GMT
- request:
    method: put
    uri: https://api.contentful.com/spaces/dtylzsihhqsu/environments/master/entries/flower_entry/published
    body:
      encoding: US-ASCII
      string: ''
    headers:
      User-Agent:
      - ContentfulBootstrap/3.2.0
      Authorization:
      - Bearer foobar
      Content-Type:
      - application/vnd.contentful.management.v1+json
      X-Contentful-Version:
      - '4'
      Content-Length:
      - '0'
      Connection:
      - close
      Host:
      - api.contentful.com
  response:
    status:
      code: 200
      message: OK
    headers:
      Access-Control-Allow-Headers:
      - Accept,Accept-Language,Authorization,Cache-Control,Content-Length,Content-Range,Content-Type,DNT,Destination,Expires,If-Match,If-Modified-Since,If-None-Match,Keep-Alive,Last-Modified,Origin,Pragma,Range,User-Agent,X-Http-Method-Override,X-Mx-ReqToken,X-Requested-With,X-Contentful-Version,X-Contentful-Content-Type,X-Contentful-Organization,X-Contentful-Skip-Transformation,X-Contentful-User-Agent
      Access-Control-Allow-Methods:
      - DELETE,GET,HEAD,POST,PUT,OPTIONS
      Access-Control-Allow-Origin:
      - "*"
      Access-Control-Expose-Headers:
      - Etag
      Access-Control-Max-Age:
      - '1728000'
      Cf-Space-Id:
      - dtylzsihhqsu
      Content-Type:
      - application/vnd.contentful.management.v1+json
      Date:
      - Fri, 22 Jul 2016 12:43:45 GMT
      Etag:
      - '"4088caff79a5d0ddc8c580c0837d3d1c"'
      Server:
      - Contentful
      Strict-Transport-Security:
      - max-age=15768000
      X-Content-Type-Options:
      - nosniff
      X-Contentful-Request-Id:
      - c694c57660c5ca7bb77271ecafb46fca
      Content-Length:
      - '1231'
      Connection:
      - Close
      Set-Cookie:
      - incap_ses_297_673446=Qx4sIfBqqVlrG5XJMCgfBAEVklcAAAAALjlosyBXIUI7rXpLS52NrQ==;
        path=/; Domain=.contentful.com
      - nlbi_673446=2PhsLYBeoyRKtQpz6lKYhQAAAADI/QQuyKjyRUDclGBp+j/M; path=/; Domain=.contentful.com
      - visid_incap_673446=P/hq7ojxSrS7zWCZ1h+BWQEVklcAAAAAQUIPAAAAAABezAAQPUivua9gBHl/Td/+;
        expires=Sat, 22 Jul 2017 06:56:23 GMT; path=/; Domain=.contentful.com
      X-Iinfo:
      - 2-110078693-110078709 NNNN CT(161 162 0) RT(1469191424130 97) q(0 0 3 -1)
        r(8 8) U5
      X-Cdn:
      - Incapsula
    body:
      encoding: UTF-8
      string: |
        {
          "fields": {
            "title": {
              "en-US": "The Flower"
            },
            "photo": {
              "en-US": {
                "sys": {
                  "type": "Link",
                  "linkType": "Asset",
                  "id": "flower"
                }
              }
            }
          },
          "sys": {
            "id": "flower_entry",
            "type": "Entry",
            "createdAt": "2016-07-22T12:43:24.408Z",
            "createdBy": {
              "sys": {
                "type": "Link",
                "linkType": "User",
                "id": "4SejVrWT96dvL9IV4Nb7sQ"
              }
            },
            "space": {
              "sys": {
                "type": "Link",
                "linkType": "Space",
                "id": "dtylzsihhqsu"
              }
            },
            "contentType": {
              "sys": {
                "type": "Link",
                "linkType": "ContentType",
                "id": "image"
              }
            },
            "version": 5,
            "updatedAt": "2016-07-22T12:43:45.115Z",
            "updatedBy": {
              "sys": {
                "type": "Link",
                "linkType": "User",
                "id": "4SejVrWT96dvL9IV4Nb7sQ"
              }
            },
            "firstPublishedAt": "2016-07-22T12:43:45.115Z",
            "publishedCounter": 1,
            "publishedAt": "2016-07-22T12:43:45.115Z",
            "publishedBy": {
              "sys": {
                "type": "Link",
                "linkType": "User",
                "id": "4SejVrWT96dvL9IV4Nb7sQ"
              }
            },
            "publishedVersion": 4
          }
        }
    http_version: 
  recorded_at: Fri, 22 Jul 2016 12:43:45 GMT
- request:
    method: get
    uri: https://api.contentful.com/spaces/dtylzsihhqsu/environments/master/entries/gallery
    body:
      encoding: US-ASCII
      string: ''
    headers:
      User-Agent:
      - ContentfulBootstrap/3.2.0
      Authorization:
      - Bearer foobar
      Content-Type:
      - application/vnd.contentful.management.v1+json
      Content-Length:
      - '0'
      Connection:
      - close
      Host:
      - api.contentful.com
  response:
    status:
      code: 200
      message: OK
    headers:
      Access-Control-Allow-Headers:
      - Accept,Accept-Language,Authorization,Cache-Control,Content-Length,Content-Range,Content-Type,DNT,Destination,Expires,If-Match,If-Modified-Since,If-None-Match,Keep-Alive,Last-Modified,Origin,Pragma,Range,User-Agent,X-Http-Method-Override,X-Mx-ReqToken,X-Requested-With,X-Contentful-Version,X-Contentful-Content-Type,X-Contentful-Organization,X-Contentful-Skip-Transformation,X-Contentful-User-Agent
      Access-Control-Allow-Methods:
      - DELETE,GET,HEAD,POST,PUT,OPTIONS
      Access-Control-Allow-Origin:
      - "*"
      Access-Control-Expose-Headers:
      - Etag
      Access-Control-Max-Age:
      - '1728000'
      Cf-Space-Id:
      - dtylzsihhqsu
      Content-Type:
      - application/vnd.contentful.management.v1+json
      Date:
      - Fri, 22 Jul 2016 12:43:46 GMT
      Etag:
      - '"e43c501a89b9347bb99762d0e7315645"'
      Server:
      - Contentful
      Strict-Transport-Security:
      - max-age=15768000
      X-Content-Type-Options:
      - nosniff
      X-Contentful-Request-Id:
      - 0794d1141912bebf48a85ea4880309de
      Content-Length:
      - '1271'
      Connection:
      - Close
      Set-Cookie:
      - incap_ses_297_673446=GwtsPgYwJGbFHJXJMCgfBAEVklcAAAAASnZ+/g6xHSXwiYax+ieukw==;
        path=/; Domain=.contentful.com
      - nlbi_673446=cyP9T9YcCj+dKVtw6lKYhQAAAACubRII9NgJ7Kb3OvN4rR6f; path=/; Domain=.contentful.com
      - visid_incap_673446=KX3Dp+SkRiqYr5dmZ7/c6gEVklcAAAAAQUIPAAAAAABS5b7VP0cY9iQZrBSGaml1;
        expires=Sat, 22 Jul 2017 06:56:23 GMT; path=/; Domain=.contentful.com
      X-Iinfo:
      - 8-196049635-196049668 NNNN CT(159 165 0) RT(1469191425145 100) q(0 0 3 -1)
        r(6 6) U5
      X-Cdn:
      - Incapsula
    body:
      encoding: UTF-8
      string: |
        {
          "fields": {
            "images": {
              "en-US": [
                {
                  "sys": {
                    "type": "Link",
                    "linkType": "Entry",
                    "id": "pie_entry"
                  }
                },
                {
                  "sys": {
                    "type": "Link",
                    "linkType": "Entry",
                    "id": "flower_entry"
                  }
                }
              ]
            },
            "title": {
              "en-US": "Photo Gallery"
            },
            "author": {
              "en-US": {
                "sys": {
                  "type": "Link",
                  "linkType": "Entry",
                  "id": "dave"
                }
              }
            }
          },
          "sys": {
            "id": "gallery",
            "type": "Entry",
            "createdAt": "2016-07-22T12:43:26.664Z",
            "createdBy": {
              "sys": {
                "type": "Link",
                "linkType": "User",
                "id": "4SejVrWT96dvL9IV4Nb7sQ"
              }
            },
            "space": {
              "sys": {
                "type": "Link",
                "linkType": "Space",
                "id": "dtylzsihhqsu"
              }
            },
            "contentType": {
              "sys": {
                "type": "Link",
                "linkType": "ContentType",
                "id": "gallery"
              }
            },
            "version": 4,
            "updatedAt": "2016-07-22T12:43:39.300Z",
            "updatedBy": {
              "sys": {
                "type": "Link",
                "linkType": "User",
                "id": "4SejVrWT96dvL9IV4Nb7sQ"
              }
            }
          }
        }
    http_version: 
  recorded_at: Fri, 22 Jul 2016 12:43:46 GMT
- request:
    method: put
    uri: https://api.contentful.com/spaces/dtylzsihhqsu/environments/master/entries/gallery/published
    body:
      encoding: US-ASCII
      string: ''
    headers:
      User-Agent:
      - ContentfulBootstrap/3.2.0
      Authorization:
      - Bearer foobar
      Content-Type:
      - application/vnd.contentful.management.v1+json
      X-Contentful-Version:
      - '4'
      Content-Length:
      - '0'
      Connection:
      - close
      Host:
      - api.contentful.com
  response:
    status:
      code: 200
      message: OK
    headers:
      Access-Control-Allow-Headers:
      - Accept,Accept-Language,Authorization,Cache-Control,Content-Length,Content-Range,Content-Type,DNT,Destination,Expires,If-Match,If-Modified-Since,If-None-Match,Keep-Alive,Last-Modified,Origin,Pragma,Range,User-Agent,X-Http-Method-Override,X-Mx-ReqToken,X-Requested-With,X-Contentful-Version,X-Contentful-Content-Type,X-Contentful-Organization,X-Contentful-Skip-Transformation,X-Contentful-User-Agent
      Access-Control-Allow-Methods:
      - DELETE,GET,HEAD,POST,PUT,OPTIONS
      Access-Control-Allow-Origin:
      - "*"
      Access-Control-Expose-Headers:
      - Etag
      Access-Control-Max-Age:
      - '1728000'
      Cf-Space-Id:
      - dtylzsihhqsu
      Content-Type:
      - application/vnd.contentful.management.v1+json
      Date:
      - Fri, 22 Jul 2016 12:43:47 GMT
      Etag:
      - '"d544f53dd4217dc47c648855f186e786"'
      Server:
      - Contentful
      Strict-Transport-Security:
      - max-age=15768000
      X-Content-Type-Options:
      - nosniff
      X-Contentful-Request-Id:
      - 25631bf2cbb7f016e5fcf2fbf7e78179
      Content-Length:
      - '1566'
      Connection:
      - Close
      Set-Cookie:
      - incap_ses_297_673446=6tSlNKGVdT9GHpXJMCgfBAIVklcAAAAAbAhEvotsh0IKKuMhBRkhXw==;
        path=/; Domain=.contentful.com
      - nlbi_673446=+lCGQRq5XQmZamOs6lKYhQAAAAAIXgRdrX3KBxXYyJ1su1xD; path=/; Domain=.contentful.com
      - visid_incap_673446=TtCfmHK/T6+N3in5yjaoOAIVklcAAAAAQUIPAAAAAADNlcZSkbN4OwfHtKPvQ2OG;
        expires=Sat, 22 Jul 2017 06:56:09 GMT; path=/; Domain=.contentful.com
      X-Iinfo:
      - 4-147377317-147377341 NNNN CT(143 142 0) RT(1469191425917 92) q(0 0 2 -1)
        r(6 6) U5
      X-Cdn:
      - Incapsula
    body:
      encoding: UTF-8
      string: |
        {
          "fields": {
            "images": {
              "en-US": [
                {
                  "sys": {
                    "type": "Link",
                    "linkType": "Entry",
                    "id": "pie_entry"
                  }
                },
                {
                  "sys": {
                    "type": "Link",
                    "linkType": "Entry",
                    "id": "flower_entry"
                  }
                }
              ]
            },
            "title": {
              "en-US": "Photo Gallery"
            },
            "author": {
              "en-US": {
                "sys": {
                  "type": "Link",
                  "linkType": "Entry",
                  "id": "dave"
                }
              }
            }
          },
          "sys": {
            "id": "gallery",
            "type": "Entry",
            "createdAt": "2016-07-22T12:43:26.664Z",
            "createdBy": {
              "sys": {
                "type": "Link",
                "linkType": "User",
                "id": "4SejVrWT96dvL9IV4Nb7sQ"
              }
            },
            "space": {
              "sys": {
                "type": "Link",
                "linkType": "Space",
                "id": "dtylzsihhqsu"
              }
            },
            "contentType": {
              "sys": {
                "type": "Link",
                "linkType": "ContentType",
                "id": "gallery"
              }
            },
            "version": 5,
            "updatedAt": "2016-07-22T12:43:46.876Z",
            "updatedBy": {
              "sys": {
                "type": "Link",
                "linkType": "User",
                "id": "4SejVrWT96dvL9IV4Nb7sQ"
              }
            },
            "firstPublishedAt": "2016-07-22T12:43:46.876Z",
            "publishedCounter": 1,
            "publishedAt": "2016-07-22T12:43:46.876Z",
            "publishedBy": {
              "sys": {
                "type": "Link",
                "linkType": "User",
                "id": "4SejVrWT96dvL9IV4Nb7sQ"
              }
            },
            "publishedVersion": 4
          }
        }
    http_version: 
  recorded_at: Fri, 22 Jul 2016 12:43:47 GMT
- request:
    method: post
    uri: https://api.contentful.com/spaces/dtylzsihhqsu/api_keys
    body:
      encoding: UTF-8
      string: '{"name":"Bootstrap Token","description":"Created with ''contentful_bootstrap.rb
        v3.2.0''"}'
    headers:
      User-Agent:
      - ContentfulBootstrap/3.2.0
      Authorization:
      - Bearer foobar
      Content-Type:
      - application/vnd.contentful.management.v1+json
      Connection:
      - close
      Host:
      - api.contentful.com
  response:
    status:
      code: 201
      message: Created
    headers:
      Accept-Ranges:
      - bytes
      Access-Control-Allow-Headers:
      - Accept,Accept-Language,Authorization,Cache-Control,Content-Length,Content-Range,Content-Type,DNT,Destination,Expires,If-Match,If-Modified-Since,If-None-Match,Keep-Alive,Last-Modified,Origin,Pragma,Range,User-Agent,X-Http-Method-Override,X-Mx-ReqToken,X-Requested-With,X-Contentful-Version,X-Contentful-Content-Type,X-Contentful-Organization,X-Contentful-Skip-Transformation,X-Contentful-User-Agent
      Access-Control-Allow-Methods:
      - DELETE,GET,HEAD,POST,PUT,OPTIONS
      Access-Control-Allow-Origin:
      - "*"
      Access-Control-Expose-Headers:
      - Etag
      Access-Control-Max-Age:
      - '1728000'
      Cache-Control:
      - max-age=0
      Content-Type:
      - application/vnd.contentful.management.v1+json
      Date:
      - Fri, 22 Jul 2016 12:43:48 GMT
      Etag:
      - '"c38dd4260f8e9d910934e605163415a3"'
      Location:
      - https://api.contentful.com/spaces/dtylzsihhqsu/api_keys/6GtzQKZ2wryulZdmAb60yZ
      Server:
      - Contentful
      Status:
      - 201 Created
      Strict-Transport-Security:
      - max-age=15768000
      X-Content-Type-Options:
      - nosniff
      X-Contentful-Request-Id:
      - 09fdcf2f86e896c328e3c90185aadb12
      Content-Length:
      - '954'
      Connection:
      - Close
      Set-Cookie:
      - incap_ses_297_673446=9u8CD9y+UAEdIJXJMCgfBAMVklcAAAAA0xrM4p8ZCQd0ExoM16gwCg==;
        path=/; Domain=.contentful.com
      - nlbi_673446=10U7ZakAyhhpd4O56lKYhQAAAADJdAYW6GwB5CoZ0N+Zgm2p; path=/; Domain=.contentful.com
      - visid_incap_673446=8Q9Bd3WlQ6uAwouHoS0cEwMVklcAAAAAQUIPAAAAAACdtNd9TCTdTEZjuNRsCmFA;
        expires=Sat, 22 Jul 2017 06:56:23 GMT; path=/; Domain=.contentful.com
      X-Iinfo:
      - 6-153700504-153700523 NNNN CT(142 143 0) RT(1469191426889 93) q(0 0 3 -1)
        r(9 9) U5
      X-Cdn:
      - Incapsula
    body:
      encoding: UTF-8
      string: |+
        {
          "name":"Bootstrap Token",
          "description":"Created with 'contentful_bootstrap.rb v3.2.0'",
          "accessToken":"c6357fd93f5686ac7a2695d2f9bfd971109d981b1d2321ab45792e43ec37d76f",
          "policies":[
            {
              "effect":"allow",
              "actions":"all"
            }
          ],
          "sys":{
            "type":"ApiKey",
            "id":"6GtzQKZ2wryulZdmAb60yZ",
            "version":0,
            "space":{
              "sys":{
                "type":"Link",
                "linkType":"Space",
                "id":"dtylzsihhqsu"
              }
            },
            "createdBy":{
              "sys":{
                "type":"Link",
                "linkType":"User",
                "id":"4SejVrWT96dvL9IV4Nb7sQ"
              }
            },
            "createdAt":"2016-07-22T12:43:47Z",
            "updatedBy":{
              "sys":{
                "type":"Link",
                "linkType":"User",
                "id":"4SejVrWT96dvL9IV4Nb7sQ"
              }
            },
            "updatedAt":"2016-07-22T12:43:47Z"
          },
          "preview_api_key":{
            "sys":{
              "type":"Link",
              "linkType":"PreviewApiKey",
              "id":"6GuVtYAO1WZlXnJJCt7LcZ"
            }
          }
        }

    http_version: 
  recorded_at: Fri, 22 Jul 2016 12:43:48 GMT
recorded_with: VCR 2.9.3
